2026/04/23 20:33:46 test_test.go:168: [info] === Test: unreliable net, many clients (3B) ===
2026/04/23 20:33:46.845756 node.go:193: [info] start raft store node, storeID: 1
2026/04/23 20:33:46.846214 peer.go:41: [info] region id:1 region_epoch:<conf_ver:1 version:1 > peers:<id:1 store_id:1 > peers:<id:2 store_id:2 > peers:<id:3 store_id:3 > peers:<id:4 store_id:4 > peers:<id:5 store_id:5 >  create peer with ID 1
2026/04/23 20:33:46.846308 raftstore.go:174: [info] start store 1, region_count 1, tombstone_count 0, takes 318.083µs
2026/04/23 20:33:46.846491 node.go:193: [info] start raft store node, storeID: 2
2026/04/23 20:33:46.846664 peer.go:41: [info] region id:1 region_epoch:<conf_ver:1 version:1 > peers:<id:1 store_id:1 > peers:<id:2 store_id:2 > peers:<id:3 store_id:3 > peers:<id:4 store_id:4 > peers:<id:5 store_id:5 >  create peer with ID 2
2026/04/23 20:33:46.846694 raftstore.go:174: [info] start store 2, region_count 1, tombstone_count 0, takes 49.458µs
2026/04/23 20:33:46.846733 node.go:193: [info] start raft store node, storeID: 3
2026/04/23 20:33:46.846854 peer.go:41: [info] region id:1 region_epoch:<conf_ver:1 version:1 > peers:<id:1 store_id:1 > peers:<id:2 store_id:2 > peers:<id:3 store_id:3 > peers:<id:4 store_id:4 > peers:<id:5 store_id:5 >  create peer with ID 3
2026/04/23 20:33:46.846878 raftstore.go:174: [info] start store 3, region_count 1, tombstone_count 0, takes 37.208µs
2026/04/23 20:33:46.846924 node.go:193: [info] start raft store node, storeID: 4
2026/04/23 20:33:46.847027 peer.go:41: [info] region id:1 region_epoch:<conf_ver:1 version:1 > peers:<id:1 store_id:1 > peers:<id:2 store_id:2 > peers:<id:3 store_id:3 > peers:<id:4 store_id:4 > peers:<id:5 store_id:5 >  create peer with ID 4
2026/04/23 20:33:46.847048 raftstore.go:174: [info] start store 4, region_count 1, tombstone_count 0, takes 33.834µs
2026/04/23 20:33:46.847081 node.go:193: [info] start raft store node, storeID: 5
2026/04/23 20:33:46.847164 peer.go:41: [info] region id:1 region_epoch:<conf_ver:1 version:1 > peers:<id:1 store_id:1 > peers:<id:2 store_id:2 > peers:<id:3 store_id:3 > peers:<id:4 store_id:4 > peers:<id:5 store_id:5 >  create peer with ID 5
2026/04/23 20:33:46.847183 raftstore.go:174: [info] start store 5, region_count 1, tombstone_count 0, takes 28.625µs
2026/04/23 20:33:48.346877 peer_msg_handler.go:405: [info] [region 1] 2 propose admin cmd type=ChangePeer
2026/04/23 20:33:48.346905 peer_msg_handler.go:434: [info] [region 1] 2 propose conf change change_type:RemoveNode peer:<id:1 store_id:1 > 
2026/04/23 20:33:48.346914 peer_msg_handler.go:453: [info] [region 1] 2 conf change change_type:RemoveNode peer:<id:1 store_id:1 > : peerExists=true currentPeers=[id:1 store_id:1  id:2 store_id:2  id:3 store_id:3  id:4 store_id:4  id:5 store_id:5 ]
2026/04/23 20:33:48.347345 peer_msg_handler.go:193: [info] [region 1] 1 applyConfChange index=5366 type=RemoveNode nodeId=1
2026/04/23 20:33:48.347363 peer_msg_handler.go:193: [info] [region 1] 3 applyConfChange index=5366 type=RemoveNode nodeId=1
2026/04/23 20:33:48.347358 peer_msg_handler.go:193: [info] [region 1] 4 applyConfChange index=5366 type=RemoveNode nodeId=1
2026/04/23 20:33:48.347377 peer_msg_handler.go:279: [info] [region 1] 4 applyConfChange EPOCH AFTER: confVer=2 version=1 peers=[id:2 store_id:2  id:3 store_id:3  id:4 store_id:4  id:5 store_id:5 ] changed=true
2026/04/23 20:33:48.347346 peer_msg_handler.go:193: [info] [region 1] 2 applyConfChange index=5366 type=RemoveNode nodeId=1
2026/04/23 20:33:48.347386 peer_msg_handler.go:279: [info] [region 1] 2 applyConfChange EPOCH AFTER: confVer=2 version=1 peers=[id:2 store_id:2  id:3 store_id:3  id:4 store_id:4  id:5 store_id:5 ] changed=true
2026/04/23 20:33:48.347364 peer_msg_handler.go:193: [info] [region 1] 5 applyConfChange index=5366 type=RemoveNode nodeId=1
2026/04/23 20:33:48.347375 peer_msg_handler.go:279: [info] [region 1] 3 applyConfChange EPOCH AFTER: confVer=2 version=1 peers=[id:2 store_id:2  id:3 store_id:3  id:4 store_id:4  id:5 store_id:5 ] changed=true
2026/04/23 20:33:48.347399 peer_msg_handler.go:279: [info] [region 1] 5 applyConfChange EPOCH AFTER: confVer=2 version=1 peers=[id:2 store_id:2  id:3 store_id:3  id:4 store_id:4  id:5 store_id:5 ] changed=true
2026/04/23 20:33:48.347420 peer_msg_handler.go:743: [info] [region 1] 1 starts destroy
2026/04/23 20:33:48.347424 peer.go:203: [info] [region 1] 1 begin to destroy
2026/04/23 20:33:48.347422 peer_msg_handler.go:955: [info] [region 1] 4 sending heartbeat to scheduler: confVer=2 version=1 peerCount=4
2026/04/23 20:33:48.347439 peer_msg_handler.go:955: [info] [region 1] 2 sending heartbeat to scheduler: confVer=2 version=1 peerCount=4
2026/04/23 20:33:48.347458 peer_msg_handler.go:955: [info] [region 1] 5 sending heartbeat to scheduler: confVer=2 version=1 peerCount=4
2026/04/23 20:33:48.347470 peer_msg_handler.go:655: [info] [region 1] raft message MsgHeartbeat is stale, current conf_ver:2 version:1  ignore it
2026/04/23 20:33:48.347462 peer_msg_handler.go:955: [info] [region 1] 3 sending heartbeat to scheduler: confVer=2 version=1 peerCount=4
2026/04/23 20:33:48.347479 peer_msg_handler.go:655: [info] [region 1] raft message MsgHeartbeat is stale, current conf_ver:2 version:1  ignore it
2026/04/23 20:33:48.347538 peer_msg_handler.go:655: [info] [region 1] raft message MsgAppendResponse is stale, current conf_ver:2 version:1  ignore it
2026/04/23 20:33:48.347542 peer_msg_handler.go:655: [info] [region 1] raft message MsgAppendResponse is stale, current conf_ver:2 version:1  ignore it
2026/04/23 20:33:48.347547 peer_msg_handler.go:655: [info] [region 1] raft message MsgAppendResponse is stale, current conf_ver:2 version:1  ignore it
2026/04/23 20:33:48.347549 peer_msg_handler.go:655: [info] [region 1] raft message MsgAppendResponse is stale, current conf_ver:2 version:1  ignore it
2026/04/23 20:33:48.347552 peer_msg_handler.go:655: [info] [region 1] raft message MsgHeartbeat is stale, current conf_ver:2 version:1  ignore it
2026/04/23 20:33:48.347614 peer_storage.go:298: [info] [region 1] clear peer 1 meta key 1 apply key 1 raft key and 5363 raft logs, takes 186.958µs
2026/04/23 20:33:48.349453 peer.go:231: [info] [region 1] 1 destroy itself, takes 2.027375ms
2026/04/23 20:33:48.350756 region_task.go:137: [info] succeed in deleting data in range. [regionId: 1, startKey: , endKey: ]
2026/04/23 20:33:48.546912 peer_msg_handler.go:405: [info] [region 1] 2 propose admin cmd type=ChangePeer
2026/04/23 20:33:48.546930 peer_msg_handler.go:434: [info] [region 1] 2 propose conf change peer:<id:6 store_id:1 > 
2026/04/23 20:33:48.546937 peer_msg_handler.go:453: [info] [region 1] 2 conf change peer:<id:6 store_id:1 > : peerExists=false currentPeers=[id:2 store_id:2  id:3 store_id:3  id:4 store_id:4  id:5 store_id:5 ]
2026/04/23 20:33:48.547187 peer_msg_handler.go:193: [info] [region 1] 2 applyConfChange index=7800 type=AddNode nodeId=6
2026/04/23 20:33:48.547210 peer_msg_handler.go:279: [info] [region 1] 2 applyConfChange EPOCH AFTER: confVer=3 version=1 peers=[id:2 store_id:2  id:3 store_id:3  id:4 store_id:4  id:5 store_id:5  id:6 store_id:1 ] changed=true
2026/04/23 20:33:48.547224 peer_msg_handler.go:193: [info] [region 1] 3 applyConfChange index=7800 type=AddNode nodeId=6
2026/04/23 20:33:48.547232 peer_msg_handler.go:279: [info] [region 1] 3 applyConfChange EPOCH AFTER: confVer=3 version=1 peers=[id:2 store_id:2  id:3 store_id:3  id:4 store_id:4  id:5 store_id:5  id:6 store_id:1 ] changed=true
2026/04/23 20:33:48.547234 peer_msg_handler.go:193: [info] [region 1] 4 applyConfChange index=7800 type=AddNode nodeId=6
2026/04/23 20:33:48.547242 peer_msg_handler.go:279: [info] [region 1] 4 applyConfChange EPOCH AFTER: confVer=3 version=1 peers=[id:2 store_id:2  id:3 store_id:3  id:4 store_id:4  id:5 store_id:5  id:6 store_id:1 ] changed=true
2026/04/23 20:33:48.547270 peer_msg_handler.go:193: [info] [region 1] 5 applyConfChange index=7800 type=AddNode nodeId=6
2026/04/23 20:33:48.547276 peer_msg_handler.go:955: [info] [region 1] 2 sending heartbeat to scheduler: confVer=3 version=1 peerCount=5
2026/04/23 20:33:48.547278 peer_msg_handler.go:279: [info] [region 1] 5 applyConfChange EPOCH AFTER: confVer=3 version=1 peers=[id:2 store_id:2  id:3 store_id:3  id:4 store_id:4  id:5 store_id:5  id:6 store_id:1 ] changed=true
2026/04/23 20:33:48.547283 peer_storage.go:182: [info] [region 1] 2 requesting snapshot
2026/04/23 20:33:48.547285 peer_msg_handler.go:955: [info] [region 1] 3 sending heartbeat to scheduler: confVer=3 version=1 peerCount=5
2026/04/23 20:33:48.547298 peer_msg_handler.go:955: [info] [region 1] 4 sending heartbeat to scheduler: confVer=3 version=1 peerCount=5
2026/04/23 20:33:48.547324 peer_msg_handler.go:955: [info] [region 1] 5 sending heartbeat to scheduler: confVer=3 version=1 peerCount=5
2026/04/23 20:33:48.548501 snap.go:549: [info] region 1 scan snapshot /var/folders/g8/nlg22hmn3bndmnq64nc6scnw0000gn/T/test-raftstore4213235772/snap/gen_1_6_7800_(default|write|lock).sst, key count 3901, size 104777
2026/04/23 20:33:48.646979 peer_msg_handler.go:405: [info] [region 1] 2 propose admin cmd type=ChangePeer
2026/04/23 20:33:48.646992 peer_msg_handler.go:434: [info] [region 1] 2 propose conf change change_type:RemoveNode peer:<id:5 store_id:5 > 
2026/04/23 20:33:48.646993 peer.go:51: [info] [region 1] replicates peer with ID 6
2026/04/23 20:33:48.646999 peer_msg_handler.go:453: [info] [region 1] 2 conf change change_type:RemoveNode peer:<id:5 store_id:5 > : peerExists=true currentPeers=[id:2 store_id:2  id:3 store_id:3  id:4 store_id:4  id:5 store_id:5  id:6 store_id:1 ]
2026/04/23 20:33:48.647202 peer_storage.go:182: [info] [region 1] 2 requesting snapshot
2026/04/23 20:33:48.647280 peer_msg_handler.go:193: [info] [region 1] 2 applyConfChange index=8859 type=RemoveNode nodeId=5
2026/04/23 20:33:48.647288 peer_msg_handler.go:279: [info] [region 1] 2 applyConfChange EPOCH AFTER: confVer=4 version=1 peers=[id:2 store_id:2  id:3 store_id:3  id:4 store_id:4  id:6 store_id:1 ] changed=true
2026/04/23 20:33:48.647334 peer_msg_handler.go:955: [info] [region 1] 2 sending heartbeat to scheduler: confVer=4 version=1 peerCount=4
2026/04/23 20:33:48.647337 peer_msg_handler.go:193: [info] [region 1] 4 applyConfChange index=8859 type=RemoveNode nodeId=5
2026/04/23 20:33:48.647354 peer_msg_handler.go:193: [info] [region 1] 5 applyConfChange index=8859 type=RemoveNode nodeId=5
2026/04/23 20:33:48.647357 peer_msg_handler.go:279: [info] [region 1] 4 applyConfChange EPOCH AFTER: confVer=4 version=1 peers=[id:2 store_id:2  id:3 store_id:3  id:4 store_id:4  id:6 store_id:1 ] changed=true
2026/04/23 20:33:48.647398 peer_msg_handler.go:193: [info] [region 1] 3 applyConfChange index=8859 type=RemoveNode nodeId=5
2026/04/23 20:33:48.647405 peer_msg_handler.go:279: [info] [region 1] 3 applyConfChange EPOCH AFTER: confVer=4 version=1 peers=[id:2 store_id:2  id:3 store_id:3  id:4 store_id:4  id:6 store_id:1 ] changed=true
2026/04/23 20:33:48.647413 peer_msg_handler.go:955: [info] [region 1] 4 sending heartbeat to scheduler: confVer=4 version=1 peerCount=4
2026/04/23 20:33:48.647415 peer_msg_handler.go:743: [info] [region 1] 5 starts destroy
2026/04/23 20:33:48.647431 peer.go:203: [info] [region 1] 5 begin to destroy
2026/04/23 20:33:48.647465 peer_msg_handler.go:955: [info] [region 1] 3 sending heartbeat to scheduler: confVer=4 version=1 peerCount=4
2026/04/23 20:33:48.647499 peer_msg_handler.go:655: [info] [region 1] raft message MsgAppendResponse is stale, current conf_ver:4 version:1  ignore it
2026/04/23 20:33:48.647506 peer_msg_handler.go:655: [info] [region 1] raft message MsgAppendResponse is stale, current conf_ver:4 version:1  ignore it
2026/04/23 20:33:48.647513 peer_msg_handler.go:655: [info] [region 1] raft message MsgAppendResponse is stale, current conf_ver:4 version:1  ignore it
2026/04/23 20:33:48.647515 peer_msg_handler.go:655: [info] [region 1] raft message MsgAppendResponse is stale, current conf_ver:4 version:1  ignore it
2026/04/23 20:33:48.647520 peer_msg_handler.go:655: [info] [region 1] raft message MsgAppendResponse is stale, current conf_ver:4 version:1  ignore it
2026/04/23 20:33:48.647523 peer_msg_handler.go:655: [info] [region 1] raft message MsgAppendResponse is stale, current conf_ver:4 version:1  ignore it
2026/04/23 20:33:48.647524 peer_msg_handler.go:655: [info] [region 1] raft message MsgAppendResponse is stale, current conf_ver:4 version:1  ignore it
2026/04/23 20:33:48.647526 peer_msg_handler.go:655: [info] [region 1] raft message MsgAppendResponse is stale, current conf_ver:4 version:1  ignore it
2026/04/23 20:33:48.647527 peer_msg_handler.go:655: [info] [region 1] raft message MsgAppendResponse is stale, current conf_ver:4 version:1  ignore it
2026/04/23 20:33:48.647529 peer_msg_handler.go:655: [info] [region 1] raft message MsgHeartbeat is stale, current conf_ver:4 version:1  ignore it
2026/04/23 20:33:48.647533 peer_msg_handler.go:655: [info] [region 1] raft message MsgHeartbeat is stale, current conf_ver:4 version:1  ignore it
2026/04/23 20:33:48.647638 peer_msg_handler.go:655: [info] [region 1] raft message MsgHeartbeat is stale, current conf_ver:4 version:1  ignore it
2026/04/23 20:33:48.647787 peer_storage.go:298: [info] [region 1] clear peer 1 meta key 1 apply key 1 raft key and 8858 raft logs, takes 352.417µs
2026/04/23 20:33:48.648383 snap.go:549: [info] region 1 scan snapshot /var/folders/g8/nlg22hmn3bndmnq64nc6scnw0000gn/T/test-raftstore4213235772/snap/gen_1_6_8858_(default|write|lock).sst, key count 4445, size 119465
2026/04/23 20:33:48.648898 peer_storage.go:247: [info] [region 1] 2 snapshot epoch is stale, snapEpoch: conf_ver:3 version:1 , latestEpoch: conf_ver:4 version:1 
2026/04/23 20:33:48.648902 peer_storage.go:182: [info] [region 1] 2 requesting snapshot
2026/04/23 20:33:48.650035 snap.go:549: [info] region 1 scan snapshot /var/folders/g8/nlg22hmn3bndmnq64nc6scnw0000gn/T/test-raftstore4213235772/snap/gen_1_6_8876_(default|write|lock).sst, key count 4455, size 119735
2026/04/23 20:33:48.650770 peer.go:231: [info] [region 1] 5 destroy itself, takes 3.337917ms
2026/04/23 20:33:48.652585 region_task.go:137: [info] succeed in deleting data in range. [regionId: 1, startKey: , endKey: ]
2026/04/23 20:33:48.656798 peer_storage.go:344: [info] [region 1] 6 begin to apply snapshot
2026/04/23 20:33:48.656910 region_task.go:93: [info] begin apply snap data. [regionId: 1]
2026/04/23 20:33:48.657027 region_task.go:137: [info] succeed in deleting data in range. [regionId: 1, startKey: , endKey: ]
2026/04/23 20:33:48.686711 snap.go:700: [info] apply snapshot ingested 1 tables
2026/04/23 20:33:48.686724 region_task.go:117: [info] applying new data. [regionId: 1, timeTakes: 29.645958ms]
2026/04/23 20:33:48.846962 peer_msg_handler.go:405: [info] [region 1] 2 propose admin cmd type=ChangePeer
2026/04/23 20:33:48.846980 peer_msg_handler.go:434: [info] [region 1] 2 propose conf change change_type:RemoveNode peer:<id:4 store_id:4 > 
2026/04/23 20:33:48.846987 peer_msg_handler.go:453: [info] [region 1] 2 conf change change_type:RemoveNode peer:<id:4 store_id:4 > : peerExists=true currentPeers=[id:2 store_id:2  id:3 store_id:3  id:4 store_id:4  id:6 store_id:1 ]
2026/04/23 20:33:48.847237 peer_msg_handler.go:193: [info] [region 1] 2 applyConfChange index=10863 type=RemoveNode nodeId=4
2026/04/23 20:33:48.847246 peer_msg_handler.go:279: [info] [region 1] 2 applyConfChange EPOCH AFTER: confVer=5 version=1 peers=[id:2 store_id:2  id:3 store_id:3  id:6 store_id:1 ] changed=true
2026/04/23 20:33:48.847301 peer_msg_handler.go:955: [info] [region 1] 2 sending heartbeat to scheduler: confVer=5 version=1 peerCount=3
2026/04/23 20:33:48.847323 peer_msg_handler.go:193: [info] [region 1] 6 applyConfChange index=10863 type=RemoveNode nodeId=4
2026/04/23 20:33:48.847329 peer_msg_handler.go:279: [info] [region 1] 6 applyConfChange EPOCH AFTER: confVer=5 version=1 peers=[id:2 store_id:2  id:3 store_id:3  id:6 store_id:1 ] changed=true
2026/04/23 20:33:48.847348 peer_msg_handler.go:193: [info] [region 1] 3 applyConfChange index=10863 type=RemoveNode nodeId=4
2026/04/23 20:33:48.847354 peer_msg_handler.go:279: [info] [region 1] 3 applyConfChange EPOCH AFTER: confVer=5 version=1 peers=[id:2 store_id:2  id:3 store_id:3  id:6 store_id:1 ] changed=true
2026/04/23 20:33:48.847359 peer_msg_handler.go:193: [info] [region 1] 4 applyConfChange index=10863 type=RemoveNode nodeId=4
2026/04/23 20:33:48.847387 peer_msg_handler.go:955: [info] [region 1] 6 sending heartbeat to scheduler: confVer=5 version=1 peerCount=3
2026/04/23 20:33:48.847408 peer_msg_handler.go:955: [info] [region 1] 3 sending heartbeat to scheduler: confVer=5 version=1 peerCount=3
2026/04/23 20:33:48.847425 peer_msg_handler.go:743: [info] [region 1] 4 starts destroy
2026/04/23 20:33:48.847424 peer_msg_handler.go:655: [info] [region 1] raft message MsgAppendResponse is stale, current conf_ver:5 version:1  ignore it
2026/04/23 20:33:48.847428 peer.go:203: [info] [region 1] 4 begin to destroy
2026/04/23 20:33:48.847431 peer_msg_handler.go:655: [info] [region 1] raft message MsgAppendResponse is stale, current conf_ver:5 version:1  ignore it
2026/04/23 20:33:48.847433 peer_msg_handler.go:655: [info] [region 1] raft message MsgAppendResponse is stale, current conf_ver:5 version:1  ignore it
2026/04/23 20:33:48.847494 peer_msg_handler.go:655: [info] [region 1] raft message MsgHeartbeat is stale, current conf_ver:5 version:1  ignore it
2026/04/23 20:33:48.847494 peer_msg_handler.go:655: [info] [region 1] raft message MsgHeartbeat is stale, current conf_ver:5 version:1  ignore it
2026/04/23 20:33:48.847531 peer_msg_handler.go:655: [info] [region 1] raft message MsgAppendResponse is stale, current conf_ver:5 version:1  ignore it
2026/04/23 20:33:48.847535 peer_msg_handler.go:655: [info] [region 1] raft message MsgAppendResponse is stale, current conf_ver:5 version:1  ignore it
2026/04/23 20:33:48.847538 peer_msg_handler.go:655: [info] [region 1] raft message MsgAppendResponse is stale, current conf_ver:5 version:1  ignore it
2026/04/23 20:33:48.847539 peer_msg_handler.go:655: [info] [region 1] raft message MsgHeartbeat is stale, current conf_ver:5 version:1  ignore it
2026/04/23 20:33:48.847815 peer_storage.go:298: [info] [region 1] clear peer 1 meta key 1 apply key 1 raft key and 10861 raft logs, takes 383.833µs
2026/04/23 20:33:48.851388 peer.go:231: [info] [region 1] 4 destroy itself, takes 3.959292ms
2026/04/23 20:33:48.853964 region_task.go:137: [info] succeed in deleting data in range. [regionId: 1, startKey: , endKey: ]
2026/04/23 20:33:48.946883 peer_msg_handler.go:405: [info] [region 1] 2 propose admin cmd type=ChangePeer
2026/04/23 20:33:48.946893 peer_msg_handler.go:434: [info] [region 1] 2 propose conf change change_type:RemoveNode peer:<id:2 store_id:2 > 
2026/04/23 20:33:48.946898 peer_msg_handler.go:453: [info] [region 1] 2 conf change change_type:RemoveNode peer:<id:2 store_id:2 > : peerExists=true currentPeers=[id:2 store_id:2  id:3 store_id:3  id:6 store_id:1 ]
2026/04/23 20:33:48.947097 peer_msg_handler.go:193: [info] [region 1] 2 applyConfChange index=12151 type=RemoveNode nodeId=2
2026/04/23 20:33:48.947167 peer_msg_handler.go:743: [info] [region 1] 2 starts destroy
2026/04/23 20:33:48.947170 peer.go:203: [info] [region 1] 2 begin to destroy
2026/04/23 20:33:48.947176 peer_msg_handler.go:193: [info] [region 1] 3 applyConfChange index=12151 type=RemoveNode nodeId=2
2026/04/23 20:33:48.947181 peer_msg_handler.go:279: [info] [region 1] 3 applyConfChange EPOCH AFTER: confVer=6 version=1 peers=[id:3 store_id:3  id:6 store_id:1 ] changed=true
2026/04/23 20:33:48.947192 peer_msg_handler.go:193: [info] [region 1] 6 applyConfChange index=12151 type=RemoveNode nodeId=2
2026/04/23 20:33:48.947199 peer_msg_handler.go:279: [info] [region 1] 6 applyConfChange EPOCH AFTER: confVer=6 version=1 peers=[id:3 store_id:3  id:6 store_id:1 ] changed=true
2026/04/23 20:33:48.947215 peer_msg_handler.go:955: [info] [region 1] 3 sending heartbeat to scheduler: confVer=6 version=1 peerCount=2
2026/04/23 20:33:48.947235 peer_msg_handler.go:955: [info] [region 1] 6 sending heartbeat to scheduler: confVer=6 version=1 peerCount=2
2026/04/23 20:33:48.947279 peer_msg_handler.go:655: [info] [region 1] raft message MsgAppend is stale, current conf_ver:6 version:1  ignore it
2026/04/23 20:33:48.947284 peer_msg_handler.go:655: [info] [region 1] raft message MsgAppend is stale, current conf_ver:6 version:1  ignore it
2026/04/23 20:33:48.947286 peer_msg_handler.go:655: [info] [region 1] raft message MsgAppend is stale, current conf_ver:6 version:1  ignore it
2026/04/23 20:33:48.947288 peer_msg_handler.go:655: [info] [region 1] raft message MsgHeartbeat is stale, current conf_ver:6 version:1  ignore it
2026/04/23 20:33:48.947298 peer_msg_handler.go:655: [info] [region 1] raft message MsgAppend is stale, current conf_ver:6 version:1  ignore it
2026/04/23 20:33:48.947301 peer_msg_handler.go:655: [info] [region 1] raft message MsgAppend is stale, current conf_ver:6 version:1  ignore it
2026/04/23 20:33:48.947303 peer_msg_handler.go:655: [info] [region 1] raft message MsgAppend is stale, current conf_ver:6 version:1  ignore it
2026/04/23 20:33:48.947556 peer_storage.go:298: [info] [region 1] clear peer 1 meta key 1 apply key 1 raft key and 12150 raft logs, takes 382.334µs
2026/04/23 20:33:48.951114 peer.go:231: [info] [region 1] 2 destroy itself, takes 3.942958ms
2026/04/23 20:33:48.953436 region_task.go:137: [info] succeed in deleting data in range. [regionId: 1, startKey: , endKey: ]
2026/04/23 20:33:50.346516 peer_msg_handler.go:405: [info] [region 1] 6 propose admin cmd type=ChangePeer
2026/04/23 20:33:50.346551 peer_msg_handler.go:434: [info] [region 1] 6 propose conf change change_type:RemoveNode peer:<id:3 store_id:3 > 
2026/04/23 20:33:50.346559 peer_msg_handler.go:453: [info] [region 1] 6 conf change change_type:RemoveNode peer:<id:3 store_id:3 > : peerExists=true currentPeers=[id:3 store_id:3  id:6 store_id:1 ]
2026/04/23 20:33:50.397015 peer_msg_handler.go:193: [info] [region 1] 6 applyConfChange index=12164 type=RemoveNode nodeId=3
2026/04/23 20:33:50.397026 peer_msg_handler.go:279: [info] [region 1] 6 applyConfChange EPOCH AFTER: confVer=7 version=1 peers=[id:6 store_id:1 ] changed=true
2026/04/23 20:33:50.397070 peer_msg_handler.go:955: [info] [region 1] 6 sending heartbeat to scheduler: confVer=7 version=1 peerCount=1
2026/04/23 20:33:50.446674 peer_msg_handler.go:405: [info] [region 1] 6 propose admin cmd type=ChangePeer
2026/04/23 20:33:50.446692 peer_msg_handler.go:434: [info] [region 1] 6 propose conf change peer:<id:7 store_id:4 > 
2026/04/23 20:33:50.446698 peer_msg_handler.go:453: [info] [region 1] 6 conf change peer:<id:7 store_id:4 > : peerExists=false currentPeers=[id:6 store_id:1 ]
2026/04/23 20:33:50.446737 peer_msg_handler.go:193: [info] [region 1] 6 applyConfChange index=13288 type=AddNode nodeId=7
2026/04/23 20:33:50.446747 peer_msg_handler.go:279: [info] [region 1] 6 applyConfChange EPOCH AFTER: confVer=8 version=1 peers=[id:6 store_id:1  id:7 store_id:4 ] changed=true
2026/04/23 20:33:50.446780 peer_msg_handler.go:955: [info] [region 1] 6 sending heartbeat to scheduler: confVer=8 version=1 peerCount=2
2026/04/23 20:33:50.446874 peer_storage.go:182: [info] [region 1] 6 requesting snapshot
2026/04/23 20:33:50.448529 snap.go:549: [info] region 1 scan snapshot /var/folders/g8/nlg22hmn3bndmnq64nc6scnw0000gn/T/test-raftstore3064586619/snap/gen_1_8_13291_(default|write|lock).sst, key count 6676, size 181378
2026/04/23 20:33:50.596609 peer.go:51: [info] [region 1] replicates peer with ID 7
2026/04/23 20:33:50.646499 peer_msg_handler.go:405: [info] [region 1] 6 propose admin cmd type=ChangePeer
2026/04/23 20:33:50.646512 peer_msg_handler.go:434: [info] [region 1] 6 propose conf change peer:<id:8 store_id:2 > 
2026/04/23 20:33:50.646518 peer_msg_handler.go:453: [info] [region 1] 6 conf change peer:<id:8 store_id:2 > : peerExists=false currentPeers=[id:6 store_id:1  id:7 store_id:4 ]
2026/04/23 20:33:50.746522 peer_msg_handler.go:405: [info] [region 1] 6 propose admin cmd type=ChangePeer
2026/04/23 20:33:50.746548 peer_msg_handler.go:434: [info] [region 1] 6 propose conf change peer:<id:8 store_id:2 > 
2026/04/23 20:33:50.746552 peer_msg_handler.go:438: [info] [region 1] 6 REJECT conf change (pending): pendingConfIndex=13297 appliedIndex=13291
2026/04/23 20:33:50.846525 peer_msg_handler.go:405: [info] [region 1] 6 propose admin cmd type=ChangePeer
2026/04/23 20:33:50.846547 peer_msg_handler.go:434: [info] [region 1] 6 propose conf change peer:<id:8 store_id:2 > 
2026/04/23 20:33:50.846550 peer_msg_handler.go:438: [info] [region 1] 6 REJECT conf change (pending): pendingConfIndex=13297 appliedIndex=13291
2026/04/23 20:33:50.896681 peer_storage.go:182: [info] [region 1] 6 requesting snapshot
2026/04/23 20:33:50.946528 peer_msg_handler.go:405: [info] [region 1] 6 propose admin cmd type=ChangePeer
2026/04/23 20:33:50.946556 peer_msg_handler.go:434: [info] [region 1] 6 propose conf change peer:<id:8 store_id:2 > 
2026/04/23 20:33:50.946560 peer_msg_handler.go:438: [info] [region 1] 6 REJECT conf change (pending): pendingConfIndex=13297 appliedIndex=13291
2026/04/23 20:33:51.046511 peer_msg_handler.go:405: [info] [region 1] 6 propose admin cmd type=ChangePeer
2026/04/23 20:33:51.046540 peer_msg_handler.go:434: [info] [region 1] 6 propose conf change peer:<id:8 store_id:2 > 
2026/04/23 20:33:51.046543 peer_msg_handler.go:438: [info] [region 1] 6 REJECT conf change (pending): pendingConfIndex=13297 appliedIndex=13291
2026/04/23 20:33:51.146497 peer_msg_handler.go:405: [info] [region 1] 6 propose admin cmd type=ChangePeer
2026/04/23 20:33:51.146521 peer_msg_handler.go:434: [info] [region 1] 6 propose conf change peer:<id:8 store_id:2 > 
2026/04/23 20:33:51.146525 peer_msg_handler.go:438: [info] [region 1] 6 REJECT conf change (pending): pendingConfIndex=13297 appliedIndex=13291
2026/04/23 20:33:51.246517 peer_msg_handler.go:405: [info] [region 1] 6 propose admin cmd type=ChangePeer
2026/04/23 20:33:51.246543 peer_msg_handler.go:434: [info] [region 1] 6 propose conf change peer:<id:8 store_id:2 > 
2026/04/23 20:33:51.246547 peer_msg_handler.go:438: [info] [region 1] 6 REJECT conf change (pending): pendingConfIndex=13297 appliedIndex=13291
2026/04/23 20:33:51.347166 peer_msg_handler.go:405: [info] [region 1] 6 propose admin cmd type=ChangePeer
2026/04/23 20:33:51.347211 peer_msg_handler.go:434: [info] [region 1] 6 propose conf change peer:<id:8 store_id:2 > 
2026/04/23 20:33:51.347215 peer_msg_handler.go:438: [info] [region 1] 6 REJECT conf change (pending): pendingConfIndex=13297 appliedIndex=13291
2026/04/23 20:33:51.446522 peer_msg_handler.go:405: [info] [region 1] 6 propose admin cmd type=ChangePeer
2026/04/23 20:33:51.446549 peer_msg_handler.go:434: [info] [region 1] 6 propose conf change peer:<id:8 store_id:2 > 
2026/04/23 20:33:51.446553 peer_msg_handler.go:438: [info] [region 1] 6 REJECT conf change (pending): pendingConfIndex=13297 appliedIndex=13291
2026/04/23 20:33:51.547217 peer_msg_handler.go:405: [info] [region 1] 6 propose admin cmd type=ChangePeer
2026/04/23 20:33:51.547248 peer_msg_handler.go:434: [info] [region 1] 6 propose conf change peer:<id:8 store_id:2 > 
2026/04/23 20:33:51.547255 peer_msg_handler.go:438: [info] [region 1] 6 REJECT conf change (pending): pendingConfIndex=13297 appliedIndex=13291
2026/04/23 20:33:51.647221 peer_msg_handler.go:405: [info] [region 1] 6 propose admin cmd type=ChangePeer
2026/04/23 20:33:51.647320 peer_msg_handler.go:434: [info] [region 1] 6 propose conf change peer:<id:8 store_id:2 > 
2026/04/23 20:33:51.647344 peer_msg_handler.go:438: [info] [region 1] 6 REJECT conf change (pending): pendingConfIndex=13297 appliedIndex=13291
2026/04/23 20:33:51.746775 peer_msg_handler.go:405: [info] [region 1] 6 propose admin cmd type=ChangePeer
2026/04/23 20:33:51.746822 peer_msg_handler.go:434: [info] [region 1] 6 propose conf change peer:<id:8 store_id:2 > 
2026/04/23 20:33:51.746830 peer_msg_handler.go:438: [info] [region 1] 6 REJECT conf change (pending): pendingConfIndex=13297 appliedIndex=13291
2026/04/23 20:33:51.847604 peer_msg_handler.go:405: [info] [region 1] 6 propose admin cmd type=ChangePeer
2026/04/23 20:33:51.847693 peer_msg_handler.go:434: [info] [region 1] 6 propose conf change peer:<id:8 store_id:2 > 
2026/04/23 20:33:51.847713 peer_msg_handler.go:438: [info] [region 1] 6 REJECT conf change (pending): pendingConfIndex=13297 appliedIndex=13291
2026/04/23 20:33:51.897641 peer_msg_handler.go:680: [info] [region 1] 3 peer id:3 store_id:3  receives gc message, trying to remove
2026/04/23 20:33:51.897691 peer_msg_handler.go:743: [info] [region 1] 3 starts destroy
2026/04/23 20:33:51.897706 peer.go:203: [info] [region 1] 3 begin to destroy
2026/04/23 20:33:51.900211 peer_storage.go:298: [info] [region 1] clear peer 1 meta key 1 apply key 1 raft key and 12159 raft logs, takes 2.484459ms
2026/04/23 20:33:51.920950 peer.go:231: [info] [region 1] 3 destroy itself, takes 23.236708ms
2026/04/23 20:33:51.928660 region_task.go:137: [info] succeed in deleting data in range. [regionId: 1, startKey: , endKey: ]
2026/04/23 20:33:51.947155 peer_msg_handler.go:405: [info] [region 1] 6 propose admin cmd type=ChangePeer
2026/04/23 20:33:51.947198 peer_msg_handler.go:434: [info] [region 1] 6 propose conf change peer:<id:8 store_id:2 > 
2026/04/23 20:33:51.947206 peer_msg_handler.go:438: [info] [region 1] 6 REJECT conf change (pending): pendingConfIndex=13297 appliedIndex=13291
2026/04/23 20:33:52.046916 peer_msg_handler.go:405: [info] [region 1] 6 propose admin cmd type=ChangePeer
2026/04/23 20:33:52.047032 peer_msg_handler.go:434: [info] [region 1] 6 propose conf change peer:<id:8 store_id:2 > 
2026/04/23 20:33:52.047061 peer_msg_handler.go:438: [info] [region 1] 6 REJECT conf change (pending): pendingConfIndex=13297 appliedIndex=13291
2026/04/23 20:33:52.146838 peer_msg_handler.go:405: [info] [region 1] 6 propose admin cmd type=ChangePeer
2026/04/23 20:33:52.146922 peer_msg_handler.go:434: [info] [region 1] 6 propose conf change peer:<id:8 store_id:2 > 
2026/04/23 20:33:52.146931 peer_msg_handler.go:438: [info] [region 1] 6 REJECT conf change (pending): pendingConfIndex=13297 appliedIndex=13291
2026/04/23 20:33:52.246831 peer_msg_handler.go:405: [info] [region 1] 6 propose admin cmd type=ChangePeer
2026/04/23 20:33:52.246919 peer_msg_handler.go:434: [info] [region 1] 6 propose conf change peer:<id:8 store_id:2 > 
2026/04/23 20:33:52.246931 peer_msg_handler.go:438: [info] [region 1] 6 REJECT conf change (pending): pendingConfIndex=13297 appliedIndex=13291
2026/04/23 20:33:52.347316 peer_msg_handler.go:405: [info] [region 1] 6 propose admin cmd type=ChangePeer
2026/04/23 20:33:52.347399 peer_msg_handler.go:434: [info] [region 1] 6 propose conf change peer:<id:8 store_id:2 > 
2026/04/23 20:33:52.347424 peer_msg_handler.go:438: [info] [region 1] 6 REJECT conf change (pending): pendingConfIndex=13297 appliedIndex=13291
2026/04/23 20:33:52.446625 peer_msg_handler.go:405: [info] [region 1] 6 propose admin cmd type=ChangePeer
2026/04/23 20:33:52.446682 peer_msg_handler.go:434: [info] [region 1] 6 propose conf change peer:<id:8 store_id:2 > 
2026/04/23 20:33:52.446698 peer_msg_handler.go:438: [info] [region 1] 6 REJECT conf change (pending): pendingConfIndex=13297 appliedIndex=13291
2026/04/23 20:33:52.547301 peer_msg_handler.go:405: [info] [region 1] 6 propose admin cmd type=ChangePeer
2026/04/23 20:33:52.547414 peer_msg_handler.go:434: [info] [region 1] 6 propose conf change peer:<id:8 store_id:2 > 
2026/04/23 20:33:52.547432 peer_msg_handler.go:438: [info] [region 1] 6 REJECT conf change (pending): pendingConfIndex=13297 appliedIndex=13291
2026/04/23 20:33:52.646606 peer_msg_handler.go:405: [info] [region 1] 6 propose admin cmd type=ChangePeer
2026/04/23 20:33:52.646659 peer_msg_handler.go:434: [info] [region 1] 6 propose conf change peer:<id:8 store_id:2 > 
2026/04/23 20:33:52.646673 peer_msg_handler.go:438: [info] [region 1] 6 REJECT conf change (pending): pendingConfIndex=13297 appliedIndex=13291
2026/04/23 20:33:52.746817 peer_msg_handler.go:405: [info] [region 1] 6 propose admin cmd type=ChangePeer
2026/04/23 20:33:52.746923 peer_msg_handler.go:434: [info] [region 1] 6 propose conf change peer:<id:8 store_id:2 > 
2026/04/23 20:33:52.746940 peer_msg_handler.go:438: [info] [region 1] 6 REJECT conf change (pending): pendingConfIndex=13297 appliedIndex=13291
2026/04/23 20:33:52.846728 peer_msg_handler.go:405: [info] [region 1] 6 propose admin cmd type=ChangePeer
2026/04/23 20:33:52.846967 peer_msg_handler.go:434: [info] [region 1] 6 propose conf change peer:<id:8 store_id:2 > 
2026/04/23 20:33:52.847003 peer_msg_handler.go:438: [info] [region 1] 6 REJECT conf change (pending): pendingConfIndex=13297 appliedIndex=13291
2026/04/23 20:33:52.947248 peer_msg_handler.go:405: [info] [region 1] 6 propose admin cmd type=ChangePeer
2026/04/23 20:33:52.947304 peer_msg_handler.go:434: [info] [region 1] 6 propose conf change peer:<id:8 store_id:2 > 
2026/04/23 20:33:52.947319 peer_msg_handler.go:438: [info] [region 1] 6 REJECT conf change (pending): pendingConfIndex=13297 appliedIndex=13291
2026/04/23 20:33:53.046674 peer_msg_handler.go:405: [info] [region 1] 6 propose admin cmd type=ChangePeer
2026/04/23 20:33:53.046727 peer_msg_handler.go:434: [info] [region 1] 6 propose conf change peer:<id:8 store_id:2 > 
2026/04/23 20:33:53.046742 peer_msg_handler.go:438: [info] [region 1] 6 REJECT conf change (pending): pendingConfIndex=13297 appliedIndex=13291
2026/04/23 20:33:53.146677 peer_msg_handler.go:405: [info] [region 1] 6 propose admin cmd type=ChangePeer
2026/04/23 20:33:53.146760 peer_msg_handler.go:434: [info] [region 1] 6 propose conf change peer:<id:8 store_id:2 > 
2026/04/23 20:33:53.146777 peer_msg_handler.go:438: [info] [region 1] 6 REJECT conf change (pending): pendingConfIndex=13297 appliedIndex=13291
2026/04/23 20:33:53.246745 peer_msg_handler.go:405: [info] [region 1] 6 propose admin cmd type=ChangePeer
2026/04/23 20:33:53.246844 peer_msg_handler.go:434: [info] [region 1] 6 propose conf change peer:<id:8 store_id:2 > 
2026/04/23 20:33:53.246858 peer_msg_handler.go:438: [info] [region 1] 6 REJECT conf change (pending): pendingConfIndex=13297 appliedIndex=13291
2026/04/23 20:33:53.347357 peer_msg_handler.go:405: [info] [region 1] 6 propose admin cmd type=ChangePeer
2026/04/23 20:33:53.347417 peer_msg_handler.go:434: [info] [region 1] 6 propose conf change peer:<id:8 store_id:2 > 
2026/04/23 20:33:53.347435 peer_msg_handler.go:438: [info] [region 1] 6 REJECT conf change (pending): pendingConfIndex=13297 appliedIndex=13291
2026/04/23 20:33:53.446567 peer_msg_handler.go:405: [info] [region 1] 6 propose admin cmd type=ChangePeer
2026/04/23 20:33:53.446726 peer_msg_handler.go:434: [info] [region 1] 6 propose conf change peer:<id:8 store_id:2 > 
2026/04/23 20:33:53.446751 peer_msg_handler.go:438: [info] [region 1] 6 REJECT conf change (pending): pendingConfIndex=13297 appliedIndex=13291
2026/04/23 20:33:53.547250 peer_msg_handler.go:405: [info] [region 1] 6 propose admin cmd type=ChangePeer
2026/04/23 20:33:53.547368 peer_msg_handler.go:434: [info] [region 1] 6 propose conf change peer:<id:8 store_id:2 > 
2026/04/23 20:33:53.547394 peer_msg_handler.go:438: [info] [region 1] 6 REJECT conf change (pending): pendingConfIndex=13297 appliedIndex=13291
2026/04/23 20:33:53.647247 peer_msg_handler.go:405: [info] [region 1] 6 propose admin cmd type=ChangePeer
2026/04/23 20:33:53.647350 peer_msg_handler.go:434: [info] [region 1] 6 propose conf change peer:<id:8 store_id:2 > 
2026/04/23 20:33:53.647430 peer_msg_handler.go:438: [info] [region 1] 6 REJECT conf change (pending): pendingConfIndex=13297 appliedIndex=13291
2026/04/23 20:33:53.746834 peer_msg_handler.go:405: [info] [region 1] 6 propose admin cmd type=ChangePeer
2026/04/23 20:33:53.746904 peer_msg_handler.go:434: [info] [region 1] 6 propose conf change peer:<id:8 store_id:2 > 
2026/04/23 20:33:53.746919 peer_msg_handler.go:438: [info] [region 1] 6 REJECT conf change (pending): pendingConfIndex=13297 appliedIndex=13291
2026/04/23 20:33:53.847395 peer_msg_handler.go:405: [info] [region 1] 6 propose admin cmd type=ChangePeer
2026/04/23 20:33:53.847503 peer_msg_handler.go:434: [info] [region 1] 6 propose conf change peer:<id:8 store_id:2 > 
2026/04/23 20:33:53.847525 peer_msg_handler.go:438: [info] [region 1] 6 REJECT conf change (pending): pendingConfIndex=13297 appliedIndex=13291
2026/04/23 20:33:53.947178 peer_msg_handler.go:405: [info] [region 1] 6 propose admin cmd type=ChangePeer
2026/04/23 20:33:53.947231 peer_msg_handler.go:434: [info] [region 1] 6 propose conf change peer:<id:8 store_id:2 > 
2026/04/23 20:33:53.947248 peer_msg_handler.go:438: [info] [region 1] 6 REJECT conf change (pending): pendingConfIndex=13297 appliedIndex=13291
2026/04/23 20:33:54.046604 peer_msg_handler.go:405: [info] [region 1] 6 propose admin cmd type=ChangePeer
2026/04/23 20:33:54.046661 peer_msg_handler.go:434: [info] [region 1] 6 propose conf change peer:<id:8 store_id:2 > 
2026/04/23 20:33:54.046679 peer_msg_handler.go:438: [info] [region 1] 6 REJECT conf change (pending): pendingConfIndex=13297 appliedIndex=13291
2026/04/23 20:33:54.147260 peer_msg_handler.go:405: [info] [region 1] 6 propose admin cmd type=ChangePeer
2026/04/23 20:33:54.147316 peer_msg_handler.go:434: [info] [region 1] 6 propose conf change peer:<id:8 store_id:2 > 
2026/04/23 20:33:54.147332 peer_msg_handler.go:438: [info] [region 1] 6 REJECT conf change (pending): pendingConfIndex=13297 appliedIndex=13291
2026/04/23 20:33:54.247014 peer_msg_handler.go:405: [info] [region 1] 6 propose admin cmd type=ChangePeer
2026/04/23 20:33:54.247068 peer_msg_handler.go:434: [info] [region 1] 6 propose conf change peer:<id:8 store_id:2 > 
2026/04/23 20:33:54.247077 peer_msg_handler.go:438: [info] [region 1] 6 REJECT conf change (pending): pendingConfIndex=13297 appliedIndex=13291
2026/04/23 20:33:54.347273 peer_msg_handler.go:405: [info] [region 1] 6 propose admin cmd type=ChangePeer
2026/04/23 20:33:54.347377 peer_msg_handler.go:434: [info] [region 1] 6 propose conf change peer:<id:8 store_id:2 > 
2026/04/23 20:33:54.347401 peer_msg_handler.go:438: [info] [region 1] 6 REJECT conf change (pending): pendingConfIndex=13297 appliedIndex=13291
2026/04/23 20:33:54.446735 peer_msg_handler.go:405: [info] [region 1] 6 propose admin cmd type=ChangePeer
2026/04/23 20:33:54.446887 peer_msg_handler.go:434: [info] [region 1] 6 propose conf change peer:<id:8 store_id:2 > 
2026/04/23 20:33:54.446921 peer_msg_handler.go:438: [info] [region 1] 6 REJECT conf change (pending): pendingConfIndex=13297 appliedIndex=13291
2026/04/23 20:33:54.547234 peer_msg_handler.go:405: [info] [region 1] 6 propose admin cmd type=ChangePeer
2026/04/23 20:33:54.547786 peer_msg_handler.go:434: [info] [region 1] 6 propose conf change peer:<id:8 store_id:2 > 
2026/04/23 20:33:54.547812 peer_msg_handler.go:438: [info] [region 1] 6 REJECT conf change (pending): pendingConfIndex=13297 appliedIndex=13291
2026/04/23 20:33:54.646603 peer_msg_handler.go:405: [info] [region 1] 6 propose admin cmd type=ChangePeer
2026/04/23 20:33:54.646651 peer_msg_handler.go:434: [info] [region 1] 6 propose conf change peer:<id:8 store_id:2 > 
2026/04/23 20:33:54.646669 peer_msg_handler.go:438: [info] [region 1] 6 REJECT conf change (pending): pendingConfIndex=13297 appliedIndex=13291
2026/04/23 20:33:54.746763 peer_msg_handler.go:405: [info] [region 1] 6 propose admin cmd type=ChangePeer
2026/04/23 20:33:54.746824 peer_msg_handler.go:434: [info] [region 1] 6 propose conf change peer:<id:8 store_id:2 > 
2026/04/23 20:33:54.746836 peer_msg_handler.go:438: [info] [region 1] 6 REJECT conf change (pending): pendingConfIndex=13297 appliedIndex=13291
2026/04/23 20:33:54.846665 peer_msg_handler.go:405: [info] [region 1] 6 propose admin cmd type=ChangePeer
2026/04/23 20:33:54.846720 peer_msg_handler.go:434: [info] [region 1] 6 propose conf change peer:<id:8 store_id:2 > 
2026/04/23 20:33:54.846736 peer_msg_handler.go:438: [info] [region 1] 6 REJECT conf change (pending): pendingConfIndex=13297 appliedIndex=13291
2026/04/23 20:33:54.947006 peer_msg_handler.go:405: [info] [region 1] 6 propose admin cmd type=ChangePeer
2026/04/23 20:33:54.947104 peer_msg_handler.go:434: [info] [region 1] 6 propose conf change peer:<id:8 store_id:2 > 
2026/04/23 20:33:54.947125 peer_msg_handler.go:438: [info] [region 1] 6 REJECT conf change (pending): pendingConfIndex=13297 appliedIndex=13291
2026/04/23 20:33:55.046589 peer_msg_handler.go:405: [info] [region 1] 6 propose admin cmd type=ChangePeer
2026/04/23 20:33:55.046646 peer_msg_handler.go:434: [info] [region 1] 6 propose conf change peer:<id:8 store_id:2 > 
2026/04/23 20:33:55.046664 peer_msg_handler.go:438: [info] [region 1] 6 REJECT conf change (pending): pendingConfIndex=13297 appliedIndex=13291
2026/04/23 20:33:55.147232 peer_msg_handler.go:405: [info] [region 1] 6 propose admin cmd type=ChangePeer
2026/04/23 20:33:55.147352 peer_msg_handler.go:434: [info] [region 1] 6 propose conf change peer:<id:8 store_id:2 > 
2026/04/23 20:33:55.147394 peer_msg_handler.go:438: [info] [region 1] 6 REJECT conf change (pending): pendingConfIndex=13297 appliedIndex=13291
2026/04/23 20:33:55.246666 peer_msg_handler.go:405: [info] [region 1] 6 propose admin cmd type=ChangePeer
2026/04/23 20:33:55.246702 peer_msg_handler.go:434: [info] [region 1] 6 propose conf change peer:<id:8 store_id:2 > 
2026/04/23 20:33:55.246728 peer_msg_handler.go:438: [info] [region 1] 6 REJECT conf change (pending): pendingConfIndex=13297 appliedIndex=13291
2026/04/23 20:33:55.346999 peer_msg_handler.go:405: [info] [region 1] 6 propose admin cmd type=ChangePeer
2026/04/23 20:33:55.347095 peer_msg_handler.go:434: [info] [region 1] 6 propose conf change peer:<id:8 store_id:2 > 
2026/04/23 20:33:55.347115 peer_msg_handler.go:438: [info] [region 1] 6 REJECT conf change (pending): pendingConfIndex=13297 appliedIndex=13291
2026/04/23 20:33:55.446884 peer_msg_handler.go:405: [info] [region 1] 6 propose admin cmd type=ChangePeer
2026/04/23 20:33:55.446928 peer_msg_handler.go:434: [info] [region 1] 6 propose conf change peer:<id:8 store_id:2 > 
2026/04/23 20:33:55.446937 peer_msg_handler.go:438: [info] [region 1] 6 REJECT conf change (pending): pendingConfIndex=13297 appliedIndex=13291
2026/04/23 20:33:55.546611 peer_msg_handler.go:405: [info] [region 1] 6 propose admin cmd type=ChangePeer
2026/04/23 20:33:55.546686 peer_msg_handler.go:434: [info] [region 1] 6 propose conf change peer:<id:8 store_id:2 > 
2026/04/23 20:33:55.546758 peer_msg_handler.go:438: [info] [region 1] 6 REJECT conf change (pending): pendingConfIndex=13297 appliedIndex=13291
2026/04/23 20:33:55.647334 peer_msg_handler.go:405: [info] [region 1] 6 propose admin cmd type=ChangePeer
2026/04/23 20:33:55.647426 peer_msg_handler.go:434: [info] [region 1] 6 propose conf change peer:<id:8 store_id:2 > 
2026/04/23 20:33:55.647444 peer_msg_handler.go:438: [info] [region 1] 6 REJECT conf change (pending): pendingConfIndex=13297 appliedIndex=13291
2026/04/23 20:33:55.746653 peer_msg_handler.go:405: [info] [region 1] 6 propose admin cmd type=ChangePeer
2026/04/23 20:33:55.746695 peer_msg_handler.go:434: [info] [region 1] 6 propose conf change peer:<id:8 store_id:2 > 
2026/04/23 20:33:55.746702 peer_msg_handler.go:438: [info] [region 1] 6 REJECT conf change (pending): pendingConfIndex=13297 appliedIndex=13291
2026/04/23 20:33:55.846764 peer_msg_handler.go:405: [info] [region 1] 6 propose admin cmd type=ChangePeer
2026/04/23 20:33:55.846864 peer_msg_handler.go:434: [info] [region 1] 6 propose conf change peer:<id:8 store_id:2 > 
2026/04/23 20:33:55.846895 peer_msg_handler.go:438: [info] [region 1] 6 REJECT conf change (pending): pendingConfIndex=13297 appliedIndex=13291
2026/04/23 20:33:55.947248 peer_msg_handler.go:405: [info] [region 1] 6 propose admin cmd type=ChangePeer
2026/04/23 20:33:55.947346 peer_msg_handler.go:434: [info] [region 1] 6 propose conf change peer:<id:8 store_id:2 > 
2026/04/23 20:33:55.947371 peer_msg_handler.go:438: [info] [region 1] 6 REJECT conf change (pending): pendingConfIndex=13297 appliedIndex=13291
2026/04/23 20:33:56.047095 peer_msg_handler.go:405: [info] [region 1] 6 propose admin cmd type=ChangePeer
2026/04/23 20:33:56.047207 peer_msg_handler.go:434: [info] [region 1] 6 propose conf change peer:<id:8 store_id:2 > 
2026/04/23 20:33:56.047274 peer_msg_handler.go:438: [info] [region 1] 6 REJECT conf change (pending): pendingConfIndex=13297 appliedIndex=13291
2026/04/23 20:33:56.147217 peer_msg_handler.go:405: [info] [region 1] 6 propose admin cmd type=ChangePeer
2026/04/23 20:33:56.147303 peer_msg_handler.go:434: [info] [region 1] 6 propose conf change peer:<id:8 store_id:2 > 
2026/04/23 20:33:56.147378 peer_msg_handler.go:438: [info] [region 1] 6 REJECT conf change (pending): pendingConfIndex=13297 appliedIndex=13291
2026/04/23 20:33:56.247164 peer_msg_handler.go:405: [info] [region 1] 6 propose admin cmd type=ChangePeer
2026/04/23 20:33:56.247196 peer_msg_handler.go:434: [info] [region 1] 6 propose conf change peer:<id:8 store_id:2 > 
2026/04/23 20:33:56.247200 peer_msg_handler.go:438: [info] [region 1] 6 REJECT conf change (pending): pendingConfIndex=13297 appliedIndex=13291
2026/04/23 20:33:56.347233 peer_msg_handler.go:405: [info] [region 1] 6 propose admin cmd type=ChangePeer
2026/04/23 20:33:56.347332 peer_msg_handler.go:434: [info] [region 1] 6 propose conf change peer:<id:8 store_id:2 > 
2026/04/23 20:33:56.347344 peer_msg_handler.go:438: [info] [region 1] 6 REJECT conf change (pending): pendingConfIndex=13297 appliedIndex=13291
2026/04/23 20:33:56.447242 peer_msg_handler.go:405: [info] [region 1] 6 propose admin cmd type=ChangePeer
2026/04/23 20:33:56.447342 peer_msg_handler.go:434: [info] [region 1] 6 propose conf change peer:<id:8 store_id:2 > 
2026/04/23 20:33:56.447369 peer_msg_handler.go:438: [info] [region 1] 6 REJECT conf change (pending): pendingConfIndex=13297 appliedIndex=13291
2026/04/23 20:33:56.547272 peer_msg_handler.go:405: [info] [region 1] 6 propose admin cmd type=ChangePeer
2026/04/23 20:33:56.547340 peer_msg_handler.go:434: [info] [region 1] 6 propose conf change peer:<id:8 store_id:2 > 
2026/04/23 20:33:56.547365 peer_msg_handler.go:438: [info] [region 1] 6 REJECT conf change (pending): pendingConfIndex=13297 appliedIndex=13291
2026/04/23 20:33:56.647213 peer_msg_handler.go:405: [info] [region 1] 6 propose admin cmd type=ChangePeer
2026/04/23 20:33:56.647269 peer_msg_handler.go:434: [info] [region 1] 6 propose conf change peer:<id:8 store_id:2 > 
2026/04/23 20:33:56.647284 peer_msg_handler.go:438: [info] [region 1] 6 REJECT conf change (pending): pendingConfIndex=13297 appliedIndex=13291
2026/04/23 20:33:56.746698 peer_msg_handler.go:405: [info] [region 1] 6 propose admin cmd type=ChangePeer
2026/04/23 20:33:56.746763 peer_msg_handler.go:434: [info] [region 1] 6 propose conf change peer:<id:8 store_id:2 > 
2026/04/23 20:33:56.746780 peer_msg_handler.go:438: [info] [region 1] 6 REJECT conf change (pending): pendingConfIndex=13297 appliedIndex=13291
2026/04/23 20:33:56.847209 peer_msg_handler.go:405: [info] [region 1] 6 propose admin cmd type=ChangePeer
2026/04/23 20:33:56.847273 peer_msg_handler.go:434: [info] [region 1] 6 propose conf change peer:<id:8 store_id:2 > 
2026/04/23 20:33:56.847290 peer_msg_handler.go:438: [info] [region 1] 6 REJECT conf change (pending): pendingConfIndex=13297 appliedIndex=13291
2026/04/23 20:33:56.947246 peer_msg_handler.go:405: [info] [region 1] 6 propose admin cmd type=ChangePeer
2026/04/23 20:33:56.947315 peer_msg_handler.go:434: [info] [region 1] 6 propose conf change peer:<id:8 store_id:2 > 
2026/04/23 20:33:56.947330 peer_msg_handler.go:438: [info] [region 1] 6 REJECT conf change (pending): pendingConfIndex=13297 appliedIndex=13291
2026/04/23 20:33:57.047288 peer_msg_handler.go:405: [info] [region 1] 6 propose admin cmd type=ChangePeer
2026/04/23 20:33:57.047381 peer_msg_handler.go:434: [info] [region 1] 6 propose conf change peer:<id:8 store_id:2 > 
2026/04/23 20:33:57.047408 peer_msg_handler.go:438: [info] [region 1] 6 REJECT conf change (pending): pendingConfIndex=13297 appliedIndex=13291
2026/04/23 20:33:57.147253 peer_msg_handler.go:405: [info] [region 1] 6 propose admin cmd type=ChangePeer
2026/04/23 20:33:57.147348 peer_msg_handler.go:434: [info] [region 1] 6 propose conf change peer:<id:8 store_id:2 > 
2026/04/23 20:33:57.147371 peer_msg_handler.go:438: [info] [region 1] 6 REJECT conf change (pending): pendingConfIndex=13297 appliedIndex=13291
2026/04/23 20:33:57.254768 peer_msg_handler.go:405: [info] [region 1] 6 propose admin cmd type=ChangePeer
2026/04/23 20:33:57.254915 peer_msg_handler.go:434: [info] [region 1] 6 propose conf change peer:<id:8 store_id:2 > 
2026/04/23 20:33:57.254924 peer_msg_handler.go:438: [info] [region 1] 6 REJECT conf change (pending): pendingConfIndex=13297 appliedIndex=13291
2026/04/23 20:33:57.347314 peer_msg_handler.go:405: [info] [region 1] 6 propose admin cmd type=ChangePeer
2026/04/23 20:33:57.347495 peer_msg_handler.go:434: [info] [region 1] 6 propose conf change peer:<id:8 store_id:2 > 
2026/04/23 20:33:57.347515 peer_msg_handler.go:438: [info] [region 1] 6 REJECT conf change (pending): pendingConfIndex=13297 appliedIndex=13291
2026/04/23 20:33:57.446874 peer_msg_handler.go:405: [info] [region 1] 6 propose admin cmd type=ChangePeer
2026/04/23 20:33:57.446954 peer_msg_handler.go:434: [info] [region 1] 6 propose conf change peer:<id:8 store_id:2 > 
2026/04/23 20:33:57.446989 peer_msg_handler.go:438: [info] [region 1] 6 REJECT conf change (pending): pendingConfIndex=13297 appliedIndex=13291
2026/04/23 20:33:57.547192 peer_msg_handler.go:405: [info] [region 1] 6 propose admin cmd type=ChangePeer
2026/04/23 20:33:57.547258 peer_msg_handler.go:434: [info] [region 1] 6 propose conf change peer:<id:8 store_id:2 > 
2026/04/23 20:33:57.547273 peer_msg_handler.go:438: [info] [region 1] 6 REJECT conf change (pending): pendingConfIndex=13297 appliedIndex=13291
2026/04/23 20:33:57.647177 peer_msg_handler.go:405: [info] [region 1] 6 propose admin cmd type=ChangePeer
2026/04/23 20:33:57.647229 peer_msg_handler.go:434: [info] [region 1] 6 propose conf change peer:<id:8 store_id:2 > 
2026/04/23 20:33:57.647243 peer_msg_handler.go:438: [info] [region 1] 6 REJECT conf change (pending): pendingConfIndex=13297 appliedIndex=13291
2026/04/23 20:33:57.746767 peer_msg_handler.go:405: [info] [region 1] 6 propose admin cmd type=ChangePeer
2026/04/23 20:33:57.746823 peer_msg_handler.go:434: [info] [region 1] 6 propose conf change peer:<id:8 store_id:2 > 
2026/04/23 20:33:57.746840 peer_msg_handler.go:438: [info] [region 1] 6 REJECT conf change (pending): pendingConfIndex=13297 appliedIndex=13291
2026/04/23 20:33:57.847055 peer_msg_handler.go:405: [info] [region 1] 6 propose admin cmd type=ChangePeer
2026/04/23 20:33:57.847177 peer_msg_handler.go:434: [info] [region 1] 6 propose conf change peer:<id:8 store_id:2 > 
2026/04/23 20:33:57.847199 peer_msg_handler.go:438: [info] [region 1] 6 REJECT conf change (pending): pendingConfIndex=13297 appliedIndex=13291
2026/04/23 20:33:57.947018 peer_msg_handler.go:405: [info] [region 1] 6 propose admin cmd type=ChangePeer
2026/04/23 20:33:57.947115 peer_msg_handler.go:434: [info] [region 1] 6 propose conf change peer:<id:8 store_id:2 > 
2026/04/23 20:33:57.947140 peer_msg_handler.go:438: [info] [region 1] 6 REJECT conf change (pending): pendingConfIndex=13297 appliedIndex=13291
2026/04/23 20:33:58.047199 peer_msg_handler.go:405: [info] [region 1] 6 propose admin cmd type=ChangePeer
2026/04/23 20:33:58.047306 peer_msg_handler.go:434: [info] [region 1] 6 propose conf change peer:<id:8 store_id:2 > 
2026/04/23 20:33:58.047330 peer_msg_handler.go:438: [info] [region 1] 6 REJECT conf change (pending): pendingConfIndex=13297 appliedIndex=13291
2026/04/23 20:33:58.146903 peer_msg_handler.go:405: [info] [region 1] 6 propose admin cmd type=ChangePeer
2026/04/23 20:33:58.146964 peer_msg_handler.go:434: [info] [region 1] 6 propose conf change peer:<id:8 store_id:2 > 
2026/04/23 20:33:58.146976 peer_msg_handler.go:438: [info] [region 1] 6 REJECT conf change (pending): pendingConfIndex=13297 appliedIndex=13291
2026/04/23 20:33:58.247250 peer_msg_handler.go:405: [info] [region 1] 6 propose admin cmd type=ChangePeer
2026/04/23 20:33:58.247354 peer_msg_handler.go:434: [info] [region 1] 6 propose conf change peer:<id:8 store_id:2 > 
2026/04/23 20:33:58.247556 peer_msg_handler.go:438: [info] [region 1] 6 REJECT conf change (pending): pendingConfIndex=13297 appliedIndex=13291
2026/04/23 20:33:58.347241 peer_msg_handler.go:405: [info] [region 1] 6 propose admin cmd type=ChangePeer
2026/04/23 20:33:58.347304 peer_msg_handler.go:434: [info] [region 1] 6 propose conf change peer:<id:8 store_id:2 > 
2026/04/23 20:33:58.347323 peer_msg_handler.go:438: [info] [region 1] 6 REJECT conf change (pending): pendingConfIndex=13297 appliedIndex=13291
2026/04/23 20:33:58.447163 peer_msg_handler.go:405: [info] [region 1] 6 propose admin cmd type=ChangePeer
2026/04/23 20:33:58.447220 peer_msg_handler.go:434: [info] [region 1] 6 propose conf change peer:<id:8 store_id:2 > 
2026/04/23 20:33:58.447243 peer_msg_handler.go:438: [info] [region 1] 6 REJECT conf change (pending): pendingConfIndex=13297 appliedIndex=13291
2026/04/23 20:33:58.547236 peer_msg_handler.go:405: [info] [region 1] 6 propose admin cmd type=ChangePeer
2026/04/23 20:33:58.547296 peer_msg_handler.go:434: [info] [region 1] 6 propose conf change peer:<id:8 store_id:2 > 
2026/04/23 20:33:58.547313 peer_msg_handler.go:438: [info] [region 1] 6 REJECT conf change (pending): pendingConfIndex=13297 appliedIndex=13291
2026/04/23 20:33:58.647236 peer_msg_handler.go:405: [info] [region 1] 6 propose admin cmd type=ChangePeer
2026/04/23 20:33:58.647330 peer_msg_handler.go:434: [info] [region 1] 6 propose conf change peer:<id:8 store_id:2 > 
2026/04/23 20:33:58.647358 peer_msg_handler.go:438: [info] [region 1] 6 REJECT conf change (pending): pendingConfIndex=13297 appliedIndex=13291
2026/04/23 20:33:58.746785 peer_msg_handler.go:405: [info] [region 1] 6 propose admin cmd type=ChangePeer
2026/04/23 20:33:58.746858 peer_msg_handler.go:434: [info] [region 1] 6 propose conf change peer:<id:8 store_id:2 > 
2026/04/23 20:33:58.746919 peer_msg_handler.go:438: [info] [region 1] 6 REJECT conf change (pending): pendingConfIndex=13297 appliedIndex=13291
2026/04/23 20:33:58.847251 peer_msg_handler.go:405: [info] [region 1] 6 propose admin cmd type=ChangePeer
2026/04/23 20:33:58.847348 peer_msg_handler.go:434: [info] [region 1] 6 propose conf change peer:<id:8 store_id:2 > 
2026/04/23 20:33:58.847366 peer_msg_handler.go:438: [info] [region 1] 6 REJECT conf change (pending): pendingConfIndex=13297 appliedIndex=13291
2026/04/23 20:33:58.947209 peer_msg_handler.go:405: [info] [region 1] 6 propose admin cmd type=ChangePeer
2026/04/23 20:33:58.947308 peer_msg_handler.go:434: [info] [region 1] 6 propose conf change peer:<id:8 store_id:2 > 
2026/04/23 20:33:58.947332 peer_msg_handler.go:438: [info] [region 1] 6 REJECT conf change (pending): pendingConfIndex=13297 appliedIndex=13291
2026/04/23 20:33:59.047118 peer_msg_handler.go:405: [info] [region 1] 6 propose admin cmd type=ChangePeer
2026/04/23 20:33:59.047174 peer_msg_handler.go:434: [info] [region 1] 6 propose conf change peer:<id:8 store_id:2 > 
2026/04/23 20:33:59.047189 peer_msg_handler.go:438: [info] [region 1] 6 REJECT conf change (pending): pendingConfIndex=13297 appliedIndex=13291
2026/04/23 20:33:59.146770 peer_msg_handler.go:405: [info] [region 1] 6 propose admin cmd type=ChangePeer
2026/04/23 20:33:59.146826 peer_msg_handler.go:434: [info] [region 1] 6 propose conf change peer:<id:8 store_id:2 > 
2026/04/23 20:33:59.146842 peer_msg_handler.go:438: [info] [region 1] 6 REJECT conf change (pending): pendingConfIndex=13297 appliedIndex=13291
2026/04/23 20:33:59.247251 peer_msg_handler.go:405: [info] [region 1] 6 propose admin cmd type=ChangePeer
2026/04/23 20:33:59.247306 peer_msg_handler.go:434: [info] [region 1] 6 propose conf change peer:<id:8 store_id:2 > 
2026/04/23 20:33:59.247321 peer_msg_handler.go:438: [info] [region 1] 6 REJECT conf change (pending): pendingConfIndex=13297 appliedIndex=13291
2026/04/23 20:33:59.347326 peer_msg_handler.go:405: [info] [region 1] 6 propose admin cmd type=ChangePeer
2026/04/23 20:33:59.347429 peer_msg_handler.go:434: [info] [region 1] 6 propose conf change peer:<id:8 store_id:2 > 
2026/04/23 20:33:59.347455 peer_msg_handler.go:438: [info] [region 1] 6 REJECT conf change (pending): pendingConfIndex=13297 appliedIndex=13291
2026/04/23 20:33:59.447195 peer_msg_handler.go:405: [info] [region 1] 6 propose admin cmd type=ChangePeer
2026/04/23 20:33:59.447253 peer_msg_handler.go:434: [info] [region 1] 6 propose conf change peer:<id:8 store_id:2 > 
2026/04/23 20:33:59.447270 peer_msg_handler.go:438: [info] [region 1] 6 REJECT conf change (pending): pendingConfIndex=13297 appliedIndex=13291
2026/04/23 20:33:59.547215 peer_msg_handler.go:405: [info] [region 1] 6 propose admin cmd type=ChangePeer
2026/04/23 20:33:59.547360 peer_msg_handler.go:434: [info] [region 1] 6 propose conf change peer:<id:8 store_id:2 > 
2026/04/23 20:33:59.547391 peer_msg_handler.go:438: [info] [region 1] 6 REJECT conf change (pending): pendingConfIndex=13297 appliedIndex=13291
2026/04/23 20:33:59.647285 peer_msg_handler.go:405: [info] [region 1] 6 propose admin cmd type=ChangePeer
2026/04/23 20:33:59.647381 peer_msg_handler.go:434: [info] [region 1] 6 propose conf change peer:<id:8 store_id:2 > 
2026/04/23 20:33:59.647457 peer_msg_handler.go:438: [info] [region 1] 6 REJECT conf change (pending): pendingConfIndex=13297 appliedIndex=13291
2026/04/23 20:33:59.746822 peer_msg_handler.go:405: [info] [region 1] 6 propose admin cmd type=ChangePeer
2026/04/23 20:33:59.746938 peer_msg_handler.go:434: [info] [region 1] 6 propose conf change peer:<id:8 store_id:2 > 
2026/04/23 20:33:59.746962 peer_msg_handler.go:438: [info] [region 1] 6 REJECT conf change (pending): pendingConfIndex=13297 appliedIndex=13291
2026/04/23 20:33:59.847228 peer_msg_handler.go:405: [info] [region 1] 6 propose admin cmd type=ChangePeer
2026/04/23 20:33:59.847285 peer_msg_handler.go:434: [info] [region 1] 6 propose conf change peer:<id:8 store_id:2 > 
2026/04/23 20:33:59.847302 peer_msg_handler.go:438: [info] [region 1] 6 REJECT conf change (pending): pendingConfIndex=13297 appliedIndex=13291
2026/04/23 20:33:59.946629 peer_msg_handler.go:405: [info] [region 1] 6 propose admin cmd type=ChangePeer
2026/04/23 20:33:59.946727 peer_msg_handler.go:434: [info] [region 1] 6 propose conf change peer:<id:8 store_id:2 > 
2026/04/23 20:33:59.946755 peer_msg_handler.go:438: [info] [region 1] 6 REJECT conf change (pending): pendingConfIndex=13297 appliedIndex=13291
2026/04/23 20:34:00.047272 peer_msg_handler.go:405: [info] [region 1] 6 propose admin cmd type=ChangePeer
2026/04/23 20:34:00.047358 peer_msg_handler.go:434: [info] [region 1] 6 propose conf change peer:<id:8 store_id:2 > 
2026/04/23 20:34:00.047381 peer_msg_handler.go:438: [info] [region 1] 6 REJECT conf change (pending): pendingConfIndex=13297 appliedIndex=13291
2026/04/23 20:34:00.147343 peer_msg_handler.go:405: [info] [region 1] 6 propose admin cmd type=ChangePeer
2026/04/23 20:34:00.147434 peer_msg_handler.go:434: [info] [region 1] 6 propose conf change peer:<id:8 store_id:2 > 
2026/04/23 20:34:00.147461 peer_msg_handler.go:438: [info] [region 1] 6 REJECT conf change (pending): pendingConfIndex=13297 appliedIndex=13291
2026/04/23 20:34:00.247089 peer_msg_handler.go:405: [info] [region 1] 6 propose admin cmd type=ChangePeer
2026/04/23 20:34:00.247167 peer_msg_handler.go:434: [info] [region 1] 6 propose conf change peer:<id:8 store_id:2 > 
2026/04/23 20:34:00.247174 peer_msg_handler.go:438: [info] [region 1] 6 REJECT conf change (pending): pendingConfIndex=13297 appliedIndex=13291
2026/04/23 20:34:00.346973 peer_msg_handler.go:405: [info] [region 1] 6 propose admin cmd type=ChangePeer
2026/04/23 20:34:00.347055 peer_msg_handler.go:434: [info] [region 1] 6 propose conf change peer:<id:8 store_id:2 > 
2026/04/23 20:34:00.347084 peer_msg_handler.go:438: [info] [region 1] 6 REJECT conf change (pending): pendingConfIndex=13297 appliedIndex=13291
2026/04/23 20:34:00.447251 peer_msg_handler.go:405: [info] [region 1] 6 propose admin cmd type=ChangePeer
2026/04/23 20:34:00.447321 peer_msg_handler.go:434: [info] [region 1] 6 propose conf change peer:<id:8 store_id:2 > 
2026/04/23 20:34:00.447344 peer_msg_handler.go:438: [info] [region 1] 6 REJECT conf change (pending): pendingConfIndex=13297 appliedIndex=13291
2026/04/23 20:34:00.547189 peer_msg_handler.go:405: [info] [region 1] 6 propose admin cmd type=ChangePeer
2026/04/23 20:34:00.547240 peer_msg_handler.go:434: [info] [region 1] 6 propose conf change peer:<id:8 store_id:2 > 
2026/04/23 20:34:00.547246 peer_msg_handler.go:438: [info] [region 1] 6 REJECT conf change (pending): pendingConfIndex=13297 appliedIndex=13291
2026/04/23 20:34:00.647218 peer_msg_handler.go:405: [info] [region 1] 6 propose admin cmd type=ChangePeer
2026/04/23 20:34:00.647275 peer_msg_handler.go:434: [info] [region 1] 6 propose conf change peer:<id:8 store_id:2 > 
2026/04/23 20:34:00.647293 peer_msg_handler.go:438: [info] [region 1] 6 REJECT conf change (pending): pendingConfIndex=13297 appliedIndex=13291
2026/04/23 20:34:00.746820 peer_msg_handler.go:405: [info] [region 1] 6 propose admin cmd type=ChangePeer
2026/04/23 20:34:00.746924 peer_msg_handler.go:434: [info] [region 1] 6 propose conf change peer:<id:8 store_id:2 > 
2026/04/23 20:34:00.746942 peer_msg_handler.go:438: [info] [region 1] 6 REJECT conf change (pending): pendingConfIndex=13297 appliedIndex=13291
2026/04/23 20:34:00.847327 peer_msg_handler.go:405: [info] [region 1] 6 propose admin cmd type=ChangePeer
2026/04/23 20:34:00.847386 peer_msg_handler.go:434: [info] [region 1] 6 propose conf change peer:<id:8 store_id:2 > 
2026/04/23 20:34:00.847401 peer_msg_handler.go:438: [info] [region 1] 6 REJECT conf change (pending): pendingConfIndex=13297 appliedIndex=13291
2026/04/23 20:34:00.947208 peer_msg_handler.go:405: [info] [region 1] 6 propose admin cmd type=ChangePeer
2026/04/23 20:34:00.947353 peer_msg_handler.go:434: [info] [region 1] 6 propose conf change peer:<id:8 store_id:2 > 
2026/04/23 20:34:00.947395 peer_msg_handler.go:438: [info] [region 1] 6 REJECT conf change (pending): pendingConfIndex=13297 appliedIndex=13291
2026/04/23 20:34:01.047216 peer_msg_handler.go:405: [info] [region 1] 6 propose admin cmd type=ChangePeer
2026/04/23 20:34:01.047294 peer_msg_handler.go:434: [info] [region 1] 6 propose conf change peer:<id:8 store_id:2 > 
2026/04/23 20:34:01.047371 peer_msg_handler.go:438: [info] [region 1] 6 REJECT conf change (pending): pendingConfIndex=13297 appliedIndex=13291
2026/04/23 20:34:01.147120 peer_msg_handler.go:405: [info] [region 1] 6 propose admin cmd type=ChangePeer
2026/04/23 20:34:01.147227 peer_msg_handler.go:434: [info] [region 1] 6 propose conf change peer:<id:8 store_id:2 > 
2026/04/23 20:34:01.147247 peer_msg_handler.go:438: [info] [region 1] 6 REJECT conf change (pending): pendingConfIndex=13297 appliedIndex=13291
2026/04/23 20:34:01.247193 peer_msg_handler.go:405: [info] [region 1] 6 propose admin cmd type=ChangePeer
2026/04/23 20:34:01.247275 peer_msg_handler.go:434: [info] [region 1] 6 propose conf change peer:<id:8 store_id:2 > 
2026/04/23 20:34:01.247300 peer_msg_handler.go:438: [info] [region 1] 6 REJECT conf change (pending): pendingConfIndex=13297 appliedIndex=13291
2026/04/23 20:34:01.347282 peer_msg_handler.go:405: [info] [region 1] 6 propose admin cmd type=ChangePeer
2026/04/23 20:34:01.347355 peer_msg_handler.go:434: [info] [region 1] 6 propose conf change peer:<id:8 store_id:2 > 
2026/04/23 20:34:01.347373 peer_msg_handler.go:438: [info] [region 1] 6 REJECT conf change (pending): pendingConfIndex=13297 appliedIndex=13291
2026/04/23 20:34:01.447177 peer_msg_handler.go:405: [info] [region 1] 6 propose admin cmd type=ChangePeer
2026/04/23 20:34:01.447235 peer_msg_handler.go:434: [info] [region 1] 6 propose conf change peer:<id:8 store_id:2 > 
2026/04/23 20:34:01.447251 peer_msg_handler.go:438: [info] [region 1] 6 REJECT conf change (pending): pendingConfIndex=13297 appliedIndex=13291
2026/04/23 20:34:01.547067 peer_msg_handler.go:405: [info] [region 1] 6 propose admin cmd type=ChangePeer
2026/04/23 20:34:01.547121 peer_msg_handler.go:434: [info] [region 1] 6 propose conf change peer:<id:8 store_id:2 > 
2026/04/23 20:34:01.547129 peer_msg_handler.go:438: [info] [region 1] 6 REJECT conf change (pending): pendingConfIndex=13297 appliedIndex=13291
2026/04/23 20:34:01.647257 peer_msg_handler.go:405: [info] [region 1] 6 propose admin cmd type=ChangePeer
2026/04/23 20:34:01.647361 peer_msg_handler.go:434: [info] [region 1] 6 propose conf change peer:<id:8 store_id:2 > 
2026/04/23 20:34:01.647377 peer_msg_handler.go:438: [info] [region 1] 6 REJECT conf change (pending): pendingConfIndex=13297 appliedIndex=13291
2026/04/23 20:34:01.746775 peer_msg_handler.go:405: [info] [region 1] 6 propose admin cmd type=ChangePeer
2026/04/23 20:34:01.746839 peer_msg_handler.go:434: [info] [region 1] 6 propose conf change peer:<id:8 store_id:2 > 
2026/04/23 20:34:01.746856 peer_msg_handler.go:438: [info] [region 1] 6 REJECT conf change (pending): pendingConfIndex=13297 appliedIndex=13291
2026/04/23 20:34:01.847256 peer_msg_handler.go:405: [info] [region 1] 6 propose admin cmd type=ChangePeer
2026/04/23 20:34:01.847313 peer_msg_handler.go:434: [info] [region 1] 6 propose conf change peer:<id:8 store_id:2 > 
2026/04/23 20:34:01.847329 peer_msg_handler.go:438: [info] [region 1] 6 REJECT conf change (pending): pendingConfIndex=13297 appliedIndex=13291
2026/04/23 20:34:01.947178 peer_msg_handler.go:405: [info] [region 1] 6 propose admin cmd type=ChangePeer
2026/04/23 20:34:01.947348 peer_msg_handler.go:434: [info] [region 1] 6 propose conf change peer:<id:8 store_id:2 > 
2026/04/23 20:34:01.947382 peer_msg_handler.go:438: [info] [region 1] 6 REJECT conf change (pending): pendingConfIndex=13297 appliedIndex=13291
2026/04/23 20:34:02.047347 peer_msg_handler.go:405: [info] [region 1] 6 propose admin cmd type=ChangePeer
2026/04/23 20:34:02.047464 peer_msg_handler.go:434: [info] [region 1] 6 propose conf change peer:<id:8 store_id:2 > 
2026/04/23 20:34:02.047488 peer_msg_handler.go:438: [info] [region 1] 6 REJECT conf change (pending): pendingConfIndex=13297 appliedIndex=13291
2026/04/23 20:34:02.147217 peer_msg_handler.go:405: [info] [region 1] 6 propose admin cmd type=ChangePeer
2026/04/23 20:34:02.147288 peer_msg_handler.go:434: [info] [region 1] 6 propose conf change peer:<id:8 store_id:2 > 
2026/04/23 20:34:02.147307 peer_msg_handler.go:438: [info] [region 1] 6 REJECT conf change (pending): pendingConfIndex=13297 appliedIndex=13291
2026/04/23 20:34:02.247214 peer_msg_handler.go:405: [info] [region 1] 6 propose admin cmd type=ChangePeer
2026/04/23 20:34:02.247286 peer_msg_handler.go:434: [info] [region 1] 6 propose conf change peer:<id:8 store_id:2 > 
2026/04/23 20:34:02.247315 peer_msg_handler.go:438: [info] [region 1] 6 REJECT conf change (pending): pendingConfIndex=13297 appliedIndex=13291
2026/04/23 20:34:02.347208 peer_msg_handler.go:405: [info] [region 1] 6 propose admin cmd type=ChangePeer
2026/04/23 20:34:02.347269 peer_msg_handler.go:434: [info] [region 1] 6 propose conf change peer:<id:8 store_id:2 > 
2026/04/23 20:34:02.347278 peer_msg_handler.go:438: [info] [region 1] 6 REJECT conf change (pending): pendingConfIndex=13297 appliedIndex=13291
2026/04/23 20:34:02.447660 peer_msg_handler.go:405: [info] [region 1] 6 propose admin cmd type=ChangePeer
2026/04/23 20:34:02.447773 peer_msg_handler.go:434: [info] [region 1] 6 propose conf change peer:<id:8 store_id:2 > 
2026/04/23 20:34:02.447797 peer_msg_handler.go:438: [info] [region 1] 6 REJECT conf change (pending): pendingConfIndex=13297 appliedIndex=13291
2026/04/23 20:34:02.547295 peer_msg_handler.go:405: [info] [region 1] 6 propose admin cmd type=ChangePeer
2026/04/23 20:34:02.547549 peer_msg_handler.go:434: [info] [region 1] 6 propose conf change peer:<id:8 store_id:2 > 
2026/04/23 20:34:02.547589 peer_msg_handler.go:438: [info] [region 1] 6 REJECT conf change (pending): pendingConfIndex=13297 appliedIndex=13291
2026/04/23 20:34:02.647259 peer_msg_handler.go:405: [info] [region 1] 6 propose admin cmd type=ChangePeer
2026/04/23 20:34:02.647365 peer_msg_handler.go:434: [info] [region 1] 6 propose conf change peer:<id:8 store_id:2 > 
2026/04/23 20:34:02.647385 peer_msg_handler.go:438: [info] [region 1] 6 REJECT conf change (pending): pendingConfIndex=13297 appliedIndex=13291
2026/04/23 20:34:02.746744 peer_msg_handler.go:405: [info] [region 1] 6 propose admin cmd type=ChangePeer
2026/04/23 20:34:02.746807 peer_msg_handler.go:434: [info] [region 1] 6 propose conf change peer:<id:8 store_id:2 > 
2026/04/23 20:34:02.746815 peer_msg_handler.go:438: [info] [region 1] 6 REJECT conf change (pending): pendingConfIndex=13297 appliedIndex=13291
2026/04/23 20:34:02.847450 peer_msg_handler.go:405: [info] [region 1] 6 propose admin cmd type=ChangePeer
2026/04/23 20:34:02.847537 peer_msg_handler.go:434: [info] [region 1] 6 propose conf change peer:<id:8 store_id:2 > 
2026/04/23 20:34:02.847561 peer_msg_handler.go:438: [info] [region 1] 6 REJECT conf change (pending): pendingConfIndex=13297 appliedIndex=13291
2026/04/23 20:34:02.947291 peer_msg_handler.go:405: [info] [region 1] 6 propose admin cmd type=ChangePeer
2026/04/23 20:34:02.947378 peer_msg_handler.go:434: [info] [region 1] 6 propose conf change peer:<id:8 store_id:2 > 
2026/04/23 20:34:02.947401 peer_msg_handler.go:438: [info] [region 1] 6 REJECT conf change (pending): pendingConfIndex=13297 appliedIndex=13291
2026/04/23 20:34:03.047147 peer_msg_handler.go:405: [info] [region 1] 6 propose admin cmd type=ChangePeer
2026/04/23 20:34:03.047225 peer_msg_handler.go:434: [info] [region 1] 6 propose conf change peer:<id:8 store_id:2 > 
2026/04/23 20:34:03.047249 peer_msg_handler.go:438: [info] [region 1] 6 REJECT conf change (pending): pendingConfIndex=13297 appliedIndex=13291
2026/04/23 20:34:03.147130 peer_msg_handler.go:405: [info] [region 1] 6 propose admin cmd type=ChangePeer
2026/04/23 20:34:03.147234 peer_msg_handler.go:434: [info] [region 1] 6 propose conf change peer:<id:8 store_id:2 > 
2026/04/23 20:34:03.147252 peer_msg_handler.go:438: [info] [region 1] 6 REJECT conf change (pending): pendingConfIndex=13297 appliedIndex=13291
2026/04/23 20:34:03.246932 peer_msg_handler.go:405: [info] [region 1] 6 propose admin cmd type=ChangePeer
2026/04/23 20:34:03.247195 peer_msg_handler.go:434: [info] [region 1] 6 propose conf change peer:<id:8 store_id:2 > 
2026/04/23 20:34:03.247231 peer_msg_handler.go:438: [info] [region 1] 6 REJECT conf change (pending): pendingConfIndex=13297 appliedIndex=13291
2026/04/23 20:34:03.348969 peer_msg_handler.go:405: [info] [region 1] 6 propose admin cmd type=ChangePeer
2026/04/23 20:34:03.349048 peer_msg_handler.go:434: [info] [region 1] 6 propose conf change peer:<id:8 store_id:2 > 
2026/04/23 20:34:03.349063 peer_msg_handler.go:438: [info] [region 1] 6 REJECT conf change (pending): pendingConfIndex=13297 appliedIndex=13291
2026/04/23 20:34:03.447252 peer_msg_handler.go:405: [info] [region 1] 6 propose admin cmd type=ChangePeer
2026/04/23 20:34:03.447354 peer_msg_handler.go:434: [info] [region 1] 6 propose conf change peer:<id:8 store_id:2 > 
2026/04/23 20:34:03.447372 peer_msg_handler.go:438: [info] [region 1] 6 REJECT conf change (pending): pendingConfIndex=13297 appliedIndex=13291
2026/04/23 20:34:03.546731 peer_msg_handler.go:405: [info] [region 1] 6 propose admin cmd type=ChangePeer
2026/04/23 20:34:03.546847 peer_msg_handler.go:434: [info] [region 1] 6 propose conf change peer:<id:8 store_id:2 > 
2026/04/23 20:34:03.546873 peer_msg_handler.go:438: [info] [region 1] 6 REJECT conf change (pending): pendingConfIndex=13297 appliedIndex=13291
2026/04/23 20:34:03.647502 peer_msg_handler.go:405: [info] [region 1] 6 propose admin cmd type=ChangePeer
2026/04/23 20:34:03.647604 peer_msg_handler.go:434: [info] [region 1] 6 propose conf change peer:<id:8 store_id:2 > 
2026/04/23 20:34:03.647628 peer_msg_handler.go:438: [info] [region 1] 6 REJECT conf change (pending): pendingConfIndex=13297 appliedIndex=13291
2026/04/23 20:34:03.746758 peer_msg_handler.go:405: [info] [region 1] 6 propose admin cmd type=ChangePeer
2026/04/23 20:34:03.746823 peer_msg_handler.go:434: [info] [region 1] 6 propose conf change peer:<id:8 store_id:2 > 
2026/04/23 20:34:03.746838 peer_msg_handler.go:438: [info] [region 1] 6 REJECT conf change (pending): pendingConfIndex=13297 appliedIndex=13291
2026/04/23 20:34:03.847296 peer_msg_handler.go:405: [info] [region 1] 6 propose admin cmd type=ChangePeer
2026/04/23 20:34:03.847391 peer_msg_handler.go:434: [info] [region 1] 6 propose conf change peer:<id:8 store_id:2 > 
2026/04/23 20:34:03.847412 peer_msg_handler.go:438: [info] [region 1] 6 REJECT conf change (pending): pendingConfIndex=13297 appliedIndex=13291
2026/04/23 20:34:03.947122 peer_msg_handler.go:405: [info] [region 1] 6 propose admin cmd type=ChangePeer
2026/04/23 20:34:03.947194 peer_msg_handler.go:434: [info] [region 1] 6 propose conf change peer:<id:8 store_id:2 > 
2026/04/23 20:34:03.947211 peer_msg_handler.go:438: [info] [region 1] 6 REJECT conf change (pending): pendingConfIndex=13297 appliedIndex=13291
2026/04/23 20:34:04.047211 peer_msg_handler.go:405: [info] [region 1] 6 propose admin cmd type=ChangePeer
2026/04/23 20:34:04.047335 peer_msg_handler.go:434: [info] [region 1] 6 propose conf change peer:<id:8 store_id:2 > 
2026/04/23 20:34:04.047362 peer_msg_handler.go:438: [info] [region 1] 6 REJECT conf change (pending): pendingConfIndex=13297 appliedIndex=13291
2026/04/23 20:34:04.147252 peer_msg_handler.go:405: [info] [region 1] 6 propose admin cmd type=ChangePeer
2026/04/23 20:34:04.147331 peer_msg_handler.go:434: [info] [region 1] 6 propose conf change peer:<id:8 store_id:2 > 
2026/04/23 20:34:04.147347 peer_msg_handler.go:438: [info] [region 1] 6 REJECT conf change (pending): pendingConfIndex=13297 appliedIndex=13291
2026/04/23 20:34:04.247206 peer_msg_handler.go:405: [info] [region 1] 6 propose admin cmd type=ChangePeer
2026/04/23 20:34:04.247281 peer_msg_handler.go:434: [info] [region 1] 6 propose conf change peer:<id:8 store_id:2 > 
2026/04/23 20:34:04.247414 peer_msg_handler.go:438: [info] [region 1] 6 REJECT conf change (pending): pendingConfIndex=13297 appliedIndex=13291
2026/04/23 20:34:04.347279 peer_msg_handler.go:405: [info] [region 1] 6 propose admin cmd type=ChangePeer
2026/04/23 20:34:04.347391 peer_msg_handler.go:434: [info] [region 1] 6 propose conf change peer:<id:8 store_id:2 > 
2026/04/23 20:34:04.347421 peer_msg_handler.go:438: [info] [region 1] 6 REJECT conf change (pending): pendingConfIndex=13297 appliedIndex=13291
2026/04/23 20:34:04.447228 peer_msg_handler.go:405: [info] [region 1] 6 propose admin cmd type=ChangePeer
2026/04/23 20:34:04.447296 peer_msg_handler.go:434: [info] [region 1] 6 propose conf change peer:<id:8 store_id:2 > 
2026/04/23 20:34:04.447316 peer_msg_handler.go:438: [info] [region 1] 6 REJECT conf change (pending): pendingConfIndex=13297 appliedIndex=13291
2026/04/23 20:34:04.547238 peer_msg_handler.go:405: [info] [region 1] 6 propose admin cmd type=ChangePeer
2026/04/23 20:34:04.547338 peer_msg_handler.go:434: [info] [region 1] 6 propose conf change peer:<id:8 store_id:2 > 
2026/04/23 20:34:04.547355 peer_msg_handler.go:438: [info] [region 1] 6 REJECT conf change (pending): pendingConfIndex=13297 appliedIndex=13291
2026/04/23 20:34:04.647307 peer_msg_handler.go:405: [info] [region 1] 6 propose admin cmd type=ChangePeer
2026/04/23 20:34:04.647405 peer_msg_handler.go:434: [info] [region 1] 6 propose conf change peer:<id:8 store_id:2 > 
2026/04/23 20:34:04.647430 peer_msg_handler.go:438: [info] [region 1] 6 REJECT conf change (pending): pendingConfIndex=13297 appliedIndex=13291
2026/04/23 20:34:04.746801 peer_msg_handler.go:405: [info] [region 1] 6 propose admin cmd type=ChangePeer
2026/04/23 20:34:04.746888 peer_msg_handler.go:434: [info] [region 1] 6 propose conf change peer:<id:8 store_id:2 > 
2026/04/23 20:34:04.746906 peer_msg_handler.go:438: [info] [region 1] 6 REJECT conf change (pending): pendingConfIndex=13297 appliedIndex=13291
2026/04/23 20:34:04.847331 peer_msg_handler.go:405: [info] [region 1] 6 propose admin cmd type=ChangePeer
2026/04/23 20:34:04.847443 peer_msg_handler.go:434: [info] [region 1] 6 propose conf change peer:<id:8 store_id:2 > 
2026/04/23 20:34:04.847552 peer_msg_handler.go:438: [info] [region 1] 6 REJECT conf change (pending): pendingConfIndex=13297 appliedIndex=13291
2026/04/23 20:34:04.947193 peer_msg_handler.go:405: [info] [region 1] 6 propose admin cmd type=ChangePeer
2026/04/23 20:34:04.947274 peer_msg_handler.go:434: [info] [region 1] 6 propose conf change peer:<id:8 store_id:2 > 
2026/04/23 20:34:04.947301 peer_msg_handler.go:438: [info] [region 1] 6 REJECT conf change (pending): pendingConfIndex=13297 appliedIndex=13291
2026/04/23 20:34:05.046652 peer_msg_handler.go:405: [info] [region 1] 6 propose admin cmd type=ChangePeer
2026/04/23 20:34:05.046725 peer_msg_handler.go:434: [info] [region 1] 6 propose conf change peer:<id:8 store_id:2 > 
2026/04/23 20:34:05.046752 peer_msg_handler.go:438: [info] [region 1] 6 REJECT conf change (pending): pendingConfIndex=13297 appliedIndex=13291
2026/04/23 20:34:05.147251 peer_msg_handler.go:405: [info] [region 1] 6 propose admin cmd type=ChangePeer
2026/04/23 20:34:05.147320 peer_msg_handler.go:434: [info] [region 1] 6 propose conf change peer:<id:8 store_id:2 > 
2026/04/23 20:34:05.147343 peer_msg_handler.go:438: [info] [region 1] 6 REJECT conf change (pending): pendingConfIndex=13297 appliedIndex=13291
2026/04/23 20:34:05.247272 peer_msg_handler.go:405: [info] [region 1] 6 propose admin cmd type=ChangePeer
2026/04/23 20:34:05.247340 peer_msg_handler.go:434: [info] [region 1] 6 propose conf change peer:<id:8 store_id:2 > 
2026/04/23 20:34:05.247355 peer_msg_handler.go:438: [info] [region 1] 6 REJECT conf change (pending): pendingConfIndex=13297 appliedIndex=13291
2026/04/23 20:34:05.347267 peer_msg_handler.go:405: [info] [region 1] 6 propose admin cmd type=ChangePeer
2026/04/23 20:34:05.347351 peer_msg_handler.go:434: [info] [region 1] 6 propose conf change peer:<id:8 store_id:2 > 
2026/04/23 20:34:05.347376 peer_msg_handler.go:438: [info] [region 1] 6 REJECT conf change (pending): pendingConfIndex=13297 appliedIndex=13291
2026/04/23 20:34:05.447219 peer_msg_handler.go:405: [info] [region 1] 6 propose admin cmd type=ChangePeer
2026/04/23 20:34:05.447336 peer_msg_handler.go:434: [info] [region 1] 6 propose conf change peer:<id:8 store_id:2 > 
2026/04/23 20:34:05.447360 peer_msg_handler.go:438: [info] [region 1] 6 REJECT conf change (pending): pendingConfIndex=13297 appliedIndex=13291
2026/04/23 20:34:05.547309 peer_msg_handler.go:405: [info] [region 1] 6 propose admin cmd type=ChangePeer
2026/04/23 20:34:05.547382 peer_msg_handler.go:434: [info] [region 1] 6 propose conf change peer:<id:8 store_id:2 > 
2026/04/23 20:34:05.547405 peer_msg_handler.go:438: [info] [region 1] 6 REJECT conf change (pending): pendingConfIndex=13297 appliedIndex=13291
2026/04/23 20:34:05.647191 peer_msg_handler.go:405: [info] [region 1] 6 propose admin cmd type=ChangePeer
2026/04/23 20:34:05.647280 peer_msg_handler.go:434: [info] [region 1] 6 propose conf change peer:<id:8 store_id:2 > 
2026/04/23 20:34:05.647319 peer_msg_handler.go:438: [info] [region 1] 6 REJECT conf change (pending): pendingConfIndex=13297 appliedIndex=13291
2026/04/23 20:34:05.746783 peer_msg_handler.go:405: [info] [region 1] 6 propose admin cmd type=ChangePeer
2026/04/23 20:34:05.746883 peer_msg_handler.go:434: [info] [region 1] 6 propose conf change peer:<id:8 store_id:2 > 
2026/04/23 20:34:05.746902 peer_msg_handler.go:438: [info] [region 1] 6 REJECT conf change (pending): pendingConfIndex=13297 appliedIndex=13291
2026/04/23 20:34:05.847272 peer_msg_handler.go:405: [info] [region 1] 6 propose admin cmd type=ChangePeer
2026/04/23 20:34:05.847374 peer_msg_handler.go:434: [info] [region 1] 6 propose conf change peer:<id:8 store_id:2 > 
2026/04/23 20:34:05.847395 peer_msg_handler.go:438: [info] [region 1] 6 REJECT conf change (pending): pendingConfIndex=13297 appliedIndex=13291
2026/04/23 20:34:05.947199 peer_msg_handler.go:405: [info] [region 1] 6 propose admin cmd type=ChangePeer
2026/04/23 20:34:05.947288 peer_msg_handler.go:434: [info] [region 1] 6 propose conf change peer:<id:8 store_id:2 > 
2026/04/23 20:34:05.947313 peer_msg_handler.go:438: [info] [region 1] 6 REJECT conf change (pending): pendingConfIndex=13297 appliedIndex=13291
2026/04/23 20:34:06.047273 peer_msg_handler.go:405: [info] [region 1] 6 propose admin cmd type=ChangePeer
2026/04/23 20:34:06.047348 peer_msg_handler.go:434: [info] [region 1] 6 propose conf change peer:<id:8 store_id:2 > 
2026/04/23 20:34:06.047369 peer_msg_handler.go:438: [info] [region 1] 6 REJECT conf change (pending): pendingConfIndex=13297 appliedIndex=13291
2026/04/23 20:34:06.147328 peer_msg_handler.go:405: [info] [region 1] 6 propose admin cmd type=ChangePeer
2026/04/23 20:34:06.147418 peer_msg_handler.go:434: [info] [region 1] 6 propose conf change peer:<id:8 store_id:2 > 
2026/04/23 20:34:06.147447 peer_msg_handler.go:438: [info] [region 1] 6 REJECT conf change (pending): pendingConfIndex=13297 appliedIndex=13291
2026/04/23 20:34:06.247332 peer_msg_handler.go:405: [info] [region 1] 6 propose admin cmd type=ChangePeer
2026/04/23 20:34:06.247395 peer_msg_handler.go:434: [info] [region 1] 6 propose conf change peer:<id:8 store_id:2 > 
2026/04/23 20:34:06.247412 peer_msg_handler.go:438: [info] [region 1] 6 REJECT conf change (pending): pendingConfIndex=13297 appliedIndex=13291
2026/04/23 20:34:06.347266 peer_msg_handler.go:405: [info] [region 1] 6 propose admin cmd type=ChangePeer
2026/04/23 20:34:06.347358 peer_msg_handler.go:434: [info] [region 1] 6 propose conf change peer:<id:8 store_id:2 > 
2026/04/23 20:34:06.347380 peer_msg_handler.go:438: [info] [region 1] 6 REJECT conf change (pending): pendingConfIndex=13297 appliedIndex=13291
2026/04/23 20:34:06.447316 peer_msg_handler.go:405: [info] [region 1] 6 propose admin cmd type=ChangePeer
2026/04/23 20:34:06.447391 peer_msg_handler.go:434: [info] [region 1] 6 propose conf change peer:<id:8 store_id:2 > 
2026/04/23 20:34:06.447410 peer_msg_handler.go:438: [info] [region 1] 6 REJECT conf change (pending): pendingConfIndex=13297 appliedIndex=13291
2026/04/23 20:34:06.547202 peer_msg_handler.go:405: [info] [region 1] 6 propose admin cmd type=ChangePeer
2026/04/23 20:34:06.547284 peer_msg_handler.go:434: [info] [region 1] 6 propose conf change peer:<id:8 store_id:2 > 
2026/04/23 20:34:06.547308 peer_msg_handler.go:438: [info] [region 1] 6 REJECT conf change (pending): pendingConfIndex=13297 appliedIndex=13291
2026/04/23 20:34:06.647205 peer_msg_handler.go:405: [info] [region 1] 6 propose admin cmd type=ChangePeer
2026/04/23 20:34:06.647287 peer_msg_handler.go:434: [info] [region 1] 6 propose conf change peer:<id:8 store_id:2 > 
2026/04/23 20:34:06.647310 peer_msg_handler.go:438: [info] [region 1] 6 REJECT conf change (pending): pendingConfIndex=13297 appliedIndex=13291
2026/04/23 20:34:06.746776 peer_msg_handler.go:405: [info] [region 1] 6 propose admin cmd type=ChangePeer
2026/04/23 20:34:06.746831 peer_msg_handler.go:434: [info] [region 1] 6 propose conf change peer:<id:8 store_id:2 > 
2026/04/23 20:34:06.746847 peer_msg_handler.go:438: [info] [region 1] 6 REJECT conf change (pending): pendingConfIndex=13297 appliedIndex=13291
2026/04/23 20:34:06.847251 peer_msg_handler.go:405: [info] [region 1] 6 propose admin cmd type=ChangePeer
2026/04/23 20:34:06.847294 peer_msg_handler.go:434: [info] [region 1] 6 propose conf change peer:<id:8 store_id:2 > 
2026/04/23 20:34:06.847308 peer_msg_handler.go:438: [info] [region 1] 6 REJECT conf change (pending): pendingConfIndex=13297 appliedIndex=13291
2026/04/23 20:34:06.947189 peer_msg_handler.go:405: [info] [region 1] 6 propose admin cmd type=ChangePeer
2026/04/23 20:34:06.947282 peer_msg_handler.go:434: [info] [region 1] 6 propose conf change peer:<id:8 store_id:2 > 
2026/04/23 20:34:06.947305 peer_msg_handler.go:438: [info] [region 1] 6 REJECT conf change (pending): pendingConfIndex=13297 appliedIndex=13291
2026/04/23 20:34:07.047191 peer_msg_handler.go:405: [info] [region 1] 6 propose admin cmd type=ChangePeer
2026/04/23 20:34:07.047265 peer_msg_handler.go:434: [info] [region 1] 6 propose conf change peer:<id:8 store_id:2 > 
2026/04/23 20:34:07.047287 peer_msg_handler.go:438: [info] [region 1] 6 REJECT conf change (pending): pendingConfIndex=13297 appliedIndex=13291
2026/04/23 20:34:07.147150 peer_msg_handler.go:405: [info] [region 1] 6 propose admin cmd type=ChangePeer
2026/04/23 20:34:07.147218 peer_msg_handler.go:434: [info] [region 1] 6 propose conf change peer:<id:8 store_id:2 > 
2026/04/23 20:34:07.147252 peer_msg_handler.go:438: [info] [region 1] 6 REJECT conf change (pending): pendingConfIndex=13297 appliedIndex=13291
2026/04/23 20:34:07.247209 peer_msg_handler.go:405: [info] [region 1] 6 propose admin cmd type=ChangePeer
2026/04/23 20:34:07.247526 peer_msg_handler.go:434: [info] [region 1] 6 propose conf change peer:<id:8 store_id:2 > 
2026/04/23 20:34:07.247549 peer_msg_handler.go:438: [info] [region 1] 6 REJECT conf change (pending): pendingConfIndex=13297 appliedIndex=13291
2026/04/23 20:34:07.347276 peer_msg_handler.go:405: [info] [region 1] 6 propose admin cmd type=ChangePeer
2026/04/23 20:34:07.347357 peer_msg_handler.go:434: [info] [region 1] 6 propose conf change peer:<id:8 store_id:2 > 
2026/04/23 20:34:07.347381 peer_msg_handler.go:438: [info] [region 1] 6 REJECT conf change (pending): pendingConfIndex=13297 appliedIndex=13291
2026/04/23 20:34:07.447213 peer_msg_handler.go:405: [info] [region 1] 6 propose admin cmd type=ChangePeer
2026/04/23 20:34:07.447277 peer_msg_handler.go:434: [info] [region 1] 6 propose conf change peer:<id:8 store_id:2 > 
2026/04/23 20:34:07.447295 peer_msg_handler.go:438: [info] [region 1] 6 REJECT conf change (pending): pendingConfIndex=13297 appliedIndex=13291
2026/04/23 20:34:07.547163 peer_msg_handler.go:405: [info] [region 1] 6 propose admin cmd type=ChangePeer
2026/04/23 20:34:07.547227 peer_msg_handler.go:434: [info] [region 1] 6 propose conf change peer:<id:8 store_id:2 > 
2026/04/23 20:34:07.547245 peer_msg_handler.go:438: [info] [region 1] 6 REJECT conf change (pending): pendingConfIndex=13297 appliedIndex=13291
2026/04/23 20:34:07.647265 peer_msg_handler.go:405: [info] [region 1] 6 propose admin cmd type=ChangePeer
2026/04/23 20:34:07.647364 peer_msg_handler.go:434: [info] [region 1] 6 propose conf change peer:<id:8 store_id:2 > 
2026/04/23 20:34:07.647427 peer_msg_handler.go:438: [info] [region 1] 6 REJECT conf change (pending): pendingConfIndex=13297 appliedIndex=13291
2026/04/23 20:34:07.746770 peer_msg_handler.go:405: [info] [region 1] 6 propose admin cmd type=ChangePeer
2026/04/23 20:34:07.746835 peer_msg_handler.go:434: [info] [region 1] 6 propose conf change peer:<id:8 store_id:2 > 
2026/04/23 20:34:07.746851 peer_msg_handler.go:438: [info] [region 1] 6 REJECT conf change (pending): pendingConfIndex=13297 appliedIndex=13291
2026/04/23 20:34:07.847153 peer_msg_handler.go:405: [info] [region 1] 6 propose admin cmd type=ChangePeer
2026/04/23 20:34:07.847229 peer_msg_handler.go:434: [info] [region 1] 6 propose conf change peer:<id:8 store_id:2 > 
2026/04/23 20:34:07.847247 peer_msg_handler.go:438: [info] [region 1] 6 REJECT conf change (pending): pendingConfIndex=13297 appliedIndex=13291
2026/04/23 20:34:07.947230 peer_msg_handler.go:405: [info] [region 1] 6 propose admin cmd type=ChangePeer
2026/04/23 20:34:07.947334 peer_msg_handler.go:434: [info] [region 1] 6 propose conf change peer:<id:8 store_id:2 > 
2026/04/23 20:34:07.947396 peer_msg_handler.go:438: [info] [region 1] 6 REJECT conf change (pending): pendingConfIndex=13297 appliedIndex=13291
2026/04/23 20:34:08.047246 peer_msg_handler.go:405: [info] [region 1] 6 propose admin cmd type=ChangePeer
2026/04/23 20:34:08.047329 peer_msg_handler.go:434: [info] [region 1] 6 propose conf change peer:<id:8 store_id:2 > 
2026/04/23 20:34:08.047403 peer_msg_handler.go:438: [info] [region 1] 6 REJECT conf change (pending): pendingConfIndex=13297 appliedIndex=13291
2026/04/23 20:34:08.147226 peer_msg_handler.go:405: [info] [region 1] 6 propose admin cmd type=ChangePeer
2026/04/23 20:34:08.147310 peer_msg_handler.go:434: [info] [region 1] 6 propose conf change peer:<id:8 store_id:2 > 
2026/04/23 20:34:08.147333 peer_msg_handler.go:438: [info] [region 1] 6 REJECT conf change (pending): pendingConfIndex=13297 appliedIndex=13291
2026/04/23 20:34:08.247253 peer_msg_handler.go:405: [info] [region 1] 6 propose admin cmd type=ChangePeer
2026/04/23 20:34:08.247292 peer_msg_handler.go:434: [info] [region 1] 6 propose conf change peer:<id:8 store_id:2 > 
2026/04/23 20:34:08.247298 peer_msg_handler.go:438: [info] [region 1] 6 REJECT conf change (pending): pendingConfIndex=13297 appliedIndex=13291
2026/04/23 20:34:08.347264 peer_msg_handler.go:405: [info] [region 1] 6 propose admin cmd type=ChangePeer
2026/04/23 20:34:08.347335 peer_msg_handler.go:434: [info] [region 1] 6 propose conf change peer:<id:8 store_id:2 > 
2026/04/23 20:34:08.347357 peer_msg_handler.go:438: [info] [region 1] 6 REJECT conf change (pending): pendingConfIndex=13297 appliedIndex=13291
2026/04/23 20:34:08.447133 peer_msg_handler.go:405: [info] [region 1] 6 propose admin cmd type=ChangePeer
2026/04/23 20:34:08.447183 peer_msg_handler.go:434: [info] [region 1] 6 propose conf change peer:<id:8 store_id:2 > 
2026/04/23 20:34:08.447191 peer_msg_handler.go:438: [info] [region 1] 6 REJECT conf change (pending): pendingConfIndex=13297 appliedIndex=13291
2026/04/23 20:34:08.547116 peer_msg_handler.go:405: [info] [region 1] 6 propose admin cmd type=ChangePeer
2026/04/23 20:34:08.547188 peer_msg_handler.go:434: [info] [region 1] 6 propose conf change peer:<id:8 store_id:2 > 
2026/04/23 20:34:08.547210 peer_msg_handler.go:438: [info] [region 1] 6 REJECT conf change (pending): pendingConfIndex=13297 appliedIndex=13291
2026/04/23 20:34:08.647227 peer_msg_handler.go:405: [info] [region 1] 6 propose admin cmd type=ChangePeer
2026/04/23 20:34:08.647679 peer_msg_handler.go:434: [info] [region 1] 6 propose conf change peer:<id:8 store_id:2 > 
2026/04/23 20:34:08.647733 peer_msg_handler.go:438: [info] [region 1] 6 REJECT conf change (pending): pendingConfIndex=13297 appliedIndex=13291
2026/04/23 20:34:08.746801 peer_msg_handler.go:405: [info] [region 1] 6 propose admin cmd type=ChangePeer
2026/04/23 20:34:08.746857 peer_msg_handler.go:434: [info] [region 1] 6 propose conf change peer:<id:8 store_id:2 > 
2026/04/23 20:34:08.746873 peer_msg_handler.go:438: [info] [region 1] 6 REJECT conf change (pending): pendingConfIndex=13297 appliedIndex=13291
2026/04/23 20:34:08.847267 peer_msg_handler.go:405: [info] [region 1] 6 propose admin cmd type=ChangePeer
2026/04/23 20:34:08.847368 peer_msg_handler.go:434: [info] [region 1] 6 propose conf change peer:<id:8 store_id:2 > 
2026/04/23 20:34:08.847384 peer_msg_handler.go:438: [info] [region 1] 6 REJECT conf change (pending): pendingConfIndex=13297 appliedIndex=13291
2026/04/23 20:34:08.947179 peer_msg_handler.go:405: [info] [region 1] 6 propose admin cmd type=ChangePeer
2026/04/23 20:34:08.947283 peer_msg_handler.go:434: [info] [region 1] 6 propose conf change peer:<id:8 store_id:2 > 
2026/04/23 20:34:08.947307 peer_msg_handler.go:438: [info] [region 1] 6 REJECT conf change (pending): pendingConfIndex=13297 appliedIndex=13291
2026/04/23 20:34:09.046668 peer_msg_handler.go:405: [info] [region 1] 6 propose admin cmd type=ChangePeer
2026/04/23 20:34:09.046745 peer_msg_handler.go:434: [info] [region 1] 6 propose conf change peer:<id:8 store_id:2 > 
2026/04/23 20:34:09.046763 peer_msg_handler.go:438: [info] [region 1] 6 REJECT conf change (pending): pendingConfIndex=13297 appliedIndex=13291
2026/04/23 20:34:09.147216 peer_msg_handler.go:405: [info] [region 1] 6 propose admin cmd type=ChangePeer
2026/04/23 20:34:09.147272 peer_msg_handler.go:434: [info] [region 1] 6 propose conf change peer:<id:8 store_id:2 > 
2026/04/23 20:34:09.147289 peer_msg_handler.go:438: [info] [region 1] 6 REJECT conf change (pending): pendingConfIndex=13297 appliedIndex=13291
2026/04/23 20:34:09.247133 peer_msg_handler.go:405: [info] [region 1] 6 propose admin cmd type=ChangePeer
2026/04/23 20:34:09.247180 peer_msg_handler.go:434: [info] [region 1] 6 propose conf change peer:<id:8 store_id:2 > 
2026/04/23 20:34:09.247187 peer_msg_handler.go:438: [info] [region 1] 6 REJECT conf change (pending): pendingConfIndex=13297 appliedIndex=13291
2026/04/23 20:34:09.347270 peer_msg_handler.go:405: [info] [region 1] 6 propose admin cmd type=ChangePeer
2026/04/23 20:34:09.347356 peer_msg_handler.go:434: [info] [region 1] 6 propose conf change peer:<id:8 store_id:2 > 
2026/04/23 20:34:09.347378 peer_msg_handler.go:438: [info] [region 1] 6 REJECT conf change (pending): pendingConfIndex=13297 appliedIndex=13291
2026/04/23 20:34:09.458101 peer_msg_handler.go:405: [info] [region 1] 6 propose admin cmd type=ChangePeer
2026/04/23 20:34:09.458191 peer_msg_handler.go:434: [info] [region 1] 6 propose conf change peer:<id:8 store_id:2 > 
2026/04/23 20:34:09.458210 peer_msg_handler.go:438: [info] [region 1] 6 REJECT conf change (pending): pendingConfIndex=13297 appliedIndex=13291
2026/04/23 20:34:09.547260 peer_msg_handler.go:405: [info] [region 1] 6 propose admin cmd type=ChangePeer
2026/04/23 20:34:09.547346 peer_msg_handler.go:434: [info] [region 1] 6 propose conf change peer:<id:8 store_id:2 > 
2026/04/23 20:34:09.547427 peer_msg_handler.go:438: [info] [region 1] 6 REJECT conf change (pending): pendingConfIndex=13297 appliedIndex=13291
2026/04/23 20:34:09.647201 peer_msg_handler.go:405: [info] [region 1] 6 propose admin cmd type=ChangePeer
2026/04/23 20:34:09.647283 peer_msg_handler.go:434: [info] [region 1] 6 propose conf change peer:<id:8 store_id:2 > 
2026/04/23 20:34:09.647308 peer_msg_handler.go:438: [info] [region 1] 6 REJECT conf change (pending): pendingConfIndex=13297 appliedIndex=13291
2026/04/23 20:34:09.746791 peer_msg_handler.go:405: [info] [region 1] 6 propose admin cmd type=ChangePeer
2026/04/23 20:34:09.746849 peer_msg_handler.go:434: [info] [region 1] 6 propose conf change peer:<id:8 store_id:2 > 
2026/04/23 20:34:09.746864 peer_msg_handler.go:438: [info] [region 1] 6 REJECT conf change (pending): pendingConfIndex=13297 appliedIndex=13291
2026/04/23 20:34:09.847248 peer_msg_handler.go:405: [info] [region 1] 6 propose admin cmd type=ChangePeer
2026/04/23 20:34:09.847466 peer_msg_handler.go:434: [info] [region 1] 6 propose conf change peer:<id:8 store_id:2 > 
2026/04/23 20:34:09.847603 peer_msg_handler.go:438: [info] [region 1] 6 REJECT conf change (pending): pendingConfIndex=13297 appliedIndex=13291
2026/04/23 20:34:09.947192 peer_msg_handler.go:405: [info] [region 1] 6 propose admin cmd type=ChangePeer
2026/04/23 20:34:09.947322 peer_msg_handler.go:434: [info] [region 1] 6 propose conf change peer:<id:8 store_id:2 > 
2026/04/23 20:34:09.947343 peer_msg_handler.go:438: [info] [region 1] 6 REJECT conf change (pending): pendingConfIndex=13297 appliedIndex=13291
2026/04/23 20:34:10.047280 peer_msg_handler.go:405: [info] [region 1] 6 propose admin cmd type=ChangePeer
2026/04/23 20:34:10.047347 peer_msg_handler.go:434: [info] [region 1] 6 propose conf change peer:<id:8 store_id:2 > 
2026/04/23 20:34:10.047369 peer_msg_handler.go:438: [info] [region 1] 6 REJECT conf change (pending): pendingConfIndex=13297 appliedIndex=13291
2026/04/23 20:34:10.147243 peer_msg_handler.go:405: [info] [region 1] 6 propose admin cmd type=ChangePeer
2026/04/23 20:34:10.147422 peer_msg_handler.go:434: [info] [region 1] 6 propose conf change peer:<id:8 store_id:2 > 
2026/04/23 20:34:10.147447 peer_msg_handler.go:438: [info] [region 1] 6 REJECT conf change (pending): pendingConfIndex=13297 appliedIndex=13291
2026/04/23 20:34:10.247372 peer_msg_handler.go:405: [info] [region 1] 6 propose admin cmd type=ChangePeer
2026/04/23 20:34:10.247440 peer_msg_handler.go:434: [info] [region 1] 6 propose conf change peer:<id:8 store_id:2 > 
2026/04/23 20:34:10.247455 peer_msg_handler.go:438: [info] [region 1] 6 REJECT conf change (pending): pendingConfIndex=13297 appliedIndex=13291
2026/04/23 20:34:10.347315 peer_msg_handler.go:405: [info] [region 1] 6 propose admin cmd type=ChangePeer
2026/04/23 20:34:10.347402 peer_msg_handler.go:434: [info] [region 1] 6 propose conf change peer:<id:8 store_id:2 > 
2026/04/23 20:34:10.347431 peer_msg_handler.go:438: [info] [region 1] 6 REJECT conf change (pending): pendingConfIndex=13297 appliedIndex=13291
2026/04/23 20:34:10.447253 peer_msg_handler.go:405: [info] [region 1] 6 propose admin cmd type=ChangePeer
2026/04/23 20:34:10.447321 peer_msg_handler.go:434: [info] [region 1] 6 propose conf change peer:<id:8 store_id:2 > 
2026/04/23 20:34:10.447357 peer_msg_handler.go:438: [info] [region 1] 6 REJECT conf change (pending): pendingConfIndex=13297 appliedIndex=13291
2026/04/23 20:34:10.547191 peer_msg_handler.go:405: [info] [region 1] 6 propose admin cmd type=ChangePeer
2026/04/23 20:34:10.547267 peer_msg_handler.go:434: [info] [region 1] 6 propose conf change peer:<id:8 store_id:2 > 
2026/04/23 20:34:10.547289 peer_msg_handler.go:438: [info] [region 1] 6 REJECT conf change (pending): pendingConfIndex=13297 appliedIndex=13291
2026/04/23 20:34:10.647308 peer_msg_handler.go:405: [info] [region 1] 6 propose admin cmd type=ChangePeer
2026/04/23 20:34:10.647381 peer_msg_handler.go:434: [info] [region 1] 6 propose conf change peer:<id:8 store_id:2 > 
2026/04/23 20:34:10.647405 peer_msg_handler.go:438: [info] [region 1] 6 REJECT conf change (pending): pendingConfIndex=13297 appliedIndex=13291
2026/04/23 20:34:10.746749 peer_msg_handler.go:405: [info] [region 1] 6 propose admin cmd type=ChangePeer
2026/04/23 20:34:10.746798 peer_msg_handler.go:434: [info] [region 1] 6 propose conf change peer:<id:8 store_id:2 > 
2026/04/23 20:34:10.746814 peer_msg_handler.go:438: [info] [region 1] 6 REJECT conf change (pending): pendingConfIndex=13297 appliedIndex=13291
2026/04/23 20:34:10.847277 peer_msg_handler.go:405: [info] [region 1] 6 propose admin cmd type=ChangePeer
2026/04/23 20:34:10.847425 peer_msg_handler.go:434: [info] [region 1] 6 propose conf change peer:<id:8 store_id:2 > 
2026/04/23 20:34:10.847448 peer_msg_handler.go:438: [info] [region 1] 6 REJECT conf change (pending): pendingConfIndex=13297 appliedIndex=13291
2026/04/23 20:34:10.947297 peer_msg_handler.go:405: [info] [region 1] 6 propose admin cmd type=ChangePeer
2026/04/23 20:34:10.947377 peer_msg_handler.go:434: [info] [region 1] 6 propose conf change peer:<id:8 store_id:2 > 
2026/04/23 20:34:10.947407 peer_msg_handler.go:438: [info] [region 1] 6 REJECT conf change (pending): pendingConfIndex=13297 appliedIndex=13291
2026/04/23 20:34:11.047213 peer_msg_handler.go:405: [info] [region 1] 6 propose admin cmd type=ChangePeer
2026/04/23 20:34:11.047287 peer_msg_handler.go:434: [info] [region 1] 6 propose conf change peer:<id:8 store_id:2 > 
2026/04/23 20:34:11.047306 peer_msg_handler.go:438: [info] [region 1] 6 REJECT conf change (pending): pendingConfIndex=13297 appliedIndex=13291
2026/04/23 20:34:11.147253 peer_msg_handler.go:405: [info] [region 1] 6 propose admin cmd type=ChangePeer
2026/04/23 20:34:11.147325 peer_msg_handler.go:434: [info] [region 1] 6 propose conf change peer:<id:8 store_id:2 > 
2026/04/23 20:34:11.147348 peer_msg_handler.go:438: [info] [region 1] 6 REJECT conf change (pending): pendingConfIndex=13297 appliedIndex=13291
2026/04/23 20:34:11.247162 peer_msg_handler.go:405: [info] [region 1] 6 propose admin cmd type=ChangePeer
2026/04/23 20:34:11.247189 peer_msg_handler.go:434: [info] [region 1] 6 propose conf change peer:<id:8 store_id:2 > 
2026/04/23 20:34:11.247200 peer_msg_handler.go:438: [info] [region 1] 6 REJECT conf change (pending): pendingConfIndex=13297 appliedIndex=13291
2026/04/23 20:34:11.347309 peer_msg_handler.go:405: [info] [region 1] 6 propose admin cmd type=ChangePeer
2026/04/23 20:34:11.347392 peer_msg_handler.go:434: [info] [region 1] 6 propose conf change peer:<id:8 store_id:2 > 
2026/04/23 20:34:11.347420 peer_msg_handler.go:438: [info] [region 1] 6 REJECT conf change (pending): pendingConfIndex=13297 appliedIndex=13291
2026/04/23 20:34:11.447194 peer_msg_handler.go:405: [info] [region 1] 6 propose admin cmd type=ChangePeer
2026/04/23 20:34:11.447262 peer_msg_handler.go:434: [info] [region 1] 6 propose conf change peer:<id:8 store_id:2 > 
2026/04/23 20:34:11.447282 peer_msg_handler.go:438: [info] [region 1] 6 REJECT conf change (pending): pendingConfIndex=13297 appliedIndex=13291
2026/04/23 20:34:11.547168 peer_msg_handler.go:405: [info] [region 1] 6 propose admin cmd type=ChangePeer
2026/04/23 20:34:11.547217 peer_msg_handler.go:434: [info] [region 1] 6 propose conf change peer:<id:8 store_id:2 > 
2026/04/23 20:34:11.547225 peer_msg_handler.go:438: [info] [region 1] 6 REJECT conf change (pending): pendingConfIndex=13297 appliedIndex=13291
2026/04/23 20:34:11.647272 peer_msg_handler.go:405: [info] [region 1] 6 propose admin cmd type=ChangePeer
2026/04/23 20:34:11.647350 peer_msg_handler.go:434: [info] [region 1] 6 propose conf change peer:<id:8 store_id:2 > 
2026/04/23 20:34:11.647378 peer_msg_handler.go:438: [info] [region 1] 6 REJECT conf change (pending): pendingConfIndex=13297 appliedIndex=13291
2026/04/23 20:34:11.746757 peer_msg_handler.go:405: [info] [region 1] 6 propose admin cmd type=ChangePeer
2026/04/23 20:34:11.746818 peer_msg_handler.go:434: [info] [region 1] 6 propose conf change peer:<id:8 store_id:2 > 
2026/04/23 20:34:11.746836 peer_msg_handler.go:438: [info] [region 1] 6 REJECT conf change (pending): pendingConfIndex=13297 appliedIndex=13291
2026/04/23 20:34:11.847336 peer_msg_handler.go:405: [info] [region 1] 6 propose admin cmd type=ChangePeer
2026/04/23 20:34:11.847431 peer_msg_handler.go:434: [info] [region 1] 6 propose conf change peer:<id:8 store_id:2 > 
2026/04/23 20:34:11.847453 peer_msg_handler.go:438: [info] [region 1] 6 REJECT conf change (pending): pendingConfIndex=13297 appliedIndex=13291
2026/04/23 20:34:11.947191 peer_msg_handler.go:405: [info] [region 1] 6 propose admin cmd type=ChangePeer
2026/04/23 20:34:11.947271 peer_msg_handler.go:434: [info] [region 1] 6 propose conf change peer:<id:8 store_id:2 > 
2026/04/23 20:34:11.947293 peer_msg_handler.go:438: [info] [region 1] 6 REJECT conf change (pending): pendingConfIndex=13297 appliedIndex=13291
2026/04/23 20:34:12.047220 peer_msg_handler.go:405: [info] [region 1] 6 propose admin cmd type=ChangePeer
2026/04/23 20:34:12.047310 peer_msg_handler.go:434: [info] [region 1] 6 propose conf change peer:<id:8 store_id:2 > 
2026/04/23 20:34:12.047337 peer_msg_handler.go:438: [info] [region 1] 6 REJECT conf change (pending): pendingConfIndex=13297 appliedIndex=13291
2026/04/23 20:34:12.147260 peer_msg_handler.go:405: [info] [region 1] 6 propose admin cmd type=ChangePeer
2026/04/23 20:34:12.147332 peer_msg_handler.go:434: [info] [region 1] 6 propose conf change peer:<id:8 store_id:2 > 
2026/04/23 20:34:12.147355 peer_msg_handler.go:438: [info] [region 1] 6 REJECT conf change (pending): pendingConfIndex=13297 appliedIndex=13291
2026/04/23 20:34:12.247258 peer_msg_handler.go:405: [info] [region 1] 6 propose admin cmd type=ChangePeer
2026/04/23 20:34:12.247357 peer_msg_handler.go:434: [info] [region 1] 6 propose conf change peer:<id:8 store_id:2 > 
2026/04/23 20:34:12.247412 peer_msg_handler.go:438: [info] [region 1] 6 REJECT conf change (pending): pendingConfIndex=13297 appliedIndex=13291
2026/04/23 20:34:12.347308 peer_msg_handler.go:405: [info] [region 1] 6 propose admin cmd type=ChangePeer
2026/04/23 20:34:12.347381 peer_msg_handler.go:434: [info] [region 1] 6 propose conf change peer:<id:8 store_id:2 > 
2026/04/23 20:34:12.347402 peer_msg_handler.go:438: [info] [region 1] 6 REJECT conf change (pending): pendingConfIndex=13297 appliedIndex=13291
2026/04/23 20:34:12.447305 peer_msg_handler.go:405: [info] [region 1] 6 propose admin cmd type=ChangePeer
2026/04/23 20:34:12.447375 peer_msg_handler.go:434: [info] [region 1] 6 propose conf change peer:<id:8 store_id:2 > 
2026/04/23 20:34:12.447398 peer_msg_handler.go:438: [info] [region 1] 6 REJECT conf change (pending): pendingConfIndex=13297 appliedIndex=13291
2026/04/23 20:34:12.547220 peer_msg_handler.go:405: [info] [region 1] 6 propose admin cmd type=ChangePeer
2026/04/23 20:34:12.547329 peer_msg_handler.go:434: [info] [region 1] 6 propose conf change peer:<id:8 store_id:2 > 
2026/04/23 20:34:12.547348 peer_msg_handler.go:438: [info] [region 1] 6 REJECT conf change (pending): pendingConfIndex=13297 appliedIndex=13291
2026/04/23 20:34:12.647289 peer_msg_handler.go:405: [info] [region 1] 6 propose admin cmd type=ChangePeer
2026/04/23 20:34:12.647386 peer_msg_handler.go:434: [info] [region 1] 6 propose conf change peer:<id:8 store_id:2 > 
2026/04/23 20:34:12.647412 peer_msg_handler.go:438: [info] [region 1] 6 REJECT conf change (pending): pendingConfIndex=13297 appliedIndex=13291
2026/04/23 20:34:12.746619 peer_msg_handler.go:405: [info] [region 1] 6 propose admin cmd type=ChangePeer
2026/04/23 20:34:12.746683 peer_msg_handler.go:434: [info] [region 1] 6 propose conf change peer:<id:8 store_id:2 > 
2026/04/23 20:34:12.746752 peer_msg_handler.go:438: [info] [region 1] 6 REJECT conf change (pending): pendingConfIndex=13297 appliedIndex=13291
2026/04/23 20:34:12.847297 peer_msg_handler.go:405: [info] [region 1] 6 propose admin cmd type=ChangePeer
2026/04/23 20:34:12.847388 peer_msg_handler.go:434: [info] [region 1] 6 propose conf change peer:<id:8 store_id:2 > 
2026/04/23 20:34:12.847411 peer_msg_handler.go:438: [info] [region 1] 6 REJECT conf change (pending): pendingConfIndex=13297 appliedIndex=13291
2026/04/23 20:34:12.947201 peer_msg_handler.go:405: [info] [region 1] 6 propose admin cmd type=ChangePeer
2026/04/23 20:34:12.947290 peer_msg_handler.go:434: [info] [region 1] 6 propose conf change peer:<id:8 store_id:2 > 
2026/04/23 20:34:12.947317 peer_msg_handler.go:438: [info] [region 1] 6 REJECT conf change (pending): pendingConfIndex=13297 appliedIndex=13291
2026/04/23 20:34:13.047277 peer_msg_handler.go:405: [info] [region 1] 6 propose admin cmd type=ChangePeer
2026/04/23 20:34:13.047336 peer_msg_handler.go:434: [info] [region 1] 6 propose conf change peer:<id:8 store_id:2 > 
2026/04/23 20:34:13.047354 peer_msg_handler.go:438: [info] [region 1] 6 REJECT conf change (pending): pendingConfIndex=13297 appliedIndex=13291
2026/04/23 20:34:13.147345 peer_msg_handler.go:405: [info] [region 1] 6 propose admin cmd type=ChangePeer
2026/04/23 20:34:13.147692 peer_msg_handler.go:434: [info] [region 1] 6 propose conf change peer:<id:8 store_id:2 > 
2026/04/23 20:34:13.147715 peer_msg_handler.go:438: [info] [region 1] 6 REJECT conf change (pending): pendingConfIndex=13297 appliedIndex=13291
2026/04/23 20:34:13.247197 peer_msg_handler.go:405: [info] [region 1] 6 propose admin cmd type=ChangePeer
2026/04/23 20:34:13.247263 peer_msg_handler.go:434: [info] [region 1] 6 propose conf change peer:<id:8 store_id:2 > 
2026/04/23 20:34:13.247278 peer_msg_handler.go:438: [info] [region 1] 6 REJECT conf change (pending): pendingConfIndex=13297 appliedIndex=13291
2026/04/23 20:34:13.347342 peer_msg_handler.go:405: [info] [region 1] 6 propose admin cmd type=ChangePeer
2026/04/23 20:34:13.347429 peer_msg_handler.go:434: [info] [region 1] 6 propose conf change peer:<id:8 store_id:2 > 
2026/04/23 20:34:13.347450 peer_msg_handler.go:438: [info] [region 1] 6 REJECT conf change (pending): pendingConfIndex=13297 appliedIndex=13291
2026/04/23 20:34:13.447186 peer_msg_handler.go:405: [info] [region 1] 6 propose admin cmd type=ChangePeer
2026/04/23 20:34:13.447255 peer_msg_handler.go:434: [info] [region 1] 6 propose conf change peer:<id:8 store_id:2 > 
2026/04/23 20:34:13.447277 peer_msg_handler.go:438: [info] [region 1] 6 REJECT conf change (pending): pendingConfIndex=13297 appliedIndex=13291
2026/04/23 20:34:13.547023 peer_msg_handler.go:405: [info] [region 1] 6 propose admin cmd type=ChangePeer
2026/04/23 20:34:13.547091 peer_msg_handler.go:434: [info] [region 1] 6 propose conf change peer:<id:8 store_id:2 > 
2026/04/23 20:34:13.547106 peer_msg_handler.go:438: [info] [region 1] 6 REJECT conf change (pending): pendingConfIndex=13297 appliedIndex=13291
2026/04/23 20:34:13.646772 peer_msg_handler.go:405: [info] [region 1] 6 propose admin cmd type=ChangePeer
2026/04/23 20:34:13.646847 peer_msg_handler.go:434: [info] [region 1] 6 propose conf change peer:<id:8 store_id:2 > 
2026/04/23 20:34:13.646866 peer_msg_handler.go:438: [info] [region 1] 6 REJECT conf change (pending): pendingConfIndex=13297 appliedIndex=13291
2026/04/23 20:34:13.746849 peer_msg_handler.go:405: [info] [region 1] 6 propose admin cmd type=ChangePeer
2026/04/23 20:34:13.746926 peer_msg_handler.go:434: [info] [region 1] 6 propose conf change peer:<id:8 store_id:2 > 
2026/04/23 20:34:13.746943 peer_msg_handler.go:438: [info] [region 1] 6 REJECT conf change (pending): pendingConfIndex=13297 appliedIndex=13291
2026/04/23 20:34:13.847324 peer_msg_handler.go:405: [info] [region 1] 6 propose admin cmd type=ChangePeer
2026/04/23 20:34:13.847415 peer_msg_handler.go:434: [info] [region 1] 6 propose conf change peer:<id:8 store_id:2 > 
2026/04/23 20:34:13.847438 peer_msg_handler.go:438: [info] [region 1] 6 REJECT conf change (pending): pendingConfIndex=13297 appliedIndex=13291
2026/04/23 20:34:13.947281 peer_msg_handler.go:405: [info] [region 1] 6 propose admin cmd type=ChangePeer
2026/04/23 20:34:13.947347 peer_msg_handler.go:434: [info] [region 1] 6 propose conf change peer:<id:8 store_id:2 > 
2026/04/23 20:34:13.947366 peer_msg_handler.go:438: [info] [region 1] 6 REJECT conf change (pending): pendingConfIndex=13297 appliedIndex=13291
2026/04/23 20:34:14.046843 peer_msg_handler.go:405: [info] [region 1] 6 propose admin cmd type=ChangePeer
2026/04/23 20:34:14.046896 peer_msg_handler.go:434: [info] [region 1] 6 propose conf change peer:<id:8 store_id:2 > 
2026/04/23 20:34:14.046917 peer_msg_handler.go:438: [info] [region 1] 6 REJECT conf change (pending): pendingConfIndex=13297 appliedIndex=13291
2026/04/23 20:34:14.147223 peer_msg_handler.go:405: [info] [region 1] 6 propose admin cmd type=ChangePeer
2026/04/23 20:34:14.147300 peer_msg_handler.go:434: [info] [region 1] 6 propose conf change peer:<id:8 store_id:2 > 
2026/04/23 20:34:14.147323 peer_msg_handler.go:438: [info] [region 1] 6 REJECT conf change (pending): pendingConfIndex=13297 appliedIndex=13291
2026/04/23 20:34:14.247235 peer_msg_handler.go:405: [info] [region 1] 6 propose admin cmd type=ChangePeer
2026/04/23 20:34:14.247282 peer_msg_handler.go:434: [info] [region 1] 6 propose conf change peer:<id:8 store_id:2 > 
2026/04/23 20:34:14.247289 peer_msg_handler.go:438: [info] [region 1] 6 REJECT conf change (pending): pendingConfIndex=13297 appliedIndex=13291
2026/04/23 20:34:14.347282 peer_msg_handler.go:405: [info] [region 1] 6 propose admin cmd type=ChangePeer
2026/04/23 20:34:14.347361 peer_msg_handler.go:434: [info] [region 1] 6 propose conf change peer:<id:8 store_id:2 > 
2026/04/23 20:34:14.347385 peer_msg_handler.go:438: [info] [region 1] 6 REJECT conf change (pending): pendingConfIndex=13297 appliedIndex=13291
2026/04/23 20:34:14.447255 peer_msg_handler.go:405: [info] [region 1] 6 propose admin cmd type=ChangePeer
2026/04/23 20:34:14.447320 peer_msg_handler.go:434: [info] [region 1] 6 propose conf change peer:<id:8 store_id:2 > 
2026/04/23 20:34:14.447358 peer_msg_handler.go:438: [info] [region 1] 6 REJECT conf change (pending): pendingConfIndex=13297 appliedIndex=13291
2026/04/23 20:34:14.548224 peer_msg_handler.go:405: [info] [region 1] 6 propose admin cmd type=ChangePeer
2026/04/23 20:34:14.548286 peer_msg_handler.go:434: [info] [region 1] 6 propose conf change peer:<id:8 store_id:2 > 
2026/04/23 20:34:14.548302 peer_msg_handler.go:438: [info] [region 1] 6 REJECT conf change (pending): pendingConfIndex=13297 appliedIndex=13291
2026/04/23 20:34:14.647277 peer_msg_handler.go:405: [info] [region 1] 6 propose admin cmd type=ChangePeer
2026/04/23 20:34:14.647377 peer_msg_handler.go:434: [info] [region 1] 6 propose conf change peer:<id:8 store_id:2 > 
2026/04/23 20:34:14.647402 peer_msg_handler.go:438: [info] [region 1] 6 REJECT conf change (pending): pendingConfIndex=13297 appliedIndex=13291
2026/04/23 20:34:14.746752 peer_msg_handler.go:405: [info] [region 1] 6 propose admin cmd type=ChangePeer
2026/04/23 20:34:14.746837 peer_msg_handler.go:434: [info] [region 1] 6 propose conf change peer:<id:8 store_id:2 > 
2026/04/23 20:34:14.746858 peer_msg_handler.go:438: [info] [region 1] 6 REJECT conf change (pending): pendingConfIndex=13297 appliedIndex=13291
2026/04/23 20:34:14.847333 peer_msg_handler.go:405: [info] [region 1] 6 propose admin cmd type=ChangePeer
2026/04/23 20:34:14.847423 peer_msg_handler.go:434: [info] [region 1] 6 propose conf change peer:<id:8 store_id:2 > 
2026/04/23 20:34:14.847452 peer_msg_handler.go:438: [info] [region 1] 6 REJECT conf change (pending): pendingConfIndex=13297 appliedIndex=13291
2026/04/23 20:34:14.946950 peer_msg_handler.go:405: [info] [region 1] 6 propose admin cmd type=ChangePeer
2026/04/23 20:34:14.947011 peer_msg_handler.go:434: [info] [region 1] 6 propose conf change peer:<id:8 store_id:2 > 
2026/04/23 20:34:14.947043 peer_msg_handler.go:438: [info] [region 1] 6 REJECT conf change (pending): pendingConfIndex=13297 appliedIndex=13291
2026/04/23 20:34:15.047178 peer_msg_handler.go:405: [info] [region 1] 6 propose admin cmd type=ChangePeer
2026/04/23 20:34:15.047255 peer_msg_handler.go:434: [info] [region 1] 6 propose conf change peer:<id:8 store_id:2 > 
2026/04/23 20:34:15.047284 peer_msg_handler.go:438: [info] [region 1] 6 REJECT conf change (pending): pendingConfIndex=13297 appliedIndex=13291
2026/04/23 20:34:15.147228 peer_msg_handler.go:405: [info] [region 1] 6 propose admin cmd type=ChangePeer
2026/04/23 20:34:15.147300 peer_msg_handler.go:434: [info] [region 1] 6 propose conf change peer:<id:8 store_id:2 > 
2026/04/23 20:34:15.147324 peer_msg_handler.go:438: [info] [region 1] 6 REJECT conf change (pending): pendingConfIndex=13297 appliedIndex=13291
2026/04/23 20:34:15.247198 peer_msg_handler.go:405: [info] [region 1] 6 propose admin cmd type=ChangePeer
2026/04/23 20:34:15.247353 peer_msg_handler.go:434: [info] [region 1] 6 propose conf change peer:<id:8 store_id:2 > 
2026/04/23 20:34:15.247373 peer_msg_handler.go:438: [info] [region 1] 6 REJECT conf change (pending): pendingConfIndex=13297 appliedIndex=13291
2026/04/23 20:34:15.347279 peer_msg_handler.go:405: [info] [region 1] 6 propose admin cmd type=ChangePeer
2026/04/23 20:34:15.347354 peer_msg_handler.go:434: [info] [region 1] 6 propose conf change peer:<id:8 store_id:2 > 
2026/04/23 20:34:15.347374 peer_msg_handler.go:438: [info] [region 1] 6 REJECT conf change (pending): pendingConfIndex=13297 appliedIndex=13291
2026/04/23 20:34:15.447160 peer_msg_handler.go:405: [info] [region 1] 6 propose admin cmd type=ChangePeer
2026/04/23 20:34:15.447204 peer_msg_handler.go:434: [info] [region 1] 6 propose conf change peer:<id:8 store_id:2 > 
2026/04/23 20:34:15.447212 peer_msg_handler.go:438: [info] [region 1] 6 REJECT conf change (pending): pendingConfIndex=13297 appliedIndex=13291
2026/04/23 20:34:15.547186 peer_msg_handler.go:405: [info] [region 1] 6 propose admin cmd type=ChangePeer
2026/04/23 20:34:15.547305 peer_msg_handler.go:434: [info] [region 1] 6 propose conf change peer:<id:8 store_id:2 > 
2026/04/23 20:34:15.547354 peer_msg_handler.go:438: [info] [region 1] 6 REJECT conf change (pending): pendingConfIndex=13297 appliedIndex=13291
2026/04/23 20:34:15.647399 peer_msg_handler.go:405: [info] [region 1] 6 propose admin cmd type=ChangePeer
2026/04/23 20:34:15.647506 peer_msg_handler.go:434: [info] [region 1] 6 propose conf change peer:<id:8 store_id:2 > 
2026/04/23 20:34:15.647530 peer_msg_handler.go:438: [info] [region 1] 6 REJECT conf change (pending): pendingConfIndex=13297 appliedIndex=13291
2026/04/23 20:34:15.746777 peer_msg_handler.go:405: [info] [region 1] 6 propose admin cmd type=ChangePeer
2026/04/23 20:34:15.746859 peer_msg_handler.go:434: [info] [region 1] 6 propose conf change peer:<id:8 store_id:2 > 
2026/04/23 20:34:15.746878 peer_msg_handler.go:438: [info] [region 1] 6 REJECT conf change (pending): pendingConfIndex=13297 appliedIndex=13291
2026/04/23 20:34:15.846694 peer_msg_handler.go:405: [info] [region 1] 6 propose admin cmd type=ChangePeer
2026/04/23 20:34:15.846777 peer_msg_handler.go:434: [info] [region 1] 6 propose conf change peer:<id:8 store_id:2 > 
2026/04/23 20:34:15.846801 peer_msg_handler.go:438: [info] [region 1] 6 REJECT conf change (pending): pendingConfIndex=13297 appliedIndex=13291
2026/04/23 20:34:15.947387 peer_msg_handler.go:405: [info] [region 1] 6 propose admin cmd type=ChangePeer
2026/04/23 20:34:15.947478 peer_msg_handler.go:434: [info] [region 1] 6 propose conf change peer:<id:8 store_id:2 > 
2026/04/23 20:34:15.947496 peer_msg_handler.go:438: [info] [region 1] 6 REJECT conf change (pending): pendingConfIndex=13297 appliedIndex=13291
2026/04/23 20:34:16.047182 peer_msg_handler.go:405: [info] [region 1] 6 propose admin cmd type=ChangePeer
2026/04/23 20:34:16.047232 peer_msg_handler.go:434: [info] [region 1] 6 propose conf change peer:<id:8 store_id:2 > 
2026/04/23 20:34:16.047250 peer_msg_handler.go:438: [info] [region 1] 6 REJECT conf change (pending): pendingConfIndex=13297 appliedIndex=13291
2026/04/23 20:34:16.147220 peer_msg_handler.go:405: [info] [region 1] 6 propose admin cmd type=ChangePeer
2026/04/23 20:34:16.147303 peer_msg_handler.go:434: [info] [region 1] 6 propose conf change peer:<id:8 store_id:2 > 
2026/04/23 20:34:16.147328 peer_msg_handler.go:438: [info] [region 1] 6 REJECT conf change (pending): pendingConfIndex=13297 appliedIndex=13291
2026/04/23 20:34:16.247163 peer_msg_handler.go:405: [info] [region 1] 6 propose admin cmd type=ChangePeer
2026/04/23 20:34:16.247217 peer_msg_handler.go:434: [info] [region 1] 6 propose conf change peer:<id:8 store_id:2 > 
2026/04/23 20:34:16.247231 peer_msg_handler.go:438: [info] [region 1] 6 REJECT conf change (pending): pendingConfIndex=13297 appliedIndex=13291
2026/04/23 20:34:16.347377 peer_msg_handler.go:405: [info] [region 1] 6 propose admin cmd type=ChangePeer
2026/04/23 20:34:16.347460 peer_msg_handler.go:434: [info] [region 1] 6 propose conf change peer:<id:8 store_id:2 > 
2026/04/23 20:34:16.347492 peer_msg_handler.go:438: [info] [region 1] 6 REJECT conf change (pending): pendingConfIndex=13297 appliedIndex=13291
2026/04/23 20:34:16.447243 peer_msg_handler.go:405: [info] [region 1] 6 propose admin cmd type=ChangePeer
2026/04/23 20:34:16.447314 peer_msg_handler.go:434: [info] [region 1] 6 propose conf change peer:<id:8 store_id:2 > 
2026/04/23 20:34:16.447351 peer_msg_handler.go:438: [info] [region 1] 6 REJECT conf change (pending): pendingConfIndex=13297 appliedIndex=13291
2026/04/23 20:34:16.547209 peer_msg_handler.go:405: [info] [region 1] 6 propose admin cmd type=ChangePeer
2026/04/23 20:34:16.547288 peer_msg_handler.go:434: [info] [region 1] 6 propose conf change peer:<id:8 store_id:2 > 
2026/04/23 20:34:16.547312 peer_msg_handler.go:438: [info] [region 1] 6 REJECT conf change (pending): pendingConfIndex=13297 appliedIndex=13291
2026/04/23 20:34:16.647310 peer_msg_handler.go:405: [info] [region 1] 6 propose admin cmd type=ChangePeer
2026/04/23 20:34:16.647405 peer_msg_handler.go:434: [info] [region 1] 6 propose conf change peer:<id:8 store_id:2 > 
2026/04/23 20:34:16.647437 peer_msg_handler.go:438: [info] [region 1] 6 REJECT conf change (pending): pendingConfIndex=13297 appliedIndex=13291
2026/04/23 20:34:16.746749 peer_msg_handler.go:405: [info] [region 1] 6 propose admin cmd type=ChangePeer
2026/04/23 20:34:16.746799 peer_msg_handler.go:434: [info] [region 1] 6 propose conf change peer:<id:8 store_id:2 > 
2026/04/23 20:34:16.746806 peer_msg_handler.go:438: [info] [region 1] 6 REJECT conf change (pending): pendingConfIndex=13297 appliedIndex=13291
2026/04/23 20:34:16.847322 peer_msg_handler.go:405: [info] [region 1] 6 propose admin cmd type=ChangePeer
2026/04/23 20:34:16.847412 peer_msg_handler.go:434: [info] [region 1] 6 propose conf change peer:<id:8 store_id:2 > 
2026/04/23 20:34:16.847434 peer_msg_handler.go:438: [info] [region 1] 6 REJECT conf change (pending): pendingConfIndex=13297 appliedIndex=13291
2026/04/23 20:34:16.947317 peer_msg_handler.go:405: [info] [region 1] 6 propose admin cmd type=ChangePeer
2026/04/23 20:34:16.947394 peer_msg_handler.go:434: [info] [region 1] 6 propose conf change peer:<id:8 store_id:2 > 
2026/04/23 20:34:16.947418 peer_msg_handler.go:438: [info] [region 1] 6 REJECT conf change (pending): pendingConfIndex=13297 appliedIndex=13291
2026/04/23 20:34:17.047213 peer_msg_handler.go:405: [info] [region 1] 6 propose admin cmd type=ChangePeer
2026/04/23 20:34:17.047284 peer_msg_handler.go:434: [info] [region 1] 6 propose conf change peer:<id:8 store_id:2 > 
2026/04/23 20:34:17.047307 peer_msg_handler.go:438: [info] [region 1] 6 REJECT conf change (pending): pendingConfIndex=13297 appliedIndex=13291
2026/04/23 20:34:17.146772 peer_msg_handler.go:405: [info] [region 1] 6 propose admin cmd type=ChangePeer
2026/04/23 20:34:17.146839 peer_msg_handler.go:434: [info] [region 1] 6 propose conf change peer:<id:8 store_id:2 > 
2026/04/23 20:34:17.146861 peer_msg_handler.go:438: [info] [region 1] 6 REJECT conf change (pending): pendingConfIndex=13297 appliedIndex=13291
2026/04/23 20:34:17.247244 peer_msg_handler.go:405: [info] [region 1] 6 propose admin cmd type=ChangePeer
2026/04/23 20:34:17.247293 peer_msg_handler.go:434: [info] [region 1] 6 propose conf change peer:<id:8 store_id:2 > 
2026/04/23 20:34:17.247302 peer_msg_handler.go:438: [info] [region 1] 6 REJECT conf change (pending): pendingConfIndex=13297 appliedIndex=13291
2026/04/23 20:34:17.347286 peer_msg_handler.go:405: [info] [region 1] 6 propose admin cmd type=ChangePeer
2026/04/23 20:34:17.347358 peer_msg_handler.go:434: [info] [region 1] 6 propose conf change peer:<id:8 store_id:2 > 
2026/04/23 20:34:17.347378 peer_msg_handler.go:438: [info] [region 1] 6 REJECT conf change (pending): pendingConfIndex=13297 appliedIndex=13291
2026/04/23 20:34:17.446733 peer_msg_handler.go:405: [info] [region 1] 6 propose admin cmd type=ChangePeer
2026/04/23 20:34:17.446810 peer_msg_handler.go:434: [info] [region 1] 6 propose conf change peer:<id:8 store_id:2 > 
2026/04/23 20:34:17.446833 peer_msg_handler.go:438: [info] [region 1] 6 REJECT conf change (pending): pendingConfIndex=13297 appliedIndex=13291
2026/04/23 20:34:17.547202 peer_msg_handler.go:405: [info] [region 1] 6 propose admin cmd type=ChangePeer
2026/04/23 20:34:17.547275 peer_msg_handler.go:434: [info] [region 1] 6 propose conf change peer:<id:8 store_id:2 > 
2026/04/23 20:34:17.547292 peer_msg_handler.go:438: [info] [region 1] 6 REJECT conf change (pending): pendingConfIndex=13297 appliedIndex=13291
2026/04/23 20:34:17.647246 peer_msg_handler.go:405: [info] [region 1] 6 propose admin cmd type=ChangePeer
2026/04/23 20:34:17.647322 peer_msg_handler.go:434: [info] [region 1] 6 propose conf change peer:<id:8 store_id:2 > 
2026/04/23 20:34:17.647340 peer_msg_handler.go:438: [info] [region 1] 6 REJECT conf change (pending): pendingConfIndex=13297 appliedIndex=13291
2026/04/23 20:34:17.746809 peer_msg_handler.go:405: [info] [region 1] 6 propose admin cmd type=ChangePeer
2026/04/23 20:34:17.746875 peer_msg_handler.go:434: [info] [region 1] 6 propose conf change peer:<id:8 store_id:2 > 
2026/04/23 20:34:17.746889 peer_msg_handler.go:438: [info] [region 1] 6 REJECT conf change (pending): pendingConfIndex=13297 appliedIndex=13291
2026/04/23 20:34:17.847286 peer_msg_handler.go:405: [info] [region 1] 6 propose admin cmd type=ChangePeer
2026/04/23 20:34:17.847372 peer_msg_handler.go:434: [info] [region 1] 6 propose conf change peer:<id:8 store_id:2 > 
2026/04/23 20:34:17.847407 peer_msg_handler.go:438: [info] [region 1] 6 REJECT conf change (pending): pendingConfIndex=13297 appliedIndex=13291
2026/04/23 20:34:17.947250 peer_msg_handler.go:405: [info] [region 1] 6 propose admin cmd type=ChangePeer
2026/04/23 20:34:17.947326 peer_msg_handler.go:434: [info] [region 1] 6 propose conf change peer:<id:8 store_id:2 > 
2026/04/23 20:34:17.947350 peer_msg_handler.go:438: [info] [region 1] 6 REJECT conf change (pending): pendingConfIndex=13297 appliedIndex=13291
2026/04/23 20:34:18.048582 peer_msg_handler.go:405: [info] [region 1] 6 propose admin cmd type=ChangePeer
2026/04/23 20:34:18.048705 peer_msg_handler.go:434: [info] [region 1] 6 propose conf change peer:<id:8 store_id:2 > 
2026/04/23 20:34:18.048727 peer_msg_handler.go:438: [info] [region 1] 6 REJECT conf change (pending): pendingConfIndex=13297 appliedIndex=13291
2026/04/23 20:34:18.147342 peer_msg_handler.go:405: [info] [region 1] 6 propose admin cmd type=ChangePeer
2026/04/23 20:34:18.147425 peer_msg_handler.go:434: [info] [region 1] 6 propose conf change peer:<id:8 store_id:2 > 
2026/04/23 20:34:18.147448 peer_msg_handler.go:438: [info] [region 1] 6 REJECT conf change (pending): pendingConfIndex=13297 appliedIndex=13291
2026/04/23 20:34:18.247221 peer_msg_handler.go:405: [info] [region 1] 6 propose admin cmd type=ChangePeer
2026/04/23 20:34:18.247305 peer_msg_handler.go:434: [info] [region 1] 6 propose conf change peer:<id:8 store_id:2 > 
2026/04/23 20:34:18.247313 peer_msg_handler.go:438: [info] [region 1] 6 REJECT conf change (pending): pendingConfIndex=13297 appliedIndex=13291
2026/04/23 20:34:18.347260 peer_msg_handler.go:405: [info] [region 1] 6 propose admin cmd type=ChangePeer
2026/04/23 20:34:18.347335 peer_msg_handler.go:434: [info] [region 1] 6 propose conf change peer:<id:8 store_id:2 > 
2026/04/23 20:34:18.347358 peer_msg_handler.go:438: [info] [region 1] 6 REJECT conf change (pending): pendingConfIndex=13297 appliedIndex=13291
2026/04/23 20:34:18.447240 peer_msg_handler.go:405: [info] [region 1] 6 propose admin cmd type=ChangePeer
2026/04/23 20:34:18.447409 peer_msg_handler.go:434: [info] [region 1] 6 propose conf change peer:<id:8 store_id:2 > 
2026/04/23 20:34:18.447442 peer_msg_handler.go:438: [info] [region 1] 6 REJECT conf change (pending): pendingConfIndex=13297 appliedIndex=13291
2026/04/23 20:34:18.547186 peer_msg_handler.go:405: [info] [region 1] 6 propose admin cmd type=ChangePeer
2026/04/23 20:34:18.547261 peer_msg_handler.go:434: [info] [region 1] 6 propose conf change peer:<id:8 store_id:2 > 
2026/04/23 20:34:18.547284 peer_msg_handler.go:438: [info] [region 1] 6 REJECT conf change (pending): pendingConfIndex=13297 appliedIndex=13291
2026/04/23 20:34:18.647232 peer_msg_handler.go:405: [info] [region 1] 6 propose admin cmd type=ChangePeer
2026/04/23 20:34:18.647369 peer_msg_handler.go:434: [info] [region 1] 6 propose conf change peer:<id:8 store_id:2 > 
2026/04/23 20:34:18.647403 peer_msg_handler.go:438: [info] [region 1] 6 REJECT conf change (pending): pendingConfIndex=13297 appliedIndex=13291
2026/04/23 20:34:18.746832 peer_msg_handler.go:405: [info] [region 1] 6 propose admin cmd type=ChangePeer
2026/04/23 20:34:18.746893 peer_msg_handler.go:434: [info] [region 1] 6 propose conf change peer:<id:8 store_id:2 > 
2026/04/23 20:34:18.746908 peer_msg_handler.go:438: [info] [region 1] 6 REJECT conf change (pending): pendingConfIndex=13297 appliedIndex=13291
2026/04/23 20:34:18.847378 peer_msg_handler.go:405: [info] [region 1] 6 propose admin cmd type=ChangePeer
2026/04/23 20:34:18.847456 peer_msg_handler.go:434: [info] [region 1] 6 propose conf change peer:<id:8 store_id:2 > 
2026/04/23 20:34:18.847476 peer_msg_handler.go:438: [info] [region 1] 6 REJECT conf change (pending): pendingConfIndex=13297 appliedIndex=13291
2026/04/23 20:34:18.947212 peer_msg_handler.go:405: [info] [region 1] 6 propose admin cmd type=ChangePeer
2026/04/23 20:34:18.947296 peer_msg_handler.go:434: [info] [region 1] 6 propose conf change peer:<id:8 store_id:2 > 
2026/04/23 20:34:18.947318 peer_msg_handler.go:438: [info] [region 1] 6 REJECT conf change (pending): pendingConfIndex=13297 appliedIndex=13291
2026/04/23 20:34:19.047305 peer_msg_handler.go:405: [info] [region 1] 6 propose admin cmd type=ChangePeer
2026/04/23 20:34:19.047385 peer_msg_handler.go:434: [info] [region 1] 6 propose conf change peer:<id:8 store_id:2 > 
2026/04/23 20:34:19.047409 peer_msg_handler.go:438: [info] [region 1] 6 REJECT conf change (pending): pendingConfIndex=13297 appliedIndex=13291
2026/04/23 20:34:19.147250 peer_msg_handler.go:405: [info] [region 1] 6 propose admin cmd type=ChangePeer
2026/04/23 20:34:19.147336 peer_msg_handler.go:434: [info] [region 1] 6 propose conf change peer:<id:8 store_id:2 > 
2026/04/23 20:34:19.147362 peer_msg_handler.go:438: [info] [region 1] 6 REJECT conf change (pending): pendingConfIndex=13297 appliedIndex=13291
2026/04/23 20:34:19.247223 peer_msg_handler.go:405: [info] [region 1] 6 propose admin cmd type=ChangePeer
2026/04/23 20:34:19.247284 peer_msg_handler.go:434: [info] [region 1] 6 propose conf change peer:<id:8 store_id:2 > 
2026/04/23 20:34:19.247301 peer_msg_handler.go:438: [info] [region 1] 6 REJECT conf change (pending): pendingConfIndex=13297 appliedIndex=13291
2026/04/23 20:34:19.347258 peer_msg_handler.go:405: [info] [region 1] 6 propose admin cmd type=ChangePeer
2026/04/23 20:34:19.347335 peer_msg_handler.go:434: [info] [region 1] 6 propose conf change peer:<id:8 store_id:2 > 
2026/04/23 20:34:19.347358 peer_msg_handler.go:438: [info] [region 1] 6 REJECT conf change (pending): pendingConfIndex=13297 appliedIndex=13291
2026/04/23 20:34:19.447233 peer_msg_handler.go:405: [info] [region 1] 6 propose admin cmd type=ChangePeer
2026/04/23 20:34:19.447304 peer_msg_handler.go:434: [info] [region 1] 6 propose conf change peer:<id:8 store_id:2 > 
2026/04/23 20:34:19.447330 peer_msg_handler.go:438: [info] [region 1] 6 REJECT conf change (pending): pendingConfIndex=13297 appliedIndex=13291
2026/04/23 20:34:19.547165 peer_msg_handler.go:405: [info] [region 1] 6 propose admin cmd type=ChangePeer
2026/04/23 20:34:19.547230 peer_msg_handler.go:434: [info] [region 1] 6 propose conf change peer:<id:8 store_id:2 > 
2026/04/23 20:34:19.547246 peer_msg_handler.go:438: [info] [region 1] 6 REJECT conf change (pending): pendingConfIndex=13297 appliedIndex=13291
2026/04/23 20:34:19.647144 peer_msg_handler.go:405: [info] [region 1] 6 propose admin cmd type=ChangePeer
2026/04/23 20:34:19.647177 peer_msg_handler.go:434: [info] [region 1] 6 propose conf change peer:<id:8 store_id:2 > 
2026/04/23 20:34:19.647184 peer_msg_handler.go:438: [info] [region 1] 6 REJECT conf change (pending): pendingConfIndex=13297 appliedIndex=13291
2026/04/23 20:34:19.746767 peer_msg_handler.go:405: [info] [region 1] 6 propose admin cmd type=ChangePeer
2026/04/23 20:34:19.746830 peer_msg_handler.go:434: [info] [region 1] 6 propose conf change peer:<id:8 store_id:2 > 
2026/04/23 20:34:19.746848 peer_msg_handler.go:438: [info] [region 1] 6 REJECT conf change (pending): pendingConfIndex=13297 appliedIndex=13291
2026/04/23 20:34:19.847090 peer_msg_handler.go:405: [info] [region 1] 6 propose admin cmd type=ChangePeer
2026/04/23 20:34:19.847177 peer_msg_handler.go:434: [info] [region 1] 6 propose conf change peer:<id:8 store_id:2 > 
2026/04/23 20:34:19.847236 peer_msg_handler.go:438: [info] [region 1] 6 REJECT conf change (pending): pendingConfIndex=13297 appliedIndex=13291
2026/04/23 20:34:19.947263 peer_msg_handler.go:405: [info] [region 1] 6 propose admin cmd type=ChangePeer
2026/04/23 20:34:19.947339 peer_msg_handler.go:434: [info] [region 1] 6 propose conf change peer:<id:8 store_id:2 > 
2026/04/23 20:34:19.947360 peer_msg_handler.go:438: [info] [region 1] 6 REJECT conf change (pending): pendingConfIndex=13297 appliedIndex=13291
2026/04/23 20:34:20.047219 peer_msg_handler.go:405: [info] [region 1] 6 propose admin cmd type=ChangePeer
2026/04/23 20:34:20.047360 peer_msg_handler.go:434: [info] [region 1] 6 propose conf change peer:<id:8 store_id:2 > 
2026/04/23 20:34:20.047390 peer_msg_handler.go:438: [info] [region 1] 6 REJECT conf change (pending): pendingConfIndex=13297 appliedIndex=13291
2026/04/23 20:34:20.147247 peer_msg_handler.go:405: [info] [region 1] 6 propose admin cmd type=ChangePeer
2026/04/23 20:34:20.147343 peer_msg_handler.go:434: [info] [region 1] 6 propose conf change peer:<id:8 store_id:2 > 
2026/04/23 20:34:20.147371 peer_msg_handler.go:438: [info] [region 1] 6 REJECT conf change (pending): pendingConfIndex=13297 appliedIndex=13291
2026/04/23 20:34:20.246605 peer_msg_handler.go:405: [info] [region 1] 6 propose admin cmd type=ChangePeer
2026/04/23 20:34:20.246649 peer_msg_handler.go:434: [info] [region 1] 6 propose conf change peer:<id:8 store_id:2 > 
2026/04/23 20:34:20.246656 peer_msg_handler.go:438: [info] [region 1] 6 REJECT conf change (pending): pendingConfIndex=13297 appliedIndex=13291
2026/04/23 20:34:20.347207 peer_msg_handler.go:405: [info] [region 1] 6 propose admin cmd type=ChangePeer
2026/04/23 20:34:20.347254 peer_msg_handler.go:434: [info] [region 1] 6 propose conf change peer:<id:8 store_id:2 > 
2026/04/23 20:34:20.347271 peer_msg_handler.go:438: [info] [region 1] 6 REJECT conf change (pending): pendingConfIndex=13297 appliedIndex=13291
2026/04/23 20:34:20.447318 peer_msg_handler.go:405: [info] [region 1] 6 propose admin cmd type=ChangePeer
2026/04/23 20:34:20.447388 peer_msg_handler.go:434: [info] [region 1] 6 propose conf change peer:<id:8 store_id:2 > 
2026/04/23 20:34:20.447416 peer_msg_handler.go:438: [info] [region 1] 6 REJECT conf change (pending): pendingConfIndex=13297 appliedIndex=13291
2026/04/23 20:34:20.547171 peer_msg_handler.go:405: [info] [region 1] 6 propose admin cmd type=ChangePeer
2026/04/23 20:34:20.547253 peer_msg_handler.go:434: [info] [region 1] 6 propose conf change peer:<id:8 store_id:2 > 
2026/04/23 20:34:20.547283 peer_msg_handler.go:438: [info] [region 1] 6 REJECT conf change (pending): pendingConfIndex=13297 appliedIndex=13291
2026/04/23 20:34:20.646822 peer_msg_handler.go:405: [info] [region 1] 6 propose admin cmd type=ChangePeer
2026/04/23 20:34:20.646883 peer_msg_handler.go:434: [info] [region 1] 6 propose conf change peer:<id:8 store_id:2 > 
2026/04/23 20:34:20.646899 peer_msg_handler.go:438: [info] [region 1] 6 REJECT conf change (pending): pendingConfIndex=13297 appliedIndex=13291
2026/04/23 20:34:20.746793 peer_msg_handler.go:405: [info] [region 1] 6 propose admin cmd type=ChangePeer
2026/04/23 20:34:20.746874 peer_msg_handler.go:434: [info] [region 1] 6 propose conf change peer:<id:8 store_id:2 > 
2026/04/23 20:34:20.746897 peer_msg_handler.go:438: [info] [region 1] 6 REJECT conf change (pending): pendingConfIndex=13297 appliedIndex=13291
2026/04/23 20:34:20.846796 peer_msg_handler.go:405: [info] [region 1] 6 propose admin cmd type=ChangePeer
2026/04/23 20:34:20.846929 peer_msg_handler.go:434: [info] [region 1] 6 propose conf change peer:<id:8 store_id:2 > 
2026/04/23 20:34:20.846954 peer_msg_handler.go:438: [info] [region 1] 6 REJECT conf change (pending): pendingConfIndex=13297 appliedIndex=13291
2026/04/23 20:34:20.947183 peer_msg_handler.go:405: [info] [region 1] 6 propose admin cmd type=ChangePeer
2026/04/23 20:34:20.947271 peer_msg_handler.go:434: [info] [region 1] 6 propose conf change peer:<id:8 store_id:2 > 
2026/04/23 20:34:20.947303 peer_msg_handler.go:438: [info] [region 1] 6 REJECT conf change (pending): pendingConfIndex=13297 appliedIndex=13291
2026/04/23 20:34:21.047231 peer_msg_handler.go:405: [info] [region 1] 6 propose admin cmd type=ChangePeer
2026/04/23 20:34:21.047325 peer_msg_handler.go:434: [info] [region 1] 6 propose conf change peer:<id:8 store_id:2 > 
2026/04/23 20:34:21.047334 peer_msg_handler.go:438: [info] [region 1] 6 REJECT conf change (pending): pendingConfIndex=13297 appliedIndex=13291
2026/04/23 20:34:21.147317 peer_msg_handler.go:405: [info] [region 1] 6 propose admin cmd type=ChangePeer
2026/04/23 20:34:21.147404 peer_msg_handler.go:434: [info] [region 1] 6 propose conf change peer:<id:8 store_id:2 > 
2026/04/23 20:34:21.147427 peer_msg_handler.go:438: [info] [region 1] 6 REJECT conf change (pending): pendingConfIndex=13297 appliedIndex=13291
2026/04/23 20:34:21.247231 peer_msg_handler.go:405: [info] [region 1] 6 propose admin cmd type=ChangePeer
2026/04/23 20:34:21.247294 peer_msg_handler.go:434: [info] [region 1] 6 propose conf change peer:<id:8 store_id:2 > 
2026/04/23 20:34:21.247310 peer_msg_handler.go:438: [info] [region 1] 6 REJECT conf change (pending): pendingConfIndex=13297 appliedIndex=13291
2026/04/23 20:34:21.347244 peer_msg_handler.go:405: [info] [region 1] 6 propose admin cmd type=ChangePeer
2026/04/23 20:34:21.347321 peer_msg_handler.go:434: [info] [region 1] 6 propose conf change peer:<id:8 store_id:2 > 
2026/04/23 20:34:21.347347 peer_msg_handler.go:438: [info] [region 1] 6 REJECT conf change (pending): pendingConfIndex=13297 appliedIndex=13291
2026/04/23 20:34:21.447236 peer_msg_handler.go:405: [info] [region 1] 6 propose admin cmd type=ChangePeer
2026/04/23 20:34:21.447308 peer_msg_handler.go:434: [info] [region 1] 6 propose conf change peer:<id:8 store_id:2 > 
2026/04/23 20:34:21.447329 peer_msg_handler.go:438: [info] [region 1] 6 REJECT conf change (pending): pendingConfIndex=13297 appliedIndex=13291
2026/04/23 20:34:21.547235 peer_msg_handler.go:405: [info] [region 1] 6 propose admin cmd type=ChangePeer
2026/04/23 20:34:21.547296 peer_msg_handler.go:434: [info] [region 1] 6 propose conf change peer:<id:8 store_id:2 > 
2026/04/23 20:34:21.547315 peer_msg_handler.go:438: [info] [region 1] 6 REJECT conf change (pending): pendingConfIndex=13297 appliedIndex=13291
2026/04/23 20:34:21.647462 peer_msg_handler.go:405: [info] [region 1] 6 propose admin cmd type=ChangePeer
2026/04/23 20:34:21.647564 peer_msg_handler.go:434: [info] [region 1] 6 propose conf change peer:<id:8 store_id:2 > 
2026/04/23 20:34:21.647587 peer_msg_handler.go:438: [info] [region 1] 6 REJECT conf change (pending): pendingConfIndex=13297 appliedIndex=13291
2026/04/23 20:34:21.746770 peer_msg_handler.go:405: [info] [region 1] 6 propose admin cmd type=ChangePeer
2026/04/23 20:34:21.746833 peer_msg_handler.go:434: [info] [region 1] 6 propose conf change peer:<id:8 store_id:2 > 
2026/04/23 20:34:21.746848 peer_msg_handler.go:438: [info] [region 1] 6 REJECT conf change (pending): pendingConfIndex=13297 appliedIndex=13291
2026/04/23 20:34:21.847310 peer_msg_handler.go:405: [info] [region 1] 6 propose admin cmd type=ChangePeer
2026/04/23 20:34:21.847405 peer_msg_handler.go:434: [info] [region 1] 6 propose conf change peer:<id:8 store_id:2 > 
2026/04/23 20:34:21.847432 peer_msg_handler.go:438: [info] [region 1] 6 REJECT conf change (pending): pendingConfIndex=13297 appliedIndex=13291
2026/04/23 20:34:21.946845 peer_msg_handler.go:405: [info] [region 1] 6 propose admin cmd type=ChangePeer
2026/04/23 20:34:21.946930 peer_msg_handler.go:434: [info] [region 1] 6 propose conf change peer:<id:8 store_id:2 > 
2026/04/23 20:34:21.946973 peer_msg_handler.go:438: [info] [region 1] 6 REJECT conf change (pending): pendingConfIndex=13297 appliedIndex=13291
2026/04/23 20:34:22.047256 peer_msg_handler.go:405: [info] [region 1] 6 propose admin cmd type=ChangePeer
2026/04/23 20:34:22.047331 peer_msg_handler.go:434: [info] [region 1] 6 propose conf change peer:<id:8 store_id:2 > 
2026/04/23 20:34:22.047354 peer_msg_handler.go:438: [info] [region 1] 6 REJECT conf change (pending): pendingConfIndex=13297 appliedIndex=13291
2026/04/23 20:34:22.147536 peer_msg_handler.go:405: [info] [region 1] 6 propose admin cmd type=ChangePeer
2026/04/23 20:34:22.147640 peer_msg_handler.go:434: [info] [region 1] 6 propose conf change peer:<id:8 store_id:2 > 
2026/04/23 20:34:22.147666 peer_msg_handler.go:438: [info] [region 1] 6 REJECT conf change (pending): pendingConfIndex=13297 appliedIndex=13291
2026/04/23 20:34:22.247198 peer_msg_handler.go:405: [info] [region 1] 6 propose admin cmd type=ChangePeer
2026/04/23 20:34:22.247296 peer_msg_handler.go:434: [info] [region 1] 6 propose conf change peer:<id:8 store_id:2 > 
2026/04/23 20:34:22.247309 peer_msg_handler.go:438: [info] [region 1] 6 REJECT conf change (pending): pendingConfIndex=13297 appliedIndex=13291
2026/04/23 20:34:22.347275 peer_msg_handler.go:405: [info] [region 1] 6 propose admin cmd type=ChangePeer
2026/04/23 20:34:22.347363 peer_msg_handler.go:434: [info] [region 1] 6 propose conf change peer:<id:8 store_id:2 > 
2026/04/23 20:34:22.347380 peer_msg_handler.go:438: [info] [region 1] 6 REJECT conf change (pending): pendingConfIndex=13297 appliedIndex=13291
2026/04/23 20:34:22.446925 peer_msg_handler.go:405: [info] [region 1] 6 propose admin cmd type=ChangePeer
2026/04/23 20:34:22.447037 peer_msg_handler.go:434: [info] [region 1] 6 propose conf change peer:<id:8 store_id:2 > 
2026/04/23 20:34:22.447062 peer_msg_handler.go:438: [info] [region 1] 6 REJECT conf change (pending): pendingConfIndex=13297 appliedIndex=13291
2026/04/23 20:34:22.547277 peer_msg_handler.go:405: [info] [region 1] 6 propose admin cmd type=ChangePeer
2026/04/23 20:34:22.547335 peer_msg_handler.go:434: [info] [region 1] 6 propose conf change peer:<id:8 store_id:2 > 
2026/04/23 20:34:22.547351 peer_msg_handler.go:438: [info] [region 1] 6 REJECT conf change (pending): pendingConfIndex=13297 appliedIndex=13291
2026/04/23 20:34:22.647311 peer_msg_handler.go:405: [info] [region 1] 6 propose admin cmd type=ChangePeer
2026/04/23 20:34:22.647409 peer_msg_handler.go:434: [info] [region 1] 6 propose conf change peer:<id:8 store_id:2 > 
2026/04/23 20:34:22.647424 peer_msg_handler.go:438: [info] [region 1] 6 REJECT conf change (pending): pendingConfIndex=13297 appliedIndex=13291
2026/04/23 20:34:22.747339 peer_msg_handler.go:405: [info] [region 1] 6 propose admin cmd type=ChangePeer
2026/04/23 20:34:22.747939 peer_msg_handler.go:434: [info] [region 1] 6 propose conf change peer:<id:8 store_id:2 > 
2026/04/23 20:34:22.747960 peer_msg_handler.go:438: [info] [region 1] 6 REJECT conf change (pending): pendingConfIndex=13297 appliedIndex=13291
2026/04/23 20:34:22.847417 peer_msg_handler.go:405: [info] [region 1] 6 propose admin cmd type=ChangePeer
2026/04/23 20:34:22.847513 peer_msg_handler.go:434: [info] [region 1] 6 propose conf change peer:<id:8 store_id:2 > 
2026/04/23 20:34:22.847529 peer_msg_handler.go:438: [info] [region 1] 6 REJECT conf change (pending): pendingConfIndex=13297 appliedIndex=13291
2026/04/23 20:34:22.947206 peer_msg_handler.go:405: [info] [region 1] 6 propose admin cmd type=ChangePeer
2026/04/23 20:34:22.947308 peer_msg_handler.go:434: [info] [region 1] 6 propose conf change peer:<id:8 store_id:2 > 
2026/04/23 20:34:22.947323 peer_msg_handler.go:438: [info] [region 1] 6 REJECT conf change (pending): pendingConfIndex=13297 appliedIndex=13291
2026/04/23 20:34:23.047310 peer_msg_handler.go:405: [info] [region 1] 6 propose admin cmd type=ChangePeer
2026/04/23 20:34:23.047460 peer_msg_handler.go:434: [info] [region 1] 6 propose conf change peer:<id:8 store_id:2 > 
2026/04/23 20:34:23.047485 peer_msg_handler.go:438: [info] [region 1] 6 REJECT conf change (pending): pendingConfIndex=13297 appliedIndex=13291
2026/04/23 20:34:23.147277 peer_msg_handler.go:405: [info] [region 1] 6 propose admin cmd type=ChangePeer
2026/04/23 20:34:23.147451 peer_msg_handler.go:434: [info] [region 1] 6 propose conf change peer:<id:8 store_id:2 > 
2026/04/23 20:34:23.147478 peer_msg_handler.go:438: [info] [region 1] 6 REJECT conf change (pending): pendingConfIndex=13297 appliedIndex=13291
2026/04/23 20:34:23.247288 peer_msg_handler.go:405: [info] [region 1] 6 propose admin cmd type=ChangePeer
2026/04/23 20:34:23.247395 peer_msg_handler.go:434: [info] [region 1] 6 propose conf change peer:<id:8 store_id:2 > 
2026/04/23 20:34:23.247421 peer_msg_handler.go:438: [info] [region 1] 6 REJECT conf change (pending): pendingConfIndex=13297 appliedIndex=13291
2026/04/23 20:34:23.346681 peer_msg_handler.go:405: [info] [region 1] 6 propose admin cmd type=ChangePeer
2026/04/23 20:34:23.346751 peer_msg_handler.go:434: [info] [region 1] 6 propose conf change peer:<id:8 store_id:2 > 
2026/04/23 20:34:23.346766 peer_msg_handler.go:438: [info] [region 1] 6 REJECT conf change (pending): pendingConfIndex=13297 appliedIndex=13291
2026/04/23 20:34:23.447423 peer_msg_handler.go:405: [info] [region 1] 6 propose admin cmd type=ChangePeer
2026/04/23 20:34:23.447599 peer_msg_handler.go:434: [info] [region 1] 6 propose conf change peer:<id:8 store_id:2 > 
2026/04/23 20:34:23.447641 peer_msg_handler.go:438: [info] [region 1] 6 REJECT conf change (pending): pendingConfIndex=13297 appliedIndex=13291
2026/04/23 20:34:23.547247 peer_msg_handler.go:405: [info] [region 1] 6 propose admin cmd type=ChangePeer
2026/04/23 20:34:23.547303 peer_msg_handler.go:434: [info] [region 1] 6 propose conf change peer:<id:8 store_id:2 > 
2026/04/23 20:34:23.547320 peer_msg_handler.go:438: [info] [region 1] 6 REJECT conf change (pending): pendingConfIndex=13297 appliedIndex=13291
2026/04/23 20:34:23.647179 peer_msg_handler.go:405: [info] [region 1] 6 propose admin cmd type=ChangePeer
2026/04/23 20:34:23.647223 peer_msg_handler.go:434: [info] [region 1] 6 propose conf change peer:<id:8 store_id:2 > 
2026/04/23 20:34:23.647233 peer_msg_handler.go:438: [info] [region 1] 6 REJECT conf change (pending): pendingConfIndex=13297 appliedIndex=13291
2026/04/23 20:34:23.746782 peer_msg_handler.go:405: [info] [region 1] 6 propose admin cmd type=ChangePeer
2026/04/23 20:34:23.746867 peer_msg_handler.go:434: [info] [region 1] 6 propose conf change peer:<id:8 store_id:2 > 
2026/04/23 20:34:23.746874 peer_msg_handler.go:438: [info] [region 1] 6 REJECT conf change (pending): pendingConfIndex=13297 appliedIndex=13291
2026/04/23 20:34:23.847333 peer_msg_handler.go:405: [info] [region 1] 6 propose admin cmd type=ChangePeer
2026/04/23 20:34:23.847440 peer_msg_handler.go:434: [info] [region 1] 6 propose conf change peer:<id:8 store_id:2 > 
2026/04/23 20:34:23.847463 peer_msg_handler.go:438: [info] [region 1] 6 REJECT conf change (pending): pendingConfIndex=13297 appliedIndex=13291
2026/04/23 20:34:23.947362 peer_msg_handler.go:405: [info] [region 1] 6 propose admin cmd type=ChangePeer
2026/04/23 20:34:23.947461 peer_msg_handler.go:434: [info] [region 1] 6 propose conf change peer:<id:8 store_id:2 > 
2026/04/23 20:34:23.947486 peer_msg_handler.go:438: [info] [region 1] 6 REJECT conf change (pending): pendingConfIndex=13297 appliedIndex=13291
2026/04/23 20:34:24.047409 peer_msg_handler.go:405: [info] [region 1] 6 propose admin cmd type=ChangePeer
2026/04/23 20:34:24.047509 peer_msg_handler.go:434: [info] [region 1] 6 propose conf change peer:<id:8 store_id:2 > 
2026/04/23 20:34:24.047534 peer_msg_handler.go:438: [info] [region 1] 6 REJECT conf change (pending): pendingConfIndex=13297 appliedIndex=13291
2026/04/23 20:34:24.147376 peer_msg_handler.go:405: [info] [region 1] 6 propose admin cmd type=ChangePeer
2026/04/23 20:34:24.147473 peer_msg_handler.go:434: [info] [region 1] 6 propose conf change peer:<id:8 store_id:2 > 
2026/04/23 20:34:24.147499 peer_msg_handler.go:438: [info] [region 1] 6 REJECT conf change (pending): pendingConfIndex=13297 appliedIndex=13291
2026/04/23 20:34:24.247128 peer_msg_handler.go:405: [info] [region 1] 6 propose admin cmd type=ChangePeer
2026/04/23 20:34:24.247184 peer_msg_handler.go:434: [info] [region 1] 6 propose conf change peer:<id:8 store_id:2 > 
2026/04/23 20:34:24.247190 peer_msg_handler.go:438: [info] [region 1] 6 REJECT conf change (pending): pendingConfIndex=13297 appliedIndex=13291
2026/04/23 20:34:24.347346 peer_msg_handler.go:405: [info] [region 1] 6 propose admin cmd type=ChangePeer
2026/04/23 20:34:24.347437 peer_msg_handler.go:434: [info] [region 1] 6 propose conf change peer:<id:8 store_id:2 > 
2026/04/23 20:34:24.347461 peer_msg_handler.go:438: [info] [region 1] 6 REJECT conf change (pending): pendingConfIndex=13297 appliedIndex=13291
2026/04/23 20:34:24.447226 peer_msg_handler.go:405: [info] [region 1] 6 propose admin cmd type=ChangePeer
2026/04/23 20:34:24.447304 peer_msg_handler.go:434: [info] [region 1] 6 propose conf change peer:<id:8 store_id:2 > 
2026/04/23 20:34:24.447329 peer_msg_handler.go:438: [info] [region 1] 6 REJECT conf change (pending): pendingConfIndex=13297 appliedIndex=13291
2026/04/23 20:34:24.547177 peer_msg_handler.go:405: [info] [region 1] 6 propose admin cmd type=ChangePeer
2026/04/23 20:34:24.547215 peer_msg_handler.go:434: [info] [region 1] 6 propose conf change peer:<id:8 store_id:2 > 
2026/04/23 20:34:24.547224 peer_msg_handler.go:438: [info] [region 1] 6 REJECT conf change (pending): pendingConfIndex=13297 appliedIndex=13291
2026/04/23 20:34:24.647378 peer_msg_handler.go:405: [info] [region 1] 6 propose admin cmd type=ChangePeer
2026/04/23 20:34:24.647474 peer_msg_handler.go:434: [info] [region 1] 6 propose conf change peer:<id:8 store_id:2 > 
2026/04/23 20:34:24.647595 peer_msg_handler.go:438: [info] [region 1] 6 REJECT conf change (pending): pendingConfIndex=13297 appliedIndex=13291
2026/04/23 20:34:24.746734 peer_msg_handler.go:405: [info] [region 1] 6 propose admin cmd type=ChangePeer
2026/04/23 20:34:24.746777 peer_msg_handler.go:434: [info] [region 1] 6 propose conf change peer:<id:8 store_id:2 > 
2026/04/23 20:34:24.746786 peer_msg_handler.go:438: [info] [region 1] 6 REJECT conf change (pending): pendingConfIndex=13297 appliedIndex=13291
2026/04/23 20:34:24.847140 peer_msg_handler.go:405: [info] [region 1] 6 propose admin cmd type=ChangePeer
2026/04/23 20:34:24.847231 peer_msg_handler.go:434: [info] [region 1] 6 propose conf change peer:<id:8 store_id:2 > 
2026/04/23 20:34:24.847255 peer_msg_handler.go:438: [info] [region 1] 6 REJECT conf change (pending): pendingConfIndex=13297 appliedIndex=13291
2026/04/23 20:34:24.946907 peer_msg_handler.go:405: [info] [region 1] 6 propose admin cmd type=ChangePeer
2026/04/23 20:34:24.946979 peer_msg_handler.go:434: [info] [region 1] 6 propose conf change peer:<id:8 store_id:2 > 
2026/04/23 20:34:24.946994 peer_msg_handler.go:438: [info] [region 1] 6 REJECT conf change (pending): pendingConfIndex=13297 appliedIndex=13291
2026/04/23 20:34:25.047373 peer_msg_handler.go:405: [info] [region 1] 6 propose admin cmd type=ChangePeer
2026/04/23 20:34:25.047466 peer_msg_handler.go:434: [info] [region 1] 6 propose conf change peer:<id:8 store_id:2 > 
2026/04/23 20:34:25.047493 peer_msg_handler.go:438: [info] [region 1] 6 REJECT conf change (pending): pendingConfIndex=13297 appliedIndex=13291
2026/04/23 20:34:25.147280 peer_msg_handler.go:405: [info] [region 1] 6 propose admin cmd type=ChangePeer
2026/04/23 20:34:25.147358 peer_msg_handler.go:434: [info] [region 1] 6 propose conf change peer:<id:8 store_id:2 > 
2026/04/23 20:34:25.147382 peer_msg_handler.go:438: [info] [region 1] 6 REJECT conf change (pending): pendingConfIndex=13297 appliedIndex=13291
2026/04/23 20:34:25.247147 peer_msg_handler.go:405: [info] [region 1] 6 propose admin cmd type=ChangePeer
2026/04/23 20:34:25.247176 peer_msg_handler.go:434: [info] [region 1] 6 propose conf change peer:<id:8 store_id:2 > 
2026/04/23 20:34:25.247185 peer_msg_handler.go:438: [info] [region 1] 6 REJECT conf change (pending): pendingConfIndex=13297 appliedIndex=13291
2026/04/23 20:34:25.347106 peer_msg_handler.go:405: [info] [region 1] 6 propose admin cmd type=ChangePeer
2026/04/23 20:34:25.347197 peer_msg_handler.go:434: [info] [region 1] 6 propose conf change peer:<id:8 store_id:2 > 
2026/04/23 20:34:25.347244 peer_msg_handler.go:438: [info] [region 1] 6 REJECT conf change (pending): pendingConfIndex=13297 appliedIndex=13291
2026/04/23 20:34:25.447302 peer_msg_handler.go:405: [info] [region 1] 6 propose admin cmd type=ChangePeer
2026/04/23 20:34:25.447510 peer_msg_handler.go:434: [info] [region 1] 6 propose conf change peer:<id:8 store_id:2 > 
2026/04/23 20:34:25.447536 peer_msg_handler.go:438: [info] [region 1] 6 REJECT conf change (pending): pendingConfIndex=13297 appliedIndex=13291
2026/04/23 20:34:25.547170 peer_msg_handler.go:405: [info] [region 1] 6 propose admin cmd type=ChangePeer
2026/04/23 20:34:25.547242 peer_msg_handler.go:434: [info] [region 1] 6 propose conf change peer:<id:8 store_id:2 > 
2026/04/23 20:34:25.547265 peer_msg_handler.go:438: [info] [region 1] 6 REJECT conf change (pending): pendingConfIndex=13297 appliedIndex=13291
2026/04/23 20:34:25.647201 peer_msg_handler.go:405: [info] [region 1] 6 propose admin cmd type=ChangePeer
2026/04/23 20:34:25.647318 peer_msg_handler.go:434: [info] [region 1] 6 propose conf change peer:<id:8 store_id:2 > 
2026/04/23 20:34:25.647339 peer_msg_handler.go:438: [info] [region 1] 6 REJECT conf change (pending): pendingConfIndex=13297 appliedIndex=13291
2026/04/23 20:34:25.746761 peer_msg_handler.go:405: [info] [region 1] 6 propose admin cmd type=ChangePeer
2026/04/23 20:34:25.746823 peer_msg_handler.go:434: [info] [region 1] 6 propose conf change peer:<id:8 store_id:2 > 
2026/04/23 20:34:25.746830 peer_msg_handler.go:438: [info] [region 1] 6 REJECT conf change (pending): pendingConfIndex=13297 appliedIndex=13291
2026/04/23 20:34:25.847008 peer_msg_handler.go:405: [info] [region 1] 6 propose admin cmd type=ChangePeer
2026/04/23 20:34:25.847074 peer_msg_handler.go:434: [info] [region 1] 6 propose conf change peer:<id:8 store_id:2 > 
2026/04/23 20:34:25.847091 peer_msg_handler.go:438: [info] [region 1] 6 REJECT conf change (pending): pendingConfIndex=13297 appliedIndex=13291
2026/04/23 20:34:25.947296 peer_msg_handler.go:405: [info] [region 1] 6 propose admin cmd type=ChangePeer
2026/04/23 20:34:25.947365 peer_msg_handler.go:434: [info] [region 1] 6 propose conf change peer:<id:8 store_id:2 > 
2026/04/23 20:34:25.947386 peer_msg_handler.go:438: [info] [region 1] 6 REJECT conf change (pending): pendingConfIndex=13297 appliedIndex=13291
2026/04/23 20:34:26.047264 peer_msg_handler.go:405: [info] [region 1] 6 propose admin cmd type=ChangePeer
2026/04/23 20:34:26.047396 peer_msg_handler.go:434: [info] [region 1] 6 propose conf change peer:<id:8 store_id:2 > 
2026/04/23 20:34:26.047432 peer_msg_handler.go:438: [info] [region 1] 6 REJECT conf change (pending): pendingConfIndex=13297 appliedIndex=13291
2026/04/23 20:34:26.147218 peer_msg_handler.go:405: [info] [region 1] 6 propose admin cmd type=ChangePeer
2026/04/23 20:34:26.147291 peer_msg_handler.go:434: [info] [region 1] 6 propose conf change peer:<id:8 store_id:2 > 
2026/04/23 20:34:26.147314 peer_msg_handler.go:438: [info] [region 1] 6 REJECT conf change (pending): pendingConfIndex=13297 appliedIndex=13291
2026/04/23 20:34:26.247268 peer_msg_handler.go:405: [info] [region 1] 6 propose admin cmd type=ChangePeer
2026/04/23 20:34:26.247331 peer_msg_handler.go:434: [info] [region 1] 6 propose conf change peer:<id:8 store_id:2 > 
2026/04/23 20:34:26.247345 peer_msg_handler.go:438: [info] [region 1] 6 REJECT conf change (pending): pendingConfIndex=13297 appliedIndex=13291
2026/04/23 20:34:26.347285 peer_msg_handler.go:405: [info] [region 1] 6 propose admin cmd type=ChangePeer
2026/04/23 20:34:26.347448 peer_msg_handler.go:434: [info] [region 1] 6 propose conf change peer:<id:8 store_id:2 > 
2026/04/23 20:34:26.347476 peer_msg_handler.go:438: [info] [region 1] 6 REJECT conf change (pending): pendingConfIndex=13297 appliedIndex=13291
2026/04/23 20:34:26.447234 peer_msg_handler.go:405: [info] [region 1] 6 propose admin cmd type=ChangePeer
2026/04/23 20:34:26.447325 peer_msg_handler.go:434: [info] [region 1] 6 propose conf change peer:<id:8 store_id:2 > 
2026/04/23 20:34:26.447345 peer_msg_handler.go:438: [info] [region 1] 6 REJECT conf change (pending): pendingConfIndex=13297 appliedIndex=13291
2026/04/23 20:34:26.547213 peer_msg_handler.go:405: [info] [region 1] 6 propose admin cmd type=ChangePeer
2026/04/23 20:34:26.547281 peer_msg_handler.go:434: [info] [region 1] 6 propose conf change peer:<id:8 store_id:2 > 
2026/04/23 20:34:26.547403 peer_msg_handler.go:438: [info] [region 1] 6 REJECT conf change (pending): pendingConfIndex=13297 appliedIndex=13291
2026/04/23 20:34:26.647225 peer_msg_handler.go:405: [info] [region 1] 6 propose admin cmd type=ChangePeer
2026/04/23 20:34:26.647328 peer_msg_handler.go:434: [info] [region 1] 6 propose conf change peer:<id:8 store_id:2 > 
2026/04/23 20:34:26.647371 peer_msg_handler.go:438: [info] [region 1] 6 REJECT conf change (pending): pendingConfIndex=13297 appliedIndex=13291
2026/04/23 20:34:26.749307 peer_msg_handler.go:405: [info] [region 1] 6 propose admin cmd type=ChangePeer
2026/04/23 20:34:26.749479 peer_msg_handler.go:434: [info] [region 1] 6 propose conf change peer:<id:8 store_id:2 > 
2026/04/23 20:34:26.749653 peer_msg_handler.go:438: [info] [region 1] 6 REJECT conf change (pending): pendingConfIndex=13297 appliedIndex=13291
2026/04/23 20:34:26.847258 peer_msg_handler.go:405: [info] [region 1] 6 propose admin cmd type=ChangePeer
2026/04/23 20:34:26.847356 peer_msg_handler.go:434: [info] [region 1] 6 propose conf change peer:<id:8 store_id:2 > 
2026/04/23 20:34:26.847378 peer_msg_handler.go:438: [info] [region 1] 6 REJECT conf change (pending): pendingConfIndex=13297 appliedIndex=13291
2026/04/23 20:34:26.947324 peer_msg_handler.go:405: [info] [region 1] 6 propose admin cmd type=ChangePeer
2026/04/23 20:34:26.947409 peer_msg_handler.go:434: [info] [region 1] 6 propose conf change peer:<id:8 store_id:2 > 
2026/04/23 20:34:26.947433 peer_msg_handler.go:438: [info] [region 1] 6 REJECT conf change (pending): pendingConfIndex=13297 appliedIndex=13291
2026/04/23 20:34:27.047263 peer_msg_handler.go:405: [info] [region 1] 6 propose admin cmd type=ChangePeer
2026/04/23 20:34:27.047338 peer_msg_handler.go:434: [info] [region 1] 6 propose conf change peer:<id:8 store_id:2 > 
2026/04/23 20:34:27.047359 peer_msg_handler.go:438: [info] [region 1] 6 REJECT conf change (pending): pendingConfIndex=13297 appliedIndex=13291
2026/04/23 20:34:27.147242 peer_msg_handler.go:405: [info] [region 1] 6 propose admin cmd type=ChangePeer
2026/04/23 20:34:27.147318 peer_msg_handler.go:434: [info] [region 1] 6 propose conf change peer:<id:8 store_id:2 > 
2026/04/23 20:34:27.147340 peer_msg_handler.go:438: [info] [region 1] 6 REJECT conf change (pending): pendingConfIndex=13297 appliedIndex=13291
2026/04/23 20:34:27.247253 peer_msg_handler.go:405: [info] [region 1] 6 propose admin cmd type=ChangePeer
2026/04/23 20:34:27.247301 peer_msg_handler.go:434: [info] [region 1] 6 propose conf change peer:<id:8 store_id:2 > 
2026/04/23 20:34:27.247309 peer_msg_handler.go:438: [info] [region 1] 6 REJECT conf change (pending): pendingConfIndex=13297 appliedIndex=13291
2026/04/23 20:34:27.347306 peer_msg_handler.go:405: [info] [region 1] 6 propose admin cmd type=ChangePeer
2026/04/23 20:34:27.347396 peer_msg_handler.go:434: [info] [region 1] 6 propose conf change peer:<id:8 store_id:2 > 
2026/04/23 20:34:27.347422 peer_msg_handler.go:438: [info] [region 1] 6 REJECT conf change (pending): pendingConfIndex=13297 appliedIndex=13291
2026/04/23 20:34:27.447188 peer_msg_handler.go:405: [info] [region 1] 6 propose admin cmd type=ChangePeer
2026/04/23 20:34:27.447258 peer_msg_handler.go:434: [info] [region 1] 6 propose conf change peer:<id:8 store_id:2 > 
2026/04/23 20:34:27.447280 peer_msg_handler.go:438: [info] [region 1] 6 REJECT conf change (pending): pendingConfIndex=13297 appliedIndex=13291
2026/04/23 20:34:27.547187 peer_msg_handler.go:405: [info] [region 1] 6 propose admin cmd type=ChangePeer
2026/04/23 20:34:27.547243 peer_msg_handler.go:434: [info] [region 1] 6 propose conf change peer:<id:8 store_id:2 > 
2026/04/23 20:34:27.547265 peer_msg_handler.go:438: [info] [region 1] 6 REJECT conf change (pending): pendingConfIndex=13297 appliedIndex=13291
2026/04/23 20:34:27.647220 peer_msg_handler.go:405: [info] [region 1] 6 propose admin cmd type=ChangePeer
2026/04/23 20:34:27.647325 peer_msg_handler.go:434: [info] [region 1] 6 propose conf change peer:<id:8 store_id:2 > 
2026/04/23 20:34:27.647425 peer_msg_handler.go:438: [info] [region 1] 6 REJECT conf change (pending): pendingConfIndex=13297 appliedIndex=13291
2026/04/23 20:34:27.746749 peer_msg_handler.go:405: [info] [region 1] 6 propose admin cmd type=ChangePeer
2026/04/23 20:34:27.746813 peer_msg_handler.go:434: [info] [region 1] 6 propose conf change peer:<id:8 store_id:2 > 
2026/04/23 20:34:27.746830 peer_msg_handler.go:438: [info] [region 1] 6 REJECT conf change (pending): pendingConfIndex=13297 appliedIndex=13291
2026/04/23 20:34:27.846989 peer_msg_handler.go:405: [info] [region 1] 6 propose admin cmd type=ChangePeer
2026/04/23 20:34:27.847080 peer_msg_handler.go:434: [info] [region 1] 6 propose conf change peer:<id:8 store_id:2 > 
2026/04/23 20:34:27.847105 peer_msg_handler.go:438: [info] [region 1] 6 REJECT conf change (pending): pendingConfIndex=13297 appliedIndex=13291
2026/04/23 20:34:27.947116 peer_msg_handler.go:405: [info] [region 1] 6 propose admin cmd type=ChangePeer
2026/04/23 20:34:27.947198 peer_msg_handler.go:434: [info] [region 1] 6 propose conf change peer:<id:8 store_id:2 > 
2026/04/23 20:34:27.947223 peer_msg_handler.go:438: [info] [region 1] 6 REJECT conf change (pending): pendingConfIndex=13297 appliedIndex=13291
2026/04/23 20:34:28.047276 peer_msg_handler.go:405: [info] [region 1] 6 propose admin cmd type=ChangePeer
2026/04/23 20:34:28.047353 peer_msg_handler.go:434: [info] [region 1] 6 propose conf change peer:<id:8 store_id:2 > 
2026/04/23 20:34:28.047377 peer_msg_handler.go:438: [info] [region 1] 6 REJECT conf change (pending): pendingConfIndex=13297 appliedIndex=13291
2026/04/23 20:34:28.147438 peer_msg_handler.go:405: [info] [region 1] 6 propose admin cmd type=ChangePeer
2026/04/23 20:34:28.147529 peer_msg_handler.go:434: [info] [region 1] 6 propose conf change peer:<id:8 store_id:2 > 
2026/04/23 20:34:28.147569 peer_msg_handler.go:438: [info] [region 1] 6 REJECT conf change (pending): pendingConfIndex=13297 appliedIndex=13291
2026/04/23 20:34:28.247269 peer_msg_handler.go:405: [info] [region 1] 6 propose admin cmd type=ChangePeer
2026/04/23 20:34:28.247353 peer_msg_handler.go:434: [info] [region 1] 6 propose conf change peer:<id:8 store_id:2 > 
2026/04/23 20:34:28.247361 peer_msg_handler.go:438: [info] [region 1] 6 REJECT conf change (pending): pendingConfIndex=13297 appliedIndex=13291
2026/04/23 20:34:28.347248 peer_msg_handler.go:405: [info] [region 1] 6 propose admin cmd type=ChangePeer
2026/04/23 20:34:28.347319 peer_msg_handler.go:434: [info] [region 1] 6 propose conf change peer:<id:8 store_id:2 > 
2026/04/23 20:34:28.347341 peer_msg_handler.go:438: [info] [region 1] 6 REJECT conf change (pending): pendingConfIndex=13297 appliedIndex=13291
2026/04/23 20:34:28.446746 peer_msg_handler.go:405: [info] [region 1] 6 propose admin cmd type=ChangePeer
2026/04/23 20:34:28.446817 peer_msg_handler.go:434: [info] [region 1] 6 propose conf change peer:<id:8 store_id:2 > 
2026/04/23 20:34:28.446840 peer_msg_handler.go:438: [info] [region 1] 6 REJECT conf change (pending): pendingConfIndex=13297 appliedIndex=13291
2026/04/23 20:34:28.547220 peer_msg_handler.go:405: [info] [region 1] 6 propose admin cmd type=ChangePeer
2026/04/23 20:34:28.547293 peer_msg_handler.go:434: [info] [region 1] 6 propose conf change peer:<id:8 store_id:2 > 
2026/04/23 20:34:28.547316 peer_msg_handler.go:438: [info] [region 1] 6 REJECT conf change (pending): pendingConfIndex=13297 appliedIndex=13291
2026/04/23 20:34:28.647206 peer_msg_handler.go:405: [info] [region 1] 6 propose admin cmd type=ChangePeer
2026/04/23 20:34:28.647285 peer_msg_handler.go:434: [info] [region 1] 6 propose conf change peer:<id:8 store_id:2 > 
2026/04/23 20:34:28.647309 peer_msg_handler.go:438: [info] [region 1] 6 REJECT conf change (pending): pendingConfIndex=13297 appliedIndex=13291
2026/04/23 20:34:28.746801 peer_msg_handler.go:405: [info] [region 1] 6 propose admin cmd type=ChangePeer
2026/04/23 20:34:28.746868 peer_msg_handler.go:434: [info] [region 1] 6 propose conf change peer:<id:8 store_id:2 > 
2026/04/23 20:34:28.746885 peer_msg_handler.go:438: [info] [region 1] 6 REJECT conf change (pending): pendingConfIndex=13297 appliedIndex=13291
2026/04/23 20:34:28.847225 peer_msg_handler.go:405: [info] [region 1] 6 propose admin cmd type=ChangePeer
2026/04/23 20:34:28.847302 peer_msg_handler.go:434: [info] [region 1] 6 propose conf change peer:<id:8 store_id:2 > 
2026/04/23 20:34:28.847322 peer_msg_handler.go:438: [info] [region 1] 6 REJECT conf change (pending): pendingConfIndex=13297 appliedIndex=13291
2026/04/23 20:34:28.947168 peer_msg_handler.go:405: [info] [region 1] 6 propose admin cmd type=ChangePeer
2026/04/23 20:34:28.947270 peer_msg_handler.go:434: [info] [region 1] 6 propose conf change peer:<id:8 store_id:2 > 
2026/04/23 20:34:28.947293 peer_msg_handler.go:438: [info] [region 1] 6 REJECT conf change (pending): pendingConfIndex=13297 appliedIndex=13291
2026/04/23 20:34:29.047228 peer_msg_handler.go:405: [info] [region 1] 6 propose admin cmd type=ChangePeer
2026/04/23 20:34:29.047297 peer_msg_handler.go:434: [info] [region 1] 6 propose conf change peer:<id:8 store_id:2 > 
2026/04/23 20:34:29.047322 peer_msg_handler.go:438: [info] [region 1] 6 REJECT conf change (pending): pendingConfIndex=13297 appliedIndex=13291
2026/04/23 20:34:29.147325 peer_msg_handler.go:405: [info] [region 1] 6 propose admin cmd type=ChangePeer
2026/04/23 20:34:29.147396 peer_msg_handler.go:434: [info] [region 1] 6 propose conf change peer:<id:8 store_id:2 > 
2026/04/23 20:34:29.147419 peer_msg_handler.go:438: [info] [region 1] 6 REJECT conf change (pending): pendingConfIndex=13297 appliedIndex=13291
2026/04/23 20:34:29.246663 peer_msg_handler.go:405: [info] [region 1] 6 propose admin cmd type=ChangePeer
2026/04/23 20:34:29.246741 peer_msg_handler.go:434: [info] [region 1] 6 propose conf change peer:<id:8 store_id:2 > 
2026/04/23 20:34:29.246761 peer_msg_handler.go:438: [info] [region 1] 6 REJECT conf change (pending): pendingConfIndex=13297 appliedIndex=13291
2026/04/23 20:34:29.347286 peer_msg_handler.go:405: [info] [region 1] 6 propose admin cmd type=ChangePeer
2026/04/23 20:34:29.347361 peer_msg_handler.go:434: [info] [region 1] 6 propose conf change peer:<id:8 store_id:2 > 
2026/04/23 20:34:29.347392 peer_msg_handler.go:438: [info] [region 1] 6 REJECT conf change (pending): pendingConfIndex=13297 appliedIndex=13291
2026/04/23 20:34:29.447215 peer_msg_handler.go:405: [info] [region 1] 6 propose admin cmd type=ChangePeer
2026/04/23 20:34:29.447271 peer_msg_handler.go:434: [info] [region 1] 6 propose conf change peer:<id:8 store_id:2 > 
2026/04/23 20:34:29.447289 peer_msg_handler.go:438: [info] [region 1] 6 REJECT conf change (pending): pendingConfIndex=13297 appliedIndex=13291
2026/04/23 20:34:29.547218 peer_msg_handler.go:405: [info] [region 1] 6 propose admin cmd type=ChangePeer
2026/04/23 20:34:29.547292 peer_msg_handler.go:434: [info] [region 1] 6 propose conf change peer:<id:8 store_id:2 > 
2026/04/23 20:34:29.547315 peer_msg_handler.go:438: [info] [region 1] 6 REJECT conf change (pending): pendingConfIndex=13297 appliedIndex=13291
2026/04/23 20:34:29.647264 peer_msg_handler.go:405: [info] [region 1] 6 propose admin cmd type=ChangePeer
2026/04/23 20:34:29.647340 peer_msg_handler.go:434: [info] [region 1] 6 propose conf change peer:<id:8 store_id:2 > 
2026/04/23 20:34:29.647363 peer_msg_handler.go:438: [info] [region 1] 6 REJECT conf change (pending): pendingConfIndex=13297 appliedIndex=13291
2026/04/23 20:34:29.746754 peer_msg_handler.go:405: [info] [region 1] 6 propose admin cmd type=ChangePeer
2026/04/23 20:34:29.746818 peer_msg_handler.go:434: [info] [region 1] 6 propose conf change peer:<id:8 store_id:2 > 
2026/04/23 20:34:29.746835 peer_msg_handler.go:438: [info] [region 1] 6 REJECT conf change (pending): pendingConfIndex=13297 appliedIndex=13291
2026/04/23 20:34:29.847278 peer_msg_handler.go:405: [info] [region 1] 6 propose admin cmd type=ChangePeer
2026/04/23 20:34:29.847351 peer_msg_handler.go:434: [info] [region 1] 6 propose conf change peer:<id:8 store_id:2 > 
2026/04/23 20:34:29.847403 peer_msg_handler.go:438: [info] [region 1] 6 REJECT conf change (pending): pendingConfIndex=13297 appliedIndex=13291
2026/04/23 20:34:29.947261 peer_msg_handler.go:405: [info] [region 1] 6 propose admin cmd type=ChangePeer
2026/04/23 20:34:29.947335 peer_msg_handler.go:434: [info] [region 1] 6 propose conf change peer:<id:8 store_id:2 > 
2026/04/23 20:34:29.947352 peer_msg_handler.go:438: [info] [region 1] 6 REJECT conf change (pending): pendingConfIndex=13297 appliedIndex=13291
2026/04/23 20:34:30.047342 peer_msg_handler.go:405: [info] [region 1] 6 propose admin cmd type=ChangePeer
2026/04/23 20:34:30.047394 peer_msg_handler.go:434: [info] [region 1] 6 propose conf change peer:<id:8 store_id:2 > 
2026/04/23 20:34:30.047413 peer_msg_handler.go:438: [info] [region 1] 6 REJECT conf change (pending): pendingConfIndex=13297 appliedIndex=13291
2026/04/23 20:34:30.147272 peer_msg_handler.go:405: [info] [region 1] 6 propose admin cmd type=ChangePeer
2026/04/23 20:34:30.147358 peer_msg_handler.go:434: [info] [region 1] 6 propose conf change peer:<id:8 store_id:2 > 
2026/04/23 20:34:30.147412 peer_msg_handler.go:438: [info] [region 1] 6 REJECT conf change (pending): pendingConfIndex=13297 appliedIndex=13291
2026/04/23 20:34:30.247019 peer_msg_handler.go:405: [info] [region 1] 6 propose admin cmd type=ChangePeer
2026/04/23 20:34:30.247084 peer_msg_handler.go:434: [info] [region 1] 6 propose conf change peer:<id:8 store_id:2 > 
2026/04/23 20:34:30.247099 peer_msg_handler.go:438: [info] [region 1] 6 REJECT conf change (pending): pendingConfIndex=13297 appliedIndex=13291
2026/04/23 20:34:30.347301 peer_msg_handler.go:405: [info] [region 1] 6 propose admin cmd type=ChangePeer
2026/04/23 20:34:30.347386 peer_msg_handler.go:434: [info] [region 1] 6 propose conf change peer:<id:8 store_id:2 > 
2026/04/23 20:34:30.347410 peer_msg_handler.go:438: [info] [region 1] 6 REJECT conf change (pending): pendingConfIndex=13297 appliedIndex=13291
2026/04/23 20:34:30.447234 peer_msg_handler.go:405: [info] [region 1] 6 propose admin cmd type=ChangePeer
2026/04/23 20:34:30.447297 peer_msg_handler.go:434: [info] [region 1] 6 propose conf change peer:<id:8 store_id:2 > 
2026/04/23 20:34:30.447320 peer_msg_handler.go:438: [info] [region 1] 6 REJECT conf change (pending): pendingConfIndex=13297 appliedIndex=13291
2026/04/23 20:34:30.547208 peer_msg_handler.go:405: [info] [region 1] 6 propose admin cmd type=ChangePeer
2026/04/23 20:34:30.547284 peer_msg_handler.go:434: [info] [region 1] 6 propose conf change peer:<id:8 store_id:2 > 
2026/04/23 20:34:30.547305 peer_msg_handler.go:438: [info] [region 1] 6 REJECT conf change (pending): pendingConfIndex=13297 appliedIndex=13291
2026/04/23 20:34:30.647247 peer_msg_handler.go:405: [info] [region 1] 6 propose admin cmd type=ChangePeer
2026/04/23 20:34:30.647339 peer_msg_handler.go:434: [info] [region 1] 6 propose conf change peer:<id:8 store_id:2 > 
2026/04/23 20:34:30.647370 peer_msg_handler.go:438: [info] [region 1] 6 REJECT conf change (pending): pendingConfIndex=13297 appliedIndex=13291
2026/04/23 20:34:30.746747 peer_msg_handler.go:405: [info] [region 1] 6 propose admin cmd type=ChangePeer
2026/04/23 20:34:30.746812 peer_msg_handler.go:434: [info] [region 1] 6 propose conf change peer:<id:8 store_id:2 > 
2026/04/23 20:34:30.746830 peer_msg_handler.go:438: [info] [region 1] 6 REJECT conf change (pending): pendingConfIndex=13297 appliedIndex=13291
2026/04/23 20:34:30.846891 peer_msg_handler.go:405: [info] [region 1] 6 propose admin cmd type=ChangePeer
2026/04/23 20:34:30.846964 peer_msg_handler.go:434: [info] [region 1] 6 propose conf change peer:<id:8 store_id:2 > 
2026/04/23 20:34:30.846982 peer_msg_handler.go:438: [info] [region 1] 6 REJECT conf change (pending): pendingConfIndex=13297 appliedIndex=13291
2026/04/23 20:34:30.947236 peer_msg_handler.go:405: [info] [region 1] 6 propose admin cmd type=ChangePeer
2026/04/23 20:34:30.947316 peer_msg_handler.go:434: [info] [region 1] 6 propose conf change peer:<id:8 store_id:2 > 
2026/04/23 20:34:30.947348 peer_msg_handler.go:438: [info] [region 1] 6 REJECT conf change (pending): pendingConfIndex=13297 appliedIndex=13291
2026/04/23 20:34:31.047265 peer_msg_handler.go:405: [info] [region 1] 6 propose admin cmd type=ChangePeer
2026/04/23 20:34:31.047347 peer_msg_handler.go:434: [info] [region 1] 6 propose conf change peer:<id:8 store_id:2 > 
2026/04/23 20:34:31.047371 peer_msg_handler.go:438: [info] [region 1] 6 REJECT conf change (pending): pendingConfIndex=13297 appliedIndex=13291
2026/04/23 20:34:31.147331 peer_msg_handler.go:405: [info] [region 1] 6 propose admin cmd type=ChangePeer
2026/04/23 20:34:31.147410 peer_msg_handler.go:434: [info] [region 1] 6 propose conf change peer:<id:8 store_id:2 > 
2026/04/23 20:34:31.147435 peer_msg_handler.go:438: [info] [region 1] 6 REJECT conf change (pending): pendingConfIndex=13297 appliedIndex=13291
2026/04/23 20:34:31.246719 peer_msg_handler.go:405: [info] [region 1] 6 propose admin cmd type=ChangePeer
2026/04/23 20:34:31.246780 peer_msg_handler.go:434: [info] [region 1] 6 propose conf change peer:<id:8 store_id:2 > 
2026/04/23 20:34:31.246800 peer_msg_handler.go:438: [info] [region 1] 6 REJECT conf change (pending): pendingConfIndex=13297 appliedIndex=13291
2026/04/23 20:34:31.347305 peer_msg_handler.go:405: [info] [region 1] 6 propose admin cmd type=ChangePeer
2026/04/23 20:34:31.347386 peer_msg_handler.go:434: [info] [region 1] 6 propose conf change peer:<id:8 store_id:2 > 
2026/04/23 20:34:31.347409 peer_msg_handler.go:438: [info] [region 1] 6 REJECT conf change (pending): pendingConfIndex=13297 appliedIndex=13291
2026/04/23 20:34:31.447150 peer_msg_handler.go:405: [info] [region 1] 6 propose admin cmd type=ChangePeer
2026/04/23 20:34:31.447204 peer_msg_handler.go:434: [info] [region 1] 6 propose conf change peer:<id:8 store_id:2 > 
2026/04/23 20:34:31.447215 peer_msg_handler.go:438: [info] [region 1] 6 REJECT conf change (pending): pendingConfIndex=13297 appliedIndex=13291
2026/04/23 20:34:31.547201 peer_msg_handler.go:405: [info] [region 1] 6 propose admin cmd type=ChangePeer
2026/04/23 20:34:31.547276 peer_msg_handler.go:434: [info] [region 1] 6 propose conf change peer:<id:8 store_id:2 > 
2026/04/23 20:34:31.547299 peer_msg_handler.go:438: [info] [region 1] 6 REJECT conf change (pending): pendingConfIndex=13297 appliedIndex=13291
2026/04/23 20:34:31.647161 peer_msg_handler.go:405: [info] [region 1] 6 propose admin cmd type=ChangePeer
2026/04/23 20:34:31.647248 peer_msg_handler.go:434: [info] [region 1] 6 propose conf change peer:<id:8 store_id:2 > 
2026/04/23 20:34:31.647271 peer_msg_handler.go:438: [info] [region 1] 6 REJECT conf change (pending): pendingConfIndex=13297 appliedIndex=13291
2026/04/23 20:34:31.746766 peer_msg_handler.go:405: [info] [region 1] 6 propose admin cmd type=ChangePeer
2026/04/23 20:34:31.746828 peer_msg_handler.go:434: [info] [region 1] 6 propose conf change peer:<id:8 store_id:2 > 
2026/04/23 20:34:31.746860 peer_msg_handler.go:438: [info] [region 1] 6 REJECT conf change (pending): pendingConfIndex=13297 appliedIndex=13291
2026/04/23 20:34:31.847012 peer_msg_handler.go:405: [info] [region 1] 6 propose admin cmd type=ChangePeer
2026/04/23 20:34:31.847091 peer_msg_handler.go:434: [info] [region 1] 6 propose conf change peer:<id:8 store_id:2 > 
2026/04/23 20:34:31.847109 peer_msg_handler.go:438: [info] [region 1] 6 REJECT conf change (pending): pendingConfIndex=13297 appliedIndex=13291
2026/04/23 20:34:31.947167 peer_msg_handler.go:405: [info] [region 1] 6 propose admin cmd type=ChangePeer
2026/04/23 20:34:31.947243 peer_msg_handler.go:434: [info] [region 1] 6 propose conf change peer:<id:8 store_id:2 > 
2026/04/23 20:34:31.947264 peer_msg_handler.go:438: [info] [region 1] 6 REJECT conf change (pending): pendingConfIndex=13297 appliedIndex=13291
2026/04/23 20:34:32.046993 peer_msg_handler.go:405: [info] [region 1] 6 propose admin cmd type=ChangePeer
2026/04/23 20:34:32.047047 peer_msg_handler.go:434: [info] [region 1] 6 propose conf change peer:<id:8 store_id:2 > 
2026/04/23 20:34:32.047055 peer_msg_handler.go:438: [info] [region 1] 6 REJECT conf change (pending): pendingConfIndex=13297 appliedIndex=13291
2026/04/23 20:34:32.147226 peer_msg_handler.go:405: [info] [region 1] 6 propose admin cmd type=ChangePeer
2026/04/23 20:34:32.147307 peer_msg_handler.go:434: [info] [region 1] 6 propose conf change peer:<id:8 store_id:2 > 
2026/04/23 20:34:32.147332 peer_msg_handler.go:438: [info] [region 1] 6 REJECT conf change (pending): pendingConfIndex=13297 appliedIndex=13291
2026/04/23 20:34:32.247002 peer_msg_handler.go:405: [info] [region 1] 6 propose admin cmd type=ChangePeer
2026/04/23 20:34:32.247066 peer_msg_handler.go:434: [info] [region 1] 6 propose conf change peer:<id:8 store_id:2 > 
2026/04/23 20:34:32.247086 peer_msg_handler.go:438: [info] [region 1] 6 REJECT conf change (pending): pendingConfIndex=13297 appliedIndex=13291
2026/04/23 20:34:32.347264 peer_msg_handler.go:405: [info] [region 1] 6 propose admin cmd type=ChangePeer
2026/04/23 20:34:32.347338 peer_msg_handler.go:434: [info] [region 1] 6 propose conf change peer:<id:8 store_id:2 > 
2026/04/23 20:34:32.347370 peer_msg_handler.go:438: [info] [region 1] 6 REJECT conf change (pending): pendingConfIndex=13297 appliedIndex=13291
2026/04/23 20:34:32.447171 peer_msg_handler.go:405: [info] [region 1] 6 propose admin cmd type=ChangePeer
2026/04/23 20:34:32.447199 peer_msg_handler.go:434: [info] [region 1] 6 propose conf change peer:<id:8 store_id:2 > 
2026/04/23 20:34:32.447205 peer_msg_handler.go:438: [info] [region 1] 6 REJECT conf change (pending): pendingConfIndex=13297 appliedIndex=13291
2026/04/23 20:34:32.547199 peer_msg_handler.go:405: [info] [region 1] 6 propose admin cmd type=ChangePeer
2026/04/23 20:34:32.547312 peer_msg_handler.go:434: [info] [region 1] 6 propose conf change peer:<id:8 store_id:2 > 
2026/04/23 20:34:32.547336 peer_msg_handler.go:438: [info] [region 1] 6 REJECT conf change (pending): pendingConfIndex=13297 appliedIndex=13291
2026/04/23 20:34:32.647186 peer_msg_handler.go:405: [info] [region 1] 6 propose admin cmd type=ChangePeer
2026/04/23 20:34:32.647263 peer_msg_handler.go:434: [info] [region 1] 6 propose conf change peer:<id:8 store_id:2 > 
2026/04/23 20:34:32.647285 peer_msg_handler.go:438: [info] [region 1] 6 REJECT conf change (pending): pendingConfIndex=13297 appliedIndex=13291
2026/04/23 20:34:32.746752 peer_msg_handler.go:405: [info] [region 1] 6 propose admin cmd type=ChangePeer
2026/04/23 20:34:32.746822 peer_msg_handler.go:434: [info] [region 1] 6 propose conf change peer:<id:8 store_id:2 > 
2026/04/23 20:34:32.746837 peer_msg_handler.go:438: [info] [region 1] 6 REJECT conf change (pending): pendingConfIndex=13297 appliedIndex=13291
2026/04/23 20:34:32.847850 peer_msg_handler.go:405: [info] [region 1] 6 propose admin cmd type=ChangePeer
2026/04/23 20:34:32.847936 peer_msg_handler.go:434: [info] [region 1] 6 propose conf change peer:<id:8 store_id:2 > 
2026/04/23 20:34:32.847958 peer_msg_handler.go:438: [info] [region 1] 6 REJECT conf change (pending): pendingConfIndex=13297 appliedIndex=13291
2026/04/23 20:34:32.946573 peer_msg_handler.go:405: [info] [region 1] 6 propose admin cmd type=ChangePeer
2026/04/23 20:34:32.946635 peer_msg_handler.go:434: [info] [region 1] 6 propose conf change peer:<id:8 store_id:2 > 
2026/04/23 20:34:32.946651 peer_msg_handler.go:438: [info] [region 1] 6 REJECT conf change (pending): pendingConfIndex=13297 appliedIndex=13291
2026/04/23 20:34:33.047236 peer_msg_handler.go:405: [info] [region 1] 6 propose admin cmd type=ChangePeer
2026/04/23 20:34:33.047327 peer_msg_handler.go:434: [info] [region 1] 6 propose conf change peer:<id:8 store_id:2 > 
2026/04/23 20:34:33.047353 peer_msg_handler.go:438: [info] [region 1] 6 REJECT conf change (pending): pendingConfIndex=13297 appliedIndex=13291
2026/04/23 20:34:33.147209 peer_msg_handler.go:405: [info] [region 1] 6 propose admin cmd type=ChangePeer
2026/04/23 20:34:33.147297 peer_msg_handler.go:434: [info] [region 1] 6 propose conf change peer:<id:8 store_id:2 > 
2026/04/23 20:34:33.147321 peer_msg_handler.go:438: [info] [region 1] 6 REJECT conf change (pending): pendingConfIndex=13297 appliedIndex=13291
2026/04/23 20:34:33.247168 peer_msg_handler.go:405: [info] [region 1] 6 propose admin cmd type=ChangePeer
2026/04/23 20:34:33.247229 peer_msg_handler.go:434: [info] [region 1] 6 propose conf change peer:<id:8 store_id:2 > 
2026/04/23 20:34:33.247240 peer_msg_handler.go:438: [info] [region 1] 6 REJECT conf change (pending): pendingConfIndex=13297 appliedIndex=13291
2026/04/23 20:34:33.347189 peer_msg_handler.go:405: [info] [region 1] 6 propose admin cmd type=ChangePeer
2026/04/23 20:34:33.347263 peer_msg_handler.go:434: [info] [region 1] 6 propose conf change peer:<id:8 store_id:2 > 
2026/04/23 20:34:33.347285 peer_msg_handler.go:438: [info] [region 1] 6 REJECT conf change (pending): pendingConfIndex=13297 appliedIndex=13291
2026/04/23 20:34:33.447182 peer_msg_handler.go:405: [info] [region 1] 6 propose admin cmd type=ChangePeer
2026/04/23 20:34:33.447248 peer_msg_handler.go:434: [info] [region 1] 6 propose conf change peer:<id:8 store_id:2 > 
2026/04/23 20:34:33.447269 peer_msg_handler.go:438: [info] [region 1] 6 REJECT conf change (pending): pendingConfIndex=13297 appliedIndex=13291
2026/04/23 20:34:33.547169 peer_msg_handler.go:405: [info] [region 1] 6 propose admin cmd type=ChangePeer
2026/04/23 20:34:33.547237 peer_msg_handler.go:434: [info] [region 1] 6 propose conf change peer:<id:8 store_id:2 > 
2026/04/23 20:34:33.547260 peer_msg_handler.go:438: [info] [region 1] 6 REJECT conf change (pending): pendingConfIndex=13297 appliedIndex=13291
2026/04/23 20:34:33.647210 peer_msg_handler.go:405: [info] [region 1] 6 propose admin cmd type=ChangePeer
2026/04/23 20:34:33.647281 peer_msg_handler.go:434: [info] [region 1] 6 propose conf change peer:<id:8 store_id:2 > 
2026/04/23 20:34:33.647304 peer_msg_handler.go:438: [info] [region 1] 6 REJECT conf change (pending): pendingConfIndex=13297 appliedIndex=13291
2026/04/23 20:34:33.746760 peer_msg_handler.go:405: [info] [region 1] 6 propose admin cmd type=ChangePeer
2026/04/23 20:34:33.746820 peer_msg_handler.go:434: [info] [region 1] 6 propose conf change peer:<id:8 store_id:2 > 
2026/04/23 20:34:33.746835 peer_msg_handler.go:438: [info] [region 1] 6 REJECT conf change (pending): pendingConfIndex=13297 appliedIndex=13291
2026/04/23 20:34:33.847290 peer_msg_handler.go:405: [info] [region 1] 6 propose admin cmd type=ChangePeer
2026/04/23 20:34:33.847371 peer_msg_handler.go:434: [info] [region 1] 6 propose conf change peer:<id:8 store_id:2 > 
2026/04/23 20:34:33.847400 peer_msg_handler.go:438: [info] [region 1] 6 REJECT conf change (pending): pendingConfIndex=13297 appliedIndex=13291
2026/04/23 20:34:33.947219 peer_msg_handler.go:405: [info] [region 1] 6 propose admin cmd type=ChangePeer
2026/04/23 20:34:33.947342 peer_msg_handler.go:434: [info] [region 1] 6 propose conf change peer:<id:8 store_id:2 > 
2026/04/23 20:34:33.947374 peer_msg_handler.go:438: [info] [region 1] 6 REJECT conf change (pending): pendingConfIndex=13297 appliedIndex=13291
2026/04/23 20:34:34.047287 peer_msg_handler.go:405: [info] [region 1] 6 propose admin cmd type=ChangePeer
2026/04/23 20:34:34.047363 peer_msg_handler.go:434: [info] [region 1] 6 propose conf change peer:<id:8 store_id:2 > 
2026/04/23 20:34:34.047384 peer_msg_handler.go:438: [info] [region 1] 6 REJECT conf change (pending): pendingConfIndex=13297 appliedIndex=13291
2026/04/23 20:34:34.147299 peer_msg_handler.go:405: [info] [region 1] 6 propose admin cmd type=ChangePeer
2026/04/23 20:34:34.147350 peer_msg_handler.go:434: [info] [region 1] 6 propose conf change peer:<id:8 store_id:2 > 
2026/04/23 20:34:34.147358 peer_msg_handler.go:438: [info] [region 1] 6 REJECT conf change (pending): pendingConfIndex=13297 appliedIndex=13291
2026/04/23 20:34:34.247310 peer_msg_handler.go:405: [info] [region 1] 6 propose admin cmd type=ChangePeer
2026/04/23 20:34:34.247376 peer_msg_handler.go:434: [info] [region 1] 6 propose conf change peer:<id:8 store_id:2 > 
2026/04/23 20:34:34.247392 peer_msg_handler.go:438: [info] [region 1] 6 REJECT conf change (pending): pendingConfIndex=13297 appliedIndex=13291
2026/04/23 20:34:34.347253 peer_msg_handler.go:405: [info] [region 1] 6 propose admin cmd type=ChangePeer
2026/04/23 20:34:34.347338 peer_msg_handler.go:434: [info] [region 1] 6 propose conf change peer:<id:8 store_id:2 > 
2026/04/23 20:34:34.347361 peer_msg_handler.go:438: [info] [region 1] 6 REJECT conf change (pending): pendingConfIndex=13297 appliedIndex=13291
2026/04/23 20:34:34.447221 peer_msg_handler.go:405: [info] [region 1] 6 propose admin cmd type=ChangePeer
2026/04/23 20:34:34.447300 peer_msg_handler.go:434: [info] [region 1] 6 propose conf change peer:<id:8 store_id:2 > 
2026/04/23 20:34:34.447323 peer_msg_handler.go:438: [info] [region 1] 6 REJECT conf change (pending): pendingConfIndex=13297 appliedIndex=13291
2026/04/23 20:34:34.547236 peer_msg_handler.go:405: [info] [region 1] 6 propose admin cmd type=ChangePeer
2026/04/23 20:34:34.547312 peer_msg_handler.go:434: [info] [region 1] 6 propose conf change peer:<id:8 store_id:2 > 
2026/04/23 20:34:34.547334 peer_msg_handler.go:438: [info] [region 1] 6 REJECT conf change (pending): pendingConfIndex=13297 appliedIndex=13291
2026/04/23 20:34:34.647214 peer_msg_handler.go:405: [info] [region 1] 6 propose admin cmd type=ChangePeer
2026/04/23 20:34:34.647334 peer_msg_handler.go:434: [info] [region 1] 6 propose conf change peer:<id:8 store_id:2 > 
2026/04/23 20:34:34.647369 peer_msg_handler.go:438: [info] [region 1] 6 REJECT conf change (pending): pendingConfIndex=13297 appliedIndex=13291
2026/04/23 20:34:34.746566 peer_msg_handler.go:405: [info] [region 1] 6 propose admin cmd type=ChangePeer
2026/04/23 20:34:34.746621 peer_msg_handler.go:434: [info] [region 1] 6 propose conf change peer:<id:8 store_id:2 > 
2026/04/23 20:34:34.746638 peer_msg_handler.go:438: [info] [region 1] 6 REJECT conf change (pending): pendingConfIndex=13297 appliedIndex=13291
2026/04/23 20:34:34.847270 peer_msg_handler.go:405: [info] [region 1] 6 propose admin cmd type=ChangePeer
2026/04/23 20:34:34.847353 peer_msg_handler.go:434: [info] [region 1] 6 propose conf change peer:<id:8 store_id:2 > 
2026/04/23 20:34:34.847376 peer_msg_handler.go:438: [info] [region 1] 6 REJECT conf change (pending): pendingConfIndex=13297 appliedIndex=13291
2026/04/23 20:34:34.946602 peer_msg_handler.go:405: [info] [region 1] 6 propose admin cmd type=ChangePeer
2026/04/23 20:34:34.946662 peer_msg_handler.go:434: [info] [region 1] 6 propose conf change peer:<id:8 store_id:2 > 
2026/04/23 20:34:34.946675 peer_msg_handler.go:438: [info] [region 1] 6 REJECT conf change (pending): pendingConfIndex=13297 appliedIndex=13291
2026/04/23 20:34:35.047349 peer_msg_handler.go:405: [info] [region 1] 6 propose admin cmd type=ChangePeer
2026/04/23 20:34:35.047455 peer_msg_handler.go:434: [info] [region 1] 6 propose conf change peer:<id:8 store_id:2 > 
2026/04/23 20:34:35.047476 peer_msg_handler.go:438: [info] [region 1] 6 REJECT conf change (pending): pendingConfIndex=13297 appliedIndex=13291
2026/04/23 20:34:35.147220 peer_msg_handler.go:405: [info] [region 1] 6 propose admin cmd type=ChangePeer
2026/04/23 20:34:35.147312 peer_msg_handler.go:434: [info] [region 1] 6 propose conf change peer:<id:8 store_id:2 > 
2026/04/23 20:34:35.147336 peer_msg_handler.go:438: [info] [region 1] 6 REJECT conf change (pending): pendingConfIndex=13297 appliedIndex=13291
2026/04/23 20:34:35.247227 peer_msg_handler.go:405: [info] [region 1] 6 propose admin cmd type=ChangePeer
2026/04/23 20:34:35.247279 peer_msg_handler.go:434: [info] [region 1] 6 propose conf change peer:<id:8 store_id:2 > 
2026/04/23 20:34:35.247291 peer_msg_handler.go:438: [info] [region 1] 6 REJECT conf change (pending): pendingConfIndex=13297 appliedIndex=13291
2026/04/23 20:34:35.347325 peer_msg_handler.go:405: [info] [region 1] 6 propose admin cmd type=ChangePeer
2026/04/23 20:34:35.347413 peer_msg_handler.go:434: [info] [region 1] 6 propose conf change peer:<id:8 store_id:2 > 
2026/04/23 20:34:35.347437 peer_msg_handler.go:438: [info] [region 1] 6 REJECT conf change (pending): pendingConfIndex=13297 appliedIndex=13291
2026/04/23 20:34:35.446851 peer_msg_handler.go:405: [info] [region 1] 6 propose admin cmd type=ChangePeer
2026/04/23 20:34:35.446907 peer_msg_handler.go:434: [info] [region 1] 6 propose conf change peer:<id:8 store_id:2 > 
2026/04/23 20:34:35.446925 peer_msg_handler.go:438: [info] [region 1] 6 REJECT conf change (pending): pendingConfIndex=13297 appliedIndex=13291
2026/04/23 20:34:35.547225 peer_msg_handler.go:405: [info] [region 1] 6 propose admin cmd type=ChangePeer
2026/04/23 20:34:35.547297 peer_msg_handler.go:434: [info] [region 1] 6 propose conf change peer:<id:8 store_id:2 > 
2026/04/23 20:34:35.547316 peer_msg_handler.go:438: [info] [region 1] 6 REJECT conf change (pending): pendingConfIndex=13297 appliedIndex=13291
2026/04/23 20:34:35.647188 peer_msg_handler.go:405: [info] [region 1] 6 propose admin cmd type=ChangePeer
2026/04/23 20:34:35.647273 peer_msg_handler.go:434: [info] [region 1] 6 propose conf change peer:<id:8 store_id:2 > 
2026/04/23 20:34:35.647298 peer_msg_handler.go:438: [info] [region 1] 6 REJECT conf change (pending): pendingConfIndex=13297 appliedIndex=13291
2026/04/23 20:34:35.746726 peer_msg_handler.go:405: [info] [region 1] 6 propose admin cmd type=ChangePeer
2026/04/23 20:34:35.746784 peer_msg_handler.go:434: [info] [region 1] 6 propose conf change peer:<id:8 store_id:2 > 
2026/04/23 20:34:35.746799 peer_msg_handler.go:438: [info] [region 1] 6 REJECT conf change (pending): pendingConfIndex=13297 appliedIndex=13291
2026/04/23 20:34:35.847271 peer_msg_handler.go:405: [info] [region 1] 6 propose admin cmd type=ChangePeer
2026/04/23 20:34:35.847367 peer_msg_handler.go:434: [info] [region 1] 6 propose conf change peer:<id:8 store_id:2 > 
2026/04/23 20:34:35.847392 peer_msg_handler.go:438: [info] [region 1] 6 REJECT conf change (pending): pendingConfIndex=13297 appliedIndex=13291
2026/04/23 20:34:35.947196 peer_msg_handler.go:405: [info] [region 1] 6 propose admin cmd type=ChangePeer
2026/04/23 20:34:35.947279 peer_msg_handler.go:434: [info] [region 1] 6 propose conf change peer:<id:8 store_id:2 > 
2026/04/23 20:34:35.947300 peer_msg_handler.go:438: [info] [region 1] 6 REJECT conf change (pending): pendingConfIndex=13297 appliedIndex=13291
2026/04/23 20:34:36.046975 peer_msg_handler.go:405: [info] [region 1] 6 propose admin cmd type=ChangePeer
2026/04/23 20:34:36.047053 peer_msg_handler.go:434: [info] [region 1] 6 propose conf change peer:<id:8 store_id:2 > 
2026/04/23 20:34:36.047075 peer_msg_handler.go:438: [info] [region 1] 6 REJECT conf change (pending): pendingConfIndex=13297 appliedIndex=13291
2026/04/23 20:34:36.147216 peer_msg_handler.go:405: [info] [region 1] 6 propose admin cmd type=ChangePeer
2026/04/23 20:34:36.147304 peer_msg_handler.go:434: [info] [region 1] 6 propose conf change peer:<id:8 store_id:2 > 
2026/04/23 20:34:36.147329 peer_msg_handler.go:438: [info] [region 1] 6 REJECT conf change (pending): pendingConfIndex=13297 appliedIndex=13291
2026/04/23 20:34:36.247218 peer_msg_handler.go:405: [info] [region 1] 6 propose admin cmd type=ChangePeer
2026/04/23 20:34:36.247341 peer_msg_handler.go:434: [info] [region 1] 6 propose conf change peer:<id:8 store_id:2 > 
2026/04/23 20:34:36.247364 peer_msg_handler.go:438: [info] [region 1] 6 REJECT conf change (pending): pendingConfIndex=13297 appliedIndex=13291
2026/04/23 20:34:36.347243 peer_msg_handler.go:405: [info] [region 1] 6 propose admin cmd type=ChangePeer
2026/04/23 20:34:36.347321 peer_msg_handler.go:434: [info] [region 1] 6 propose conf change peer:<id:8 store_id:2 > 
2026/04/23 20:34:36.347344 peer_msg_handler.go:438: [info] [region 1] 6 REJECT conf change (pending): pendingConfIndex=13297 appliedIndex=13291
2026/04/23 20:34:36.447217 peer_msg_handler.go:405: [info] [region 1] 6 propose admin cmd type=ChangePeer
2026/04/23 20:34:36.447354 peer_msg_handler.go:434: [info] [region 1] 6 propose conf change peer:<id:8 store_id:2 > 
2026/04/23 20:34:36.447387 peer_msg_handler.go:438: [info] [region 1] 6 REJECT conf change (pending): pendingConfIndex=13297 appliedIndex=13291
2026/04/23 20:34:36.547209 peer_msg_handler.go:405: [info] [region 1] 6 propose admin cmd type=ChangePeer
2026/04/23 20:34:36.547283 peer_msg_handler.go:434: [info] [region 1] 6 propose conf change peer:<id:8 store_id:2 > 
2026/04/23 20:34:36.547307 peer_msg_handler.go:438: [info] [region 1] 6 REJECT conf change (pending): pendingConfIndex=13297 appliedIndex=13291
2026/04/23 20:34:36.647222 peer_msg_handler.go:405: [info] [region 1] 6 propose admin cmd type=ChangePeer
2026/04/23 20:34:36.647299 peer_msg_handler.go:434: [info] [region 1] 6 propose conf change peer:<id:8 store_id:2 > 
2026/04/23 20:34:36.647322 peer_msg_handler.go:438: [info] [region 1] 6 REJECT conf change (pending): pendingConfIndex=13297 appliedIndex=13291
2026/04/23 20:34:36.746729 peer_msg_handler.go:405: [info] [region 1] 6 propose admin cmd type=ChangePeer
2026/04/23 20:34:36.746787 peer_msg_handler.go:434: [info] [region 1] 6 propose conf change peer:<id:8 store_id:2 > 
2026/04/23 20:34:36.746802 peer_msg_handler.go:438: [info] [region 1] 6 REJECT conf change (pending): pendingConfIndex=13297 appliedIndex=13291
2026/04/23 20:34:36.847273 peer_msg_handler.go:405: [info] [region 1] 6 propose admin cmd type=ChangePeer
2026/04/23 20:34:36.847361 peer_msg_handler.go:434: [info] [region 1] 6 propose conf change peer:<id:8 store_id:2 > 
2026/04/23 20:34:36.847392 peer_msg_handler.go:438: [info] [region 1] 6 REJECT conf change (pending): pendingConfIndex=13297 appliedIndex=13291
2026/04/23 20:34:36.947222 peer_msg_handler.go:405: [info] [region 1] 6 propose admin cmd type=ChangePeer
2026/04/23 20:34:36.947279 peer_msg_handler.go:434: [info] [region 1] 6 propose conf change peer:<id:8 store_id:2 > 
2026/04/23 20:34:36.947297 peer_msg_handler.go:438: [info] [region 1] 6 REJECT conf change (pending): pendingConfIndex=13297 appliedIndex=13291
2026/04/23 20:34:37.047214 peer_msg_handler.go:405: [info] [region 1] 6 propose admin cmd type=ChangePeer
2026/04/23 20:34:37.047315 peer_msg_handler.go:434: [info] [region 1] 6 propose conf change peer:<id:8 store_id:2 > 
2026/04/23 20:34:37.047346 peer_msg_handler.go:438: [info] [region 1] 6 REJECT conf change (pending): pendingConfIndex=13297 appliedIndex=13291
2026/04/23 20:34:37.147321 peer_msg_handler.go:405: [info] [region 1] 6 propose admin cmd type=ChangePeer
2026/04/23 20:34:37.147393 peer_msg_handler.go:434: [info] [region 1] 6 propose conf change peer:<id:8 store_id:2 > 
2026/04/23 20:34:37.147417 peer_msg_handler.go:438: [info] [region 1] 6 REJECT conf change (pending): pendingConfIndex=13297 appliedIndex=13291
2026/04/23 20:34:37.246819 peer_msg_handler.go:405: [info] [region 1] 6 propose admin cmd type=ChangePeer
2026/04/23 20:34:37.246880 peer_msg_handler.go:434: [info] [region 1] 6 propose conf change peer:<id:8 store_id:2 > 
2026/04/23 20:34:37.246887 peer_msg_handler.go:438: [info] [region 1] 6 REJECT conf change (pending): pendingConfIndex=13297 appliedIndex=13291
2026/04/23 20:34:37.346704 peer_msg_handler.go:405: [info] [region 1] 6 propose admin cmd type=ChangePeer
2026/04/23 20:34:37.346743 peer_msg_handler.go:434: [info] [region 1] 6 propose conf change peer:<id:8 store_id:2 > 
2026/04/23 20:34:37.346750 peer_msg_handler.go:438: [info] [region 1] 6 REJECT conf change (pending): pendingConfIndex=13297 appliedIndex=13291
2026/04/23 20:34:37.447206 peer_msg_handler.go:405: [info] [region 1] 6 propose admin cmd type=ChangePeer
2026/04/23 20:34:37.447318 peer_msg_handler.go:434: [info] [region 1] 6 propose conf change peer:<id:8 store_id:2 > 
2026/04/23 20:34:37.447337 peer_msg_handler.go:438: [info] [region 1] 6 REJECT conf change (pending): pendingConfIndex=13297 appliedIndex=13291
2026/04/23 20:34:37.546630 peer_msg_handler.go:405: [info] [region 1] 6 propose admin cmd type=ChangePeer
2026/04/23 20:34:37.546704 peer_msg_handler.go:434: [info] [region 1] 6 propose conf change peer:<id:8 store_id:2 > 
2026/04/23 20:34:37.546722 peer_msg_handler.go:438: [info] [region 1] 6 REJECT conf change (pending): pendingConfIndex=13297 appliedIndex=13291
2026/04/23 20:34:37.647310 peer_msg_handler.go:405: [info] [region 1] 6 propose admin cmd type=ChangePeer
2026/04/23 20:34:37.647395 peer_msg_handler.go:434: [info] [region 1] 6 propose conf change peer:<id:8 store_id:2 > 
2026/04/23 20:34:37.647412 peer_msg_handler.go:438: [info] [region 1] 6 REJECT conf change (pending): pendingConfIndex=13297 appliedIndex=13291
2026/04/23 20:34:37.746820 peer_msg_handler.go:405: [info] [region 1] 6 propose admin cmd type=ChangePeer
2026/04/23 20:34:37.746890 peer_msg_handler.go:434: [info] [region 1] 6 propose conf change peer:<id:8 store_id:2 > 
2026/04/23 20:34:37.746906 peer_msg_handler.go:438: [info] [region 1] 6 REJECT conf change (pending): pendingConfIndex=13297 appliedIndex=13291
2026/04/23 20:34:37.847259 peer_msg_handler.go:405: [info] [region 1] 6 propose admin cmd type=ChangePeer
2026/04/23 20:34:37.847339 peer_msg_handler.go:434: [info] [region 1] 6 propose conf change peer:<id:8 store_id:2 > 
2026/04/23 20:34:37.847363 peer_msg_handler.go:438: [info] [region 1] 6 REJECT conf change (pending): pendingConfIndex=13297 appliedIndex=13291
2026/04/23 20:34:37.947485 peer_msg_handler.go:405: [info] [region 1] 6 propose admin cmd type=ChangePeer
2026/04/23 20:34:37.947548 peer_msg_handler.go:434: [info] [region 1] 6 propose conf change peer:<id:8 store_id:2 > 
2026/04/23 20:34:37.947564 peer_msg_handler.go:438: [info] [region 1] 6 REJECT conf change (pending): pendingConfIndex=13297 appliedIndex=13291
2026/04/23 20:34:38.047185 peer_msg_handler.go:405: [info] [region 1] 6 propose admin cmd type=ChangePeer
2026/04/23 20:34:38.047277 peer_msg_handler.go:434: [info] [region 1] 6 propose conf change peer:<id:8 store_id:2 > 
2026/04/23 20:34:38.047342 peer_msg_handler.go:438: [info] [region 1] 6 REJECT conf change (pending): pendingConfIndex=13297 appliedIndex=13291
2026/04/23 20:34:38.147265 peer_msg_handler.go:405: [info] [region 1] 6 propose admin cmd type=ChangePeer
2026/04/23 20:34:38.147349 peer_msg_handler.go:434: [info] [region 1] 6 propose conf change peer:<id:8 store_id:2 > 
2026/04/23 20:34:38.147364 peer_msg_handler.go:438: [info] [region 1] 6 REJECT conf change (pending): pendingConfIndex=13297 appliedIndex=13291
2026/04/23 20:34:38.246787 peer_msg_handler.go:405: [info] [region 1] 6 propose admin cmd type=ChangePeer
2026/04/23 20:34:38.246866 peer_msg_handler.go:434: [info] [region 1] 6 propose conf change peer:<id:8 store_id:2 > 
2026/04/23 20:34:38.246878 peer_msg_handler.go:438: [info] [region 1] 6 REJECT conf change (pending): pendingConfIndex=13297 appliedIndex=13291
2026/04/23 20:34:38.347302 peer_msg_handler.go:405: [info] [region 1] 6 propose admin cmd type=ChangePeer
2026/04/23 20:34:38.347396 peer_msg_handler.go:434: [info] [region 1] 6 propose conf change peer:<id:8 store_id:2 > 
2026/04/23 20:34:38.347420 peer_msg_handler.go:438: [info] [region 1] 6 REJECT conf change (pending): pendingConfIndex=13297 appliedIndex=13291
2026/04/23 20:34:38.447242 peer_msg_handler.go:405: [info] [region 1] 6 propose admin cmd type=ChangePeer
2026/04/23 20:34:38.447319 peer_msg_handler.go:434: [info] [region 1] 6 propose conf change peer:<id:8 store_id:2 > 
2026/04/23 20:34:38.447341 peer_msg_handler.go:438: [info] [region 1] 6 REJECT conf change (pending): pendingConfIndex=13297 appliedIndex=13291
2026/04/23 20:34:38.547229 peer_msg_handler.go:405: [info] [region 1] 6 propose admin cmd type=ChangePeer
2026/04/23 20:34:38.547325 peer_msg_handler.go:434: [info] [region 1] 6 propose conf change peer:<id:8 store_id:2 > 
2026/04/23 20:34:38.547355 peer_msg_handler.go:438: [info] [region 1] 6 REJECT conf change (pending): pendingConfIndex=13297 appliedIndex=13291
2026/04/23 20:34:38.647318 peer_msg_handler.go:405: [info] [region 1] 6 propose admin cmd type=ChangePeer
2026/04/23 20:34:38.647399 peer_msg_handler.go:434: [info] [region 1] 6 propose conf change peer:<id:8 store_id:2 > 
2026/04/23 20:34:38.647421 peer_msg_handler.go:438: [info] [region 1] 6 REJECT conf change (pending): pendingConfIndex=13297 appliedIndex=13291
2026/04/23 20:34:38.746742 peer_msg_handler.go:405: [info] [region 1] 6 propose admin cmd type=ChangePeer
2026/04/23 20:34:38.746799 peer_msg_handler.go:434: [info] [region 1] 6 propose conf change peer:<id:8 store_id:2 > 
2026/04/23 20:34:38.746814 peer_msg_handler.go:438: [info] [region 1] 6 REJECT conf change (pending): pendingConfIndex=13297 appliedIndex=13291
2026/04/23 20:34:38.847308 peer_msg_handler.go:405: [info] [region 1] 6 propose admin cmd type=ChangePeer
2026/04/23 20:34:38.847390 peer_msg_handler.go:434: [info] [region 1] 6 propose conf change peer:<id:8 store_id:2 > 
2026/04/23 20:34:38.847412 peer_msg_handler.go:438: [info] [region 1] 6 REJECT conf change (pending): pendingConfIndex=13297 appliedIndex=13291
2026/04/23 20:34:38.947243 peer_msg_handler.go:405: [info] [region 1] 6 propose admin cmd type=ChangePeer
2026/04/23 20:34:38.947316 peer_msg_handler.go:434: [info] [region 1] 6 propose conf change peer:<id:8 store_id:2 > 
2026/04/23 20:34:38.947338 peer_msg_handler.go:438: [info] [region 1] 6 REJECT conf change (pending): pendingConfIndex=13297 appliedIndex=13291
2026/04/23 20:34:39.047177 peer_msg_handler.go:405: [info] [region 1] 6 propose admin cmd type=ChangePeer
2026/04/23 20:34:39.047258 peer_msg_handler.go:434: [info] [region 1] 6 propose conf change peer:<id:8 store_id:2 > 
2026/04/23 20:34:39.047281 peer_msg_handler.go:438: [info] [region 1] 6 REJECT conf change (pending): pendingConfIndex=13297 appliedIndex=13291
2026/04/23 20:34:39.147237 peer_msg_handler.go:405: [info] [region 1] 6 propose admin cmd type=ChangePeer
2026/04/23 20:34:39.147301 peer_msg_handler.go:434: [info] [region 1] 6 propose conf change peer:<id:8 store_id:2 > 
2026/04/23 20:34:39.147321 peer_msg_handler.go:438: [info] [region 1] 6 REJECT conf change (pending): pendingConfIndex=13297 appliedIndex=13291
2026/04/23 20:34:39.247210 peer_msg_handler.go:405: [info] [region 1] 6 propose admin cmd type=ChangePeer
2026/04/23 20:34:39.247294 peer_msg_handler.go:434: [info] [region 1] 6 propose conf change peer:<id:8 store_id:2 > 
2026/04/23 20:34:39.247310 peer_msg_handler.go:438: [info] [region 1] 6 REJECT conf change (pending): pendingConfIndex=13297 appliedIndex=13291
2026/04/23 20:34:39.346664 peer_msg_handler.go:405: [info] [region 1] 6 propose admin cmd type=ChangePeer
2026/04/23 20:34:39.346740 peer_msg_handler.go:434: [info] [region 1] 6 propose conf change peer:<id:8 store_id:2 > 
2026/04/23 20:34:39.346758 peer_msg_handler.go:438: [info] [region 1] 6 REJECT conf change (pending): pendingConfIndex=13297 appliedIndex=13291
2026/04/23 20:34:39.447160 peer_msg_handler.go:405: [info] [region 1] 6 propose admin cmd type=ChangePeer
2026/04/23 20:34:39.447225 peer_msg_handler.go:434: [info] [region 1] 6 propose conf change peer:<id:8 store_id:2 > 
2026/04/23 20:34:39.447246 peer_msg_handler.go:438: [info] [region 1] 6 REJECT conf change (pending): pendingConfIndex=13297 appliedIndex=13291
2026/04/23 20:34:39.547188 peer_msg_handler.go:405: [info] [region 1] 6 propose admin cmd type=ChangePeer
2026/04/23 20:34:39.547254 peer_msg_handler.go:434: [info] [region 1] 6 propose conf change peer:<id:8 store_id:2 > 
2026/04/23 20:34:39.547277 peer_msg_handler.go:438: [info] [region 1] 6 REJECT conf change (pending): pendingConfIndex=13297 appliedIndex=13291
2026/04/23 20:34:39.647154 peer_msg_handler.go:405: [info] [region 1] 6 propose admin cmd type=ChangePeer
2026/04/23 20:34:39.647198 peer_msg_handler.go:434: [info] [region 1] 6 propose conf change peer:<id:8 store_id:2 > 
2026/04/23 20:34:39.647216 peer_msg_handler.go:438: [info] [region 1] 6 REJECT conf change (pending): pendingConfIndex=13297 appliedIndex=13291
2026/04/23 20:34:39.746775 peer_msg_handler.go:405: [info] [region 1] 6 propose admin cmd type=ChangePeer
2026/04/23 20:34:39.746900 peer_msg_handler.go:434: [info] [region 1] 6 propose conf change peer:<id:8 store_id:2 > 
2026/04/23 20:34:39.747017 peer_msg_handler.go:438: [info] [region 1] 6 REJECT conf change (pending): pendingConfIndex=13297 appliedIndex=13291
2026/04/23 20:34:39.852701 peer_msg_handler.go:405: [info] [region 1] 6 propose admin cmd type=ChangePeer
2026/04/23 20:34:39.852786 peer_msg_handler.go:434: [info] [region 1] 6 propose conf change peer:<id:8 store_id:2 > 
2026/04/23 20:34:39.852806 peer_msg_handler.go:438: [info] [region 1] 6 REJECT conf change (pending): pendingConfIndex=13297 appliedIndex=13291
2026/04/23 20:34:39.947235 peer_msg_handler.go:405: [info] [region 1] 6 propose admin cmd type=ChangePeer
2026/04/23 20:34:39.947315 peer_msg_handler.go:434: [info] [region 1] 6 propose conf change peer:<id:8 store_id:2 > 
2026/04/23 20:34:39.947343 peer_msg_handler.go:438: [info] [region 1] 6 REJECT conf change (pending): pendingConfIndex=13297 appliedIndex=13291
2026/04/23 20:34:40.047350 peer_msg_handler.go:405: [info] [region 1] 6 propose admin cmd type=ChangePeer
2026/04/23 20:34:40.047463 peer_msg_handler.go:434: [info] [region 1] 6 propose conf change peer:<id:8 store_id:2 > 
2026/04/23 20:34:40.047481 peer_msg_handler.go:438: [info] [region 1] 6 REJECT conf change (pending): pendingConfIndex=13297 appliedIndex=13291
2026/04/23 20:34:40.147216 peer_msg_handler.go:405: [info] [region 1] 6 propose admin cmd type=ChangePeer
2026/04/23 20:34:40.147303 peer_msg_handler.go:434: [info] [region 1] 6 propose conf change peer:<id:8 store_id:2 > 
2026/04/23 20:34:40.147327 peer_msg_handler.go:438: [info] [region 1] 6 REJECT conf change (pending): pendingConfIndex=13297 appliedIndex=13291
2026/04/23 20:34:40.247273 peer_msg_handler.go:405: [info] [region 1] 6 propose admin cmd type=ChangePeer
2026/04/23 20:34:40.247337 peer_msg_handler.go:434: [info] [region 1] 6 propose conf change peer:<id:8 store_id:2 > 
2026/04/23 20:34:40.247368 peer_msg_handler.go:438: [info] [region 1] 6 REJECT conf change (pending): pendingConfIndex=13297 appliedIndex=13291
2026/04/23 20:34:40.347232 peer_msg_handler.go:405: [info] [region 1] 6 propose admin cmd type=ChangePeer
2026/04/23 20:34:40.347320 peer_msg_handler.go:434: [info] [region 1] 6 propose conf change peer:<id:8 store_id:2 > 
2026/04/23 20:34:40.347342 peer_msg_handler.go:438: [info] [region 1] 6 REJECT conf change (pending): pendingConfIndex=13297 appliedIndex=13291
2026/04/23 20:34:40.447423 peer_msg_handler.go:405: [info] [region 1] 6 propose admin cmd type=ChangePeer
2026/04/23 20:34:40.447492 peer_msg_handler.go:434: [info] [region 1] 6 propose conf change peer:<id:8 store_id:2 > 
2026/04/23 20:34:40.447510 peer_msg_handler.go:438: [info] [region 1] 6 REJECT conf change (pending): pendingConfIndex=13297 appliedIndex=13291
2026/04/23 20:34:40.547252 peer_msg_handler.go:405: [info] [region 1] 6 propose admin cmd type=ChangePeer
2026/04/23 20:34:40.547332 peer_msg_handler.go:434: [info] [region 1] 6 propose conf change peer:<id:8 store_id:2 > 
2026/04/23 20:34:40.547354 peer_msg_handler.go:438: [info] [region 1] 6 REJECT conf change (pending): pendingConfIndex=13297 appliedIndex=13291
2026/04/23 20:34:40.647229 peer_msg_handler.go:405: [info] [region 1] 6 propose admin cmd type=ChangePeer
2026/04/23 20:34:40.647304 peer_msg_handler.go:434: [info] [region 1] 6 propose conf change peer:<id:8 store_id:2 > 
2026/04/23 20:34:40.647328 peer_msg_handler.go:438: [info] [region 1] 6 REJECT conf change (pending): pendingConfIndex=13297 appliedIndex=13291
2026/04/23 20:34:40.746747 peer_msg_handler.go:405: [info] [region 1] 6 propose admin cmd type=ChangePeer
2026/04/23 20:34:40.746819 peer_msg_handler.go:434: [info] [region 1] 6 propose conf change peer:<id:8 store_id:2 > 
2026/04/23 20:34:40.746834 peer_msg_handler.go:438: [info] [region 1] 6 REJECT conf change (pending): pendingConfIndex=13297 appliedIndex=13291
2026/04/23 20:34:40.847251 peer_msg_handler.go:405: [info] [region 1] 6 propose admin cmd type=ChangePeer
2026/04/23 20:34:40.847325 peer_msg_handler.go:434: [info] [region 1] 6 propose conf change peer:<id:8 store_id:2 > 
2026/04/23 20:34:40.847349 peer_msg_handler.go:438: [info] [region 1] 6 REJECT conf change (pending): pendingConfIndex=13297 appliedIndex=13291
2026/04/23 20:34:40.947185 peer_msg_handler.go:405: [info] [region 1] 6 propose admin cmd type=ChangePeer
2026/04/23 20:34:40.947269 peer_msg_handler.go:434: [info] [region 1] 6 propose conf change peer:<id:8 store_id:2 > 
2026/04/23 20:34:40.947295 peer_msg_handler.go:438: [info] [region 1] 6 REJECT conf change (pending): pendingConfIndex=13297 appliedIndex=13291
2026/04/23 20:34:41.047143 peer_msg_handler.go:405: [info] [region 1] 6 propose admin cmd type=ChangePeer
2026/04/23 20:34:41.047165 peer_msg_handler.go:434: [info] [region 1] 6 propose conf change peer:<id:8 store_id:2 > 
2026/04/23 20:34:41.047169 peer_msg_handler.go:438: [info] [region 1] 6 REJECT conf change (pending): pendingConfIndex=13297 appliedIndex=13291
2026/04/23 20:34:41.147333 peer_msg_handler.go:405: [info] [region 1] 6 propose admin cmd type=ChangePeer
2026/04/23 20:34:41.147423 peer_msg_handler.go:434: [info] [region 1] 6 propose conf change peer:<id:8 store_id:2 > 
2026/04/23 20:34:41.147443 peer_msg_handler.go:438: [info] [region 1] 6 REJECT conf change (pending): pendingConfIndex=13297 appliedIndex=13291
2026/04/23 20:34:41.246997 peer_msg_handler.go:405: [info] [region 1] 6 propose admin cmd type=ChangePeer
2026/04/23 20:34:41.247078 peer_msg_handler.go:434: [info] [region 1] 6 propose conf change peer:<id:8 store_id:2 > 
2026/04/23 20:34:41.247096 peer_msg_handler.go:438: [info] [region 1] 6 REJECT conf change (pending): pendingConfIndex=13297 appliedIndex=13291
2026/04/23 20:34:41.347331 peer_msg_handler.go:405: [info] [region 1] 6 propose admin cmd type=ChangePeer
2026/04/23 20:34:41.347405 peer_msg_handler.go:434: [info] [region 1] 6 propose conf change peer:<id:8 store_id:2 > 
2026/04/23 20:34:41.347423 peer_msg_handler.go:438: [info] [region 1] 6 REJECT conf change (pending): pendingConfIndex=13297 appliedIndex=13291
2026/04/23 20:34:41.447276 peer_msg_handler.go:405: [info] [region 1] 6 propose admin cmd type=ChangePeer
2026/04/23 20:34:41.447340 peer_msg_handler.go:434: [info] [region 1] 6 propose conf change peer:<id:8 store_id:2 > 
2026/04/23 20:34:41.447363 peer_msg_handler.go:438: [info] [region 1] 6 REJECT conf change (pending): pendingConfIndex=13297 appliedIndex=13291
panic: request timeout

goroutine 323 [running]:
github.com/pingcap-incubator/tinykv/kv/test_raftstore.(*Cluster).Request(0x140002f6060, {0x1422767b540, 0xa, 0x10}, {0x14225188c08, 0x1, 0x1}, 0x12a05f200)
	/Users/ethan/Documents/Projects/tinykv/kv/test_raftstore/cluster.go:204 +0x234
github.com/pingcap-incubator/tinykv/kv/test_raftstore.(*Cluster).Scan(0x140002f6060, {0x1422767b540, 0xa, 0x10}, {0x141a04f3d48, 0xa, 0x20})
	/Users/ethan/Documents/Projects/tinykv/kv/test_raftstore/cluster.go:366 +0x1a0
github.com/pingcap-incubator/tinykv/kv/test_raftstore.GenericTest.func1(0x0, 0x0?)
	/Users/ethan/Documents/Projects/tinykv/kv/test_raftstore/test_test.go:218 +0x38c
github.com/pingcap-incubator/tinykv/kv/test_raftstore.runClient(0x0?, 0x0?, 0x0?, 0x0?)
	/Users/ethan/Documents/Projects/tinykv/kv/test_raftstore/test_test.go:27 +0x64
created by github.com/pingcap-incubator/tinykv/kv/test_raftstore.SpawnClientsAndWait in goroutine 322
	/Users/ethan/Documents/Projects/tinykv/kv/test_raftstore/test_test.go:37 +0xa0
FAIL	github.com/pingcap-incubator/tinykv/kv/test_raftstore	55.118s
FAIL
